Archive member included to satisfy reference by file (symbol)

c:/st/stm32cubeide_1.3.0/stm32cubeide/plugins/com.st.stm32cube.ide.mcu.externaltools.gnu-tools-for-stm32.7-2018-q2-update.win32_1.0.0.201904181610/tools/bin/../lib/gcc/arm-none-eabi/7.3.1/../../../../arm-none-eabi/lib/thumb/v7e-m/fpv4-sp/hard\libc_nano.a(lib_a-errno.o)
                              Core/Src/syscalls.o (__errno)
c:/st/stm32cubeide_1.3.0/stm32cubeide/plugins/com.st.stm32cube.ide.mcu.externaltools.gnu-tools-for-stm32.7-2018-q2-update.win32_1.0.0.201904181610/tools/bin/../lib/gcc/arm-none-eabi/7.3.1/../../../../arm-none-eabi/lib/thumb/v7e-m/fpv4-sp/hard\libc_nano.a(lib_a-exit.o)
                              c:/st/stm32cubeide_1.3.0/stm32cubeide/plugins/com.st.stm32cube.ide.mcu.externaltools.gnu-tools-for-stm32.7-2018-q2-update.win32_1.0.0.201904181610/tools/bin/../lib/gcc/arm-none-eabi/7.3.1/../../../../arm-none-eabi/lib/thumb/v7e-m/fpv4-sp/hard/crt0.o (exit)
c:/st/stm32cubeide_1.3.0/stm32cubeide/plugins/com.st.stm32cube.ide.mcu.externaltools.gnu-tools-for-stm32.7-2018-q2-update.win32_1.0.0.201904181610/tools/bin/../lib/gcc/arm-none-eabi/7.3.1/../../../../arm-none-eabi/lib/thumb/v7e-m/fpv4-sp/hard\libc_nano.a(lib_a-impure.o)
                              c:/st/stm32cubeide_1.3.0/stm32cubeide/plugins/com.st.stm32cube.ide.mcu.externaltools.gnu-tools-for-stm32.7-2018-q2-update.win32_1.0.0.201904181610/tools/bin/../lib/gcc/arm-none-eabi/7.3.1/../../../../arm-none-eabi/lib/thumb/v7e-m/fpv4-sp/hard\libc_nano.a(lib_a-exit.o) (_global_impure_ptr)
c:/st/stm32cubeide_1.3.0/stm32cubeide/plugins/com.st.stm32cube.ide.mcu.externaltools.gnu-tools-for-stm32.7-2018-q2-update.win32_1.0.0.201904181610/tools/bin/../lib/gcc/arm-none-eabi/7.3.1/../../../../arm-none-eabi/lib/thumb/v7e-m/fpv4-sp/hard\libc_nano.a(lib_a-init.o)
                              c:/st/stm32cubeide_1.3.0/stm32cubeide/plugins/com.st.stm32cube.ide.mcu.externaltools.gnu-tools-for-stm32.7-2018-q2-update.win32_1.0.0.201904181610/tools/bin/../lib/gcc/arm-none-eabi/7.3.1/../../../../arm-none-eabi/lib/thumb/v7e-m/fpv4-sp/hard/crt0.o (__libc_init_array)
c:/st/stm32cubeide_1.3.0/stm32cubeide/plugins/com.st.stm32cube.ide.mcu.externaltools.gnu-tools-for-stm32.7-2018-q2-update.win32_1.0.0.201904181610/tools/bin/../lib/gcc/arm-none-eabi/7.3.1/../../../../arm-none-eabi/lib/thumb/v7e-m/fpv4-sp/hard\libc_nano.a(lib_a-memcpy-stub.o)
                              Middlewares/Third_Party/FreeRTOS/Source/CMSIS_RTOS_V2/cmsis_os2.o (memcpy)
c:/st/stm32cubeide_1.3.0/stm32cubeide/plugins/com.st.stm32cube.ide.mcu.externaltools.gnu-tools-for-stm32.7-2018-q2-update.win32_1.0.0.201904181610/tools/bin/../lib/gcc/arm-none-eabi/7.3.1/../../../../arm-none-eabi/lib/thumb/v7e-m/fpv4-sp/hard\libc_nano.a(lib_a-memset.o)
                              c:/st/stm32cubeide_1.3.0/stm32cubeide/plugins/com.st.stm32cube.ide.mcu.externaltools.gnu-tools-for-stm32.7-2018-q2-update.win32_1.0.0.201904181610/tools/bin/../lib/gcc/arm-none-eabi/7.3.1/../../../../arm-none-eabi/lib/thumb/v7e-m/fpv4-sp/hard/crt0.o (memset)
c:/st/stm32cubeide_1.3.0/stm32cubeide/plugins/com.st.stm32cube.ide.mcu.externaltools.gnu-tools-for-stm32.7-2018-q2-update.win32_1.0.0.201904181610/tools/bin/../lib/gcc/arm-none-eabi/7.3.1/thumb/v7e-m/fpv4-sp/hard\libgcc.a(_aeabi_uldivmod.o)
                              Drivers/STM32F4xx_HAL_Driver/Src/stm32f4xx_hal_rcc.o (__aeabi_uldivmod)
c:/st/stm32cubeide_1.3.0/stm32cubeide/plugins/com.st.stm32cube.ide.mcu.externaltools.gnu-tools-for-stm32.7-2018-q2-update.win32_1.0.0.201904181610/tools/bin/../lib/gcc/arm-none-eabi/7.3.1/thumb/v7e-m/fpv4-sp/hard\libgcc.a(_udivmoddi4.o)
                              c:/st/stm32cubeide_1.3.0/stm32cubeide/plugins/com.st.stm32cube.ide.mcu.externaltools.gnu-tools-for-stm32.7-2018-q2-update.win32_1.0.0.201904181610/tools/bin/../lib/gcc/arm-none-eabi/7.3.1/thumb/v7e-m/fpv4-sp/hard\libgcc.a(_aeabi_uldivmod.o) (__udivmoddi4)
c:/st/stm32cubeide_1.3.0/stm32cubeide/plugins/com.st.stm32cube.ide.mcu.externaltools.gnu-tools-for-stm32.7-2018-q2-update.win32_1.0.0.201904181610/tools/bin/../lib/gcc/arm-none-eabi/7.3.1/thumb/v7e-m/fpv4-sp/hard\libgcc.a(_dvmd_tls.o)
                              c:/st/stm32cubeide_1.3.0/stm32cubeide/plugins/com.st.stm32cube.ide.mcu.externaltools.gnu-tools-for-stm32.7-2018-q2-update.win32_1.0.0.201904181610/tools/bin/../lib/gcc/arm-none-eabi/7.3.1/thumb/v7e-m/fpv4-sp/hard\libgcc.a(_aeabi_uldivmod.o) (__aeabi_ldiv0)

Allocating common symbols
Common symbol       size              file

mainTaskHandle      0x4               Core/Src/freertos.o
hi2c3               0x54              Core/Src/i2c.o
hspi5               0x58              Core/Src/spi.o
LtdcHandler         0xa8              Drivers/BSP/STM32F429I-Discovery/stm32f429i_discovery_lcd.o
buff                0x1bd08           Core/Src/paintInterface.o
uwTick              0x4               Drivers/STM32F4xx_HAL_Driver/Src/stm32f4xx_hal.o
[...]
Memory Configuration

Name             Origin             Length             Attributes
CCMRAM           0x0000000010000000 0x0000000000010000 xrw
RAM              0x0000000020000000 0x0000000000030000 xrw
FLASH            0x0000000008000000 0x0000000000200000 xr
*default*        0x0000000000000000 0xffffffffffffffff

Linker script and memory map

LOAD c:/st/stm32cubeide_1.3.0/stm32cubeide/plugins/com.st.stm32cube.ide.mcu.externaltools.gnu-tools-for-stm32.7-2018-q2-update.win32_1.0.0.201904181610/tools/bin/../lib/gcc/arm-none-eabi/7.3.1/thumb/v7e-m/fpv4-sp/hard/crti.o
LOAD c:/st/stm32cubeide_1.3.0/stm32cubeide/plugins/com.st.stm32cube.ide.mcu.externaltools.gnu-tools-for-stm32.7-2018-q2-update.win32_1.0.0.201904181610/tools/bin/../lib/gcc/arm-none-eabi/7.3.1/thumb/v7e-m/fpv4-sp/hard/crtbegin.o
LOAD c:/st/stm32cubeide_1.3.0/stm32cubeide/plugins/com.st.stm32cube.ide.mcu.externaltools.gnu-tools-for-stm32.7-2018-q2-update.win32_1.0.0.201904181610/tools/bin/../lib/gcc/arm-none-eabi/7.3.1/../../../../arm-none-eabi/lib/thumb/v7e-m/fpv4-sp/hard/crt0.o
LOAD Core/Src/chooseCanvaInterface.o
LOAD Core/Src/dma2d.o
LOAD Core/Src/fmc.o
LOAD Core/Src/freertos.o
LOAD Core/Src/gpio.o
LOAD Core/Src/i2c.o
LOAD Core/Src/ltdc.o
LOAD Core/Src/main.o
LOAD Core/Src/paint.o
LOAD Core/Src/paintInterface.o
LOAD Core/Src/paintIntro.o
LOAD Core/Src/save.o
LOAD Core/Src/spi.o
LOAD Core/Src/stm32f4xx_hal_msp.o
LOAD Core/Src/stm32f4xx_hal_timebase_tim.o
LOAD Core/Src/stm32f4xx_it.o
LOAD Core/Src/syscalls.o
LOAD Core/Src/sysmem.o
LOAD Core/Src/system_stm32f4xx.o
LOAD Core/Src/usart.o
LOAD Core/Startup/startup_stm32f429zitx.o
LOAD Drivers/BSP/Components/cs43l22/cs43l22.o
LOAD Drivers/BSP/Components/exc7200/exc7200.o
LOAD Drivers/BSP/Components/ft6x06/ft6x06.o
LOAD Drivers/BSP/Components/ili9325/ili9325.o
LOAD Drivers/BSP/Components/ili9341/ili9341.o
LOAD Drivers/BSP/Components/l3gd20/l3gd20.o
LOAD Drivers/BSP/Components/lis302dl/lis302dl.o
LOAD Drivers/BSP/Components/lis3dsh/lis3dsh.o
LOAD Drivers/BSP/Components/ls016b8uy/ls016b8uy.o
LOAD Drivers/BSP/Components/lsm303dlhc/lsm303dlhc.o
LOAD Drivers/BSP/Components/mfxstm32l152/mfxstm32l152.o
LOAD Drivers/BSP/Components/otm8009a/otm8009a.o
LOAD Drivers/BSP/Components/ov2640/ov2640.o
LOAD Drivers/BSP/Components/s5k5cag/s5k5cag.o
LOAD Drivers/BSP/Components/st7735/st7735.o
LOAD Drivers/BSP/Components/st7789h2/st7789h2.o
LOAD Drivers/BSP/Components/stmpe1600/stmpe1600.o
LOAD Drivers/BSP/Components/stmpe811/stmpe811.o
LOAD Drivers/BSP/Components/ts3510/ts3510.o
LOAD Drivers/BSP/Components/wm8994/wm8994.o
LOAD Drivers/BSP/STM32F429I-Discovery/stm32f429i_discovery.o
LOAD Drivers/BSP/STM32F429I-Discovery/stm32f429i_discovery_eeprom.o
LOAD Drivers/BSP/STM32F429I-Discovery/stm32f429i_discovery_gyroscope.o
LOAD Drivers/BSP/STM32F429I-Discovery/stm32f429i_discovery_io.o
LOAD Drivers/BSP/STM32F429I-Discovery/stm32f429i_discovery_lcd.o
LOAD Drivers/BSP/STM32F429I-Discovery/stm32f429i_discovery_sdram.o
LOAD Drivers/BSP/STM32F429I-Discovery/stm32f429i_discovery_ts.o
LOAD Drivers/STM32F4xx_HAL_Driver/Src/stm32f4xx_hal.o
LOAD Drivers/STM32F4xx_HAL_Driver/Src/stm32f4xx_hal_cortex.o
LOAD Drivers/STM32F4xx_HAL_Driver/Src/stm32f4xx_hal_dma.o
LOAD Drivers/STM32F4xx_HAL_Driver/Src/stm32f4xx_hal_dma2d.o
LOAD Drivers/STM32F4xx_HAL_Driver/Src/stm32f4xx_hal_dma_ex.o
LOAD Drivers/STM32F4xx_HAL_Driver/Src/stm32f4xx_hal_dsi.o
LOAD Drivers/STM32F4xx_HAL_Driver/Src/stm32f4xx_hal_exti.o
LOAD Drivers/STM32F4xx_HAL_Driver/Src/stm32f4xx_hal_flash.o
LOAD Drivers/STM32F4xx_HAL_Driver/Src/stm32f4xx_hal_flash_ex.o
LOAD Drivers/STM32F4xx_HAL_Driver/Src/stm32f4xx_hal_flash_ramfunc.o
LOAD Drivers/STM32F4xx_HAL_Driver/Src/stm32f4xx_hal_gpio.o
LOAD Drivers/STM32F4xx_HAL_Driver/Src/stm32f4xx_hal_i2c.o
LOAD Drivers/STM32F4xx_HAL_Driver/Src/stm32f4xx_hal_i2c_ex.o
LOAD Drivers/STM32F4xx_HAL_Driver/Src/stm32f4xx_hal_ltdc.o
LOAD Drivers/STM32F4xx_HAL_Driver/Src/stm32f4xx_hal_ltdc_ex.o
LOAD Drivers/STM32F4xx_HAL_Driver/Src/stm32f4xx_hal_pwr.o
LOAD Drivers/STM32F4xx_HAL_Driver/Src/stm32f4xx_hal_pwr_ex.o
LOAD Drivers/STM32F4xx_HAL_Driver/Src/stm32f4xx_hal_rcc.o
LOAD Drivers/STM32F4xx_HAL_Driver/Src/stm32f4xx_hal_rcc_ex.o
LOAD Drivers/STM32F4xx_HAL_Driver/Src/stm32f4xx_hal_sdram.o
LOAD Drivers/STM32F4xx_HAL_Driver/Src/stm32f4xx_hal_spi.o
LOAD Drivers/STM32F4xx_HAL_Driver/Src/stm32f4xx_hal_tim.o
LOAD Drivers/STM32F4xx_HAL_Driver/Src/stm32f4xx_hal_tim_ex.o
LOAD Drivers/STM32F4xx_HAL_Driver/Src/stm32f4xx_hal_uart.o
LOAD Drivers/STM32F4xx_HAL_Driver/Src/stm32f4xx_ll_fmc.o
LOAD Middlewares/Third_Party/FreeRTOS/Source/CMSIS_RTOS_V2/cmsis_os2.o
LOAD Middlewares/Third_Party/FreeRTOS/Source/croutine.o
LOAD Middlewares/Third_Party/FreeRTOS/Source/event_groups.o
LOAD Middlewares/Third_Party/FreeRTOS/Source/list.o
LOAD Middlewares/Third_Party/FreeRTOS/Source/queue.o
LOAD Middlewares/Third_Party/FreeRTOS/Source/stream_buffer.o
LOAD Middlewares/Third_Party/FreeRTOS/Source/tasks.o
LOAD Middlewares/Third_Party/FreeRTOS/Source/timers.o
LOAD Middlewares/Third_Party/FreeRTOS/Source/portable/GCC/ARM_CM4F/port.o
LOAD Middlewares/Third_Party/FreeRTOS/Source/portable/MemMang/heap_4.o
START GROUP
LOAD c:/st/stm32cubeide_1.3.0/stm32cubeide/plugins/com.st.stm32cube.ide.mcu.externaltools.gnu-tools-for-stm32.7-2018-q2-update.win32_1.0.0.201904181610/tools/bin/../lib/gcc/arm-none-eabi/7.3.1/../../../../arm-none-eabi/lib/thumb/v7e-m/fpv4-sp/hard\libc_nano.a
LOAD c:/st/stm32cubeide_1.3.0/stm32cubeide/plugins/com.st.stm32cube.ide.mcu.externaltools.gnu-tools-for-stm32.7-2018-q2-update.win32_1.0.0.201904181610/tools/bin/../lib/gcc/arm-none-eabi/7.3.1/../../../../arm-none-eabi/lib/thumb/v7e-m/fpv4-sp/hard\libm.a
END GROUP
START GROUP
LOAD c:/st/stm32cubeide_1.3.0/stm32cubeide/plugins/com.st.stm32cube.ide.mcu.externaltools.gnu-tools-for-stm32.7-2018-q2-update.win32_1.0.0.201904181610/tools/bin/../lib/gcc/arm-none-eabi/7.3.1/thumb/v7e-m/fpv4-sp/hard\libgcc.a
LOAD c:/st/stm32cubeide_1.3.0/stm32cubeide/plugins/com.st.stm32cube.ide.mcu.externaltools.gnu-tools-for-stm32.7-2018-q2-update.win32_1.0.0.201904181610/tools/bin/../lib/gcc/arm-none-eabi/7.3.1/../../../../arm-none-eabi/lib/thumb/v7e-m/fpv4-sp/hard\libc_nano.a
END GROUP
START GROUP
LOAD c:/st/stm32cubeide_1.3.0/stm32cubeide/plugins/com.st.stm32cube.ide.mcu.externaltools.gnu-tools-for-stm32.7-2018-q2-update.win32_1.0.0.201904181610/tools/bin/../lib/gcc/arm-none-eabi/7.3.1/thumb/v7e-m/fpv4-sp/hard\libgcc.a
LOAD c:/st/stm32cubeide_1.3.0/stm32cubeide/plugins/com.st.stm32cube.ide.mcu.externaltools.gnu-tools-for-stm32.7-2018-q2-update.win32_1.0.0.201904181610/tools/bin/../lib/gcc/arm-none-eabi/7.3.1/../../../../arm-none-eabi/lib/thumb/v7e-m/fpv4-sp/hard\libc_nano.a
LOAD c:/st/stm32cubeide_1.3.0/stm32cubeide/plugins/com.st.stm32cube.ide.mcu.externaltools.gnu-tools-for-stm32.7-2018-q2-update.win32_1.0.0.201904181610/tools/bin/../lib/gcc/arm-none-eabi/7.3.1/../../../../arm-none-eabi/lib/thumb/v7e-m/fpv4-sp/hard\libnosys.a
END GROUP
START GROUP
LOAD c:/st/stm32cubeide_1.3.0/stm32cubeide/plugins/com.st.stm32cube.ide.mcu.externaltools.gnu-tools-for-stm32.7-2018-q2-update.win32_1.0.0.201904181610/tools/bin/../lib/gcc/arm-none-eabi/7.3.1/thumb/v7e-m/fpv4-sp/hard\libgcc.a
LOAD c:/st/stm32cubeide_1.3.0/stm32cubeide/plugins/com.st.stm32cube.ide.mcu.externaltools.gnu-tools-for-stm32.7-2018-q2-update.win32_1.0.0.201904181610/tools/bin/../lib/gcc/arm-none-eabi/7.3.1/../../../../arm-none-eabi/lib/thumb/v7e-m/fpv4-sp/hard\libc_nano.a
LOAD c:/st/stm32cubeide_1.3.0/stm32cubeide/plugins/com.st.stm32cube.ide.mcu.externaltools.gnu-tools-for-stm32.7-2018-q2-update.win32_1.0.0.201904181610/tools/bin/../lib/gcc/arm-none-eabi/7.3.1/../../../../arm-none-eabi/lib/thumb/v7e-m/fpv4-sp/hard\libnosys.a
END GROUP
LOAD c:/st/stm32cubeide_1.3.0/stm32cubeide/plugins/com.st.stm32cube.ide.mcu.externaltools.gnu-tools-for-stm32.7-2018-q2-update.win32_1.0.0.201904181610/tools/bin/../lib/gcc/arm-none-eabi/7.3.1/thumb/v7e-m/fpv4-sp/hard/crtend.o
LOAD c:/st/stm32cubeide_1.3.0/stm32cubeide/plugins/com.st.stm32cube.ide.mcu.externaltools.gnu-tools-for-stm32.7-2018-q2-update.win32_1.0.0.201904181610/tools/bin/../lib/gcc/arm-none-eabi/7.3.1/thumb/v7e-m/fpv4-sp/hard/crtn.o
                0x0000000020030000                _estack = (ORIGIN (RAM) + LENGTH (RAM))
                0x0000000000000200                _Min_Heap_Size = 0x200
                0x0000000000000400                _Min_Stack_Size = 0x400

.isr_vector     0x0000000008000000      0x1ac
                0x0000000008000000                . = ALIGN (0x4)
 *(.isr_vector)
 .isr_vector    0x0000000008000000      0x1ac Core/Startup/startup_stm32f429zitx.o
                0x0000000008000000                g_pfnVectors
                0x00000000080001ac                . = ALIGN (0x4)

.text           0x00000000080001b0     0xc094
                0x00000000080001b0                . = ALIGN (0x4)
 *(.text)
 .text          0x00000000080001b0       0x40 c:/st/stm32cubeide_1.3.0/stm32cubeide/plugins/com.st.stm32cube.ide.mcu.externaltools.gnu-tools-for-stm32.7-2018-q2-update.win32_1.0.0.201904181610/tools/bin/../lib/gcc/arm-none-eabi/7.3.1/thumb/v7e-m/fpv4-sp/hard/crtbegin.o
 .text          0x00000000080001f0       0x30 c:/st/stm32cubeide_1.3.0/stm32cubeide/plugins/com.st.stm32cube.ide.mcu.externaltools.gnu-tools-for-stm32.7-2018-q2-update.win32_1.0.0.201904181610/tools/bin/../lib/gcc/arm-none-eabi/7.3.1/thumb/v7e-m/fpv4-sp/hard\libgcc.a(_aeabi_uldivmod.o)
                0x00000000080001f0                __aeabi_uldivmod
 .text          0x0000000008000220      0x2cc c:/st/stm32cubeide_1.3.0/stm32cubeide/plugins/com.st.stm32cube.ide.mcu.externaltools.gnu-tools-for-stm32.7-2018-q2-update.win32_1.0.0.201904181610/tools/bin/../lib/gcc/arm-none-eabi/7.3.1/thumb/v7e-m/fpv4-sp/hard\libgcc.a(_udivmoddi4.o)
                0x0000000008000220                __udivmoddi4
 .text          0x00000000080004ec        0x4 c:/st/stm32cubeide_1.3.0/stm32cubeide/plugins/com.st.stm32cube.ide.mcu.externaltools.gnu-tools-for-stm32.7-2018-q2-update.win32_1.0.0.201904181610/tools/bin/../lib/gcc/arm-none-eabi/7.3.1/thumb/v7e-m/fpv4-sp/hard\libgcc.a(_dvmd_tls.o)
                0x00000000080004ec                __aeabi_idiv0
                0x00000000080004ec                __aeabi_ldiv0
 *(.text*)
 .text.showChooseCanvaInterface
                0x00000000080004f0       0x98 Core/Src/chooseCanvaInterface.o
                0x00000000080004f0                showChooseCanvaInterface
 .text.choose   0x0000000008000588       0x80 Core/Src/chooseCanvaInterface.o
                0x0000000008000588                choose
 .text.showInfoScreen
                0x0000000008000608       0xf8 Core/Src/chooseCanvaInterface.o
                0x0000000008000608                showInfoScreen
 .text.serviceInfoScreen
                0x0000000008000700       0x4c Core/Src/chooseCanvaInterface.o
                0x0000000008000700                serviceInfoScreen
 .text.MX_DMA2D_Init
                0x000000000800074c       0x3c Core/Src/dma2d.o
                0x000000000800074c                MX_DMA2D_Init
 .text.HAL_DMA2D_MspInit
                0x0000000008000788       0x44 Core/Src/dma2d.o
                0x0000000008000788                HAL_DMA2D_MspInit
 .text.MX_FMC_Init
                0x00000000080007cc       0xa0 Core/Src/fmc.o
                0x00000000080007cc                MX_FMC_Init
 .text.HAL_FMC_MspInit
                0x000000000800086c      0x124 Core/Src/fmc.o
 .text.HAL_SDRAM_MspInit
                0x0000000008000990       0x14 Core/Src/fmc.o
                0x0000000008000990                HAL_SDRAM_MspInit
 .text.MX_FREERTOS_Init
                0x00000000080009a4       0x40 Core/Src/freertos.o
                0x00000000080009a4                MX_FREERTOS_Init
 .text.mainTaskfunction
                0x00000000080009e4       0xd4 Core/Src/freertos.o
                0x00000000080009e4                mainTaskfunction
 .text.painterTaskFunction
                0x0000000008000ab8       0x3c Core/Src/freertos.o
                0x0000000008000ab8                painterTaskFunction
 .text.MX_GPIO_Init
                0x0000000008000af4      0x130 Core/Src/gpio.o
                0x0000000008000af4                MX_GPIO_Init
 .text.MX_I2C3_Init
                0x0000000008000c24       0x80 Core/Src/i2c.o
                0x0000000008000c24                MX_I2C3_Init
 .text.HAL_I2C_MspInit
                0x0000000008000ca4       0xd4 Core/Src/i2c.o
                0x0000000008000ca4                HAL_I2C_MspInit
 .text.HAL_I2C_MspDeInit
                0x0000000008000d78       0x4c Core/Src/i2c.o
                0x0000000008000d78                HAL_I2C_MspDeInit
 .text.MX_LTDC_Init
                0x0000000008000dc4      0x164 Core/Src/ltdc.o
                0x0000000008000dc4                MX_LTDC_Init
 .text.HAL_LTDC_MspInit
                0x0000000008000f28      0x21c Core/Src/ltdc.o
                0x0000000008000f28                HAL_LTDC_MspInit
 .text.main     0x0000000008001144       0x46 Core/Src/main.o
                0x0000000008001144                main
 *fill*         0x000000000800118a        0x2 
 .text.SystemClock_Config
                0x000000000800118c      0x114 Core/Src/main.o
                0x000000000800118c                SystemClock_Config
 .text.HAL_TIM_PeriodElapsedCallback
                0x00000000080012a0       0x24 Core/Src/main.o
                0x00000000080012a0                HAL_TIM_PeriodElapsedCallback
 .text.Error_Handler
                0x00000000080012c4        0xe Core/Src/main.o
                0x00000000080012c4                Error_Handler
 .text.configTS
                0x00000000080012d2       0x32 Core/Src/paint.o
                0x00000000080012d2                configTS
 .text.paintProcess
                0x0000000008001304      0x338 Core/Src/paintInterface.o
                0x0000000008001304                paintProcess
 .text.showPaintInterface
                0x000000000800163c      0x184 Core/Src/paintInterface.o
                0x000000000800163c                showPaintInterface
 .text.resetColorMarkdown
                0x00000000080017c0       0x66 Core/Src/paintInterface.o
                0x00000000080017c0                resetColorMarkdown
 .text.resetThicknessMarkdown
                0x0000000008001826       0x34 Core/Src/paintInterface.o
                0x0000000008001826                resetThicknessMarkdown
 *fill*         0x000000000800185a        0x2 
 .text.markdown
                0x000000000800185c       0x68 Core/Src/paintInterface.o
                0x000000000800185c                markdown
 .text.clearWorkspace
                0x00000000080018c4       0x30 Core/Src/paintInterface.o
                0x00000000080018c4                clearWorkspace
 .text.savePartOfSketch
                0x00000000080018f4       0x88 Core/Src/paintInterface.o
                0x00000000080018f4                savePartOfSketch
 .text.loadPartOfSketch
                0x000000000800197c       0x94 Core/Src/paintInterface.o
                0x000000000800197c                loadPartOfSketch
 .text.initLCD  0x0000000008001a10       0x20 Core/Src/paintIntro.o
                0x0000000008001a10                initLCD
 .text.printHelloScreen
                0x0000000008001a30       0xe8 Core/Src/paintIntro.o
                0x0000000008001a30                printHelloScreen
 .text.EraseSector
                0x0000000008001b18       0x20 Core/Src/save.o
                0x0000000008001b18                EraseSector
 .text.SetSectorAddr
                0x0000000008001b38       0x2c Core/Src/save.o
                0x0000000008001b38                SetSectorAddr
 .text.WriteToFlash
                0x0000000008001b64       0x64 Core/Src/save.o
                0x0000000008001b64                WriteToFlash
 .text.ReadFromFlash
                0x0000000008001bc8       0x50 Core/Src/save.o
                0x0000000008001bc8                ReadFromFlash
 .text.MX_SPI5_Init
                0x0000000008001c18       0x6c Core/Src/spi.o
                0x0000000008001c18                MX_SPI5_Init
 .text.HAL_SPI_MspInit
                0x0000000008001c84       0x90 Core/Src/spi.o
                0x0000000008001c84                HAL_SPI_MspInit
 .text.HAL_SPI_MspDeInit
                0x0000000008001d14       0x3c Core/Src/spi.o
                0x0000000008001d14                HAL_SPI_MspDeInit
 .text.HAL_MspInit
                0x0000000008001d50       0x58 Core/Src/stm32f4xx_hal_msp.o
                0x0000000008001d50                HAL_MspInit
 .text.HAL_InitTick
                0x0000000008001da8       0xb4 Core/Src/stm32f4xx_hal_timebase_tim.o
                0x0000000008001da8                HAL_InitTick
 .text.NMI_Handler
                0x0000000008001e5c        0xe Core/Src/stm32f4xx_it.o
                0x0000000008001e5c                NMI_Handler
 .text.HardFault_Handler
                0x0000000008001e6a        0x6 Core/Src/stm32f4xx_it.o
                0x0000000008001e6a                HardFault_Handler
 .text.MemManage_Handler
                0x0000000008001e70        0x6 Core/Src/stm32f4xx_it.o
                0x0000000008001e70                MemManage_Handler
 .text.BusFault_Handler
                0x0000000008001e76        0x6 Core/Src/stm32f4xx_it.o
                0x0000000008001e76                BusFault_Handler
 .text.UsageFault_Handler
                0x0000000008001e7c        0x6 Core/Src/stm32f4xx_it.o
                0x0000000008001e7c                UsageFault_Handler
 .text.DebugMon_Handler
                0x0000000008001e82        0xe Core/Src/stm32f4xx_it.o
                0x0000000008001e82                DebugMon_Handler
 .text.TIM6_DAC_IRQHandler
                0x0000000008001e90       0x14 Core/Src/stm32f4xx_it.o
                0x0000000008001e90                TIM6_DAC_IRQHandler
 .text.SystemInit
                0x0000000008001ea4       0x2c Core/Src/system_stm32f4xx.o
                0x0000000008001ea4                SystemInit
 .text.MX_USART1_UART_Init
                0x0000000008001ed0       0x54 Core/Src/usart.o
                0x0000000008001ed0                MX_USART1_UART_Init
 .text.HAL_UART_MspInit
                0x0000000008001f24       0x90 Core/Src/usart.o
                0x0000000008001f24                HAL_UART_MspInit
 .text.Reset_Handler
                0x0000000008001fb4       0x50 Core/Startup/startup_stm32f429zitx.o
                0x0000000008001fb4                Reset_Handler
 .text.Default_Handler
                0x0000000008002004        0x2 Core/Startup/startup_stm32f429zitx.o
                0x0000000008002004                RTC_Alarm_IRQHandler
                0x0000000008002004                HASH_RNG_IRQHandler
                0x0000000008002004                EXTI2_IRQHandler
                0x0000000008002004                TIM8_CC_IRQHandler
                0x0000000008002004                UART8_IRQHandler
                0x0000000008002004                SPI4_IRQHandler
                0x0000000008002004                TIM1_CC_IRQHandler
                0x0000000008002004                DMA2_Stream5_IRQHandler
                0x0000000008002004                DMA1_Stream5_IRQHandler
                0x0000000008002004                PVD_IRQHandler
                0x0000000008002004                SDIO_IRQHandler
                0x0000000008002004                TAMP_STAMP_IRQHandler
                0x0000000008002004                CAN2_RX1_IRQHandler
                0x0000000008002004                EXTI3_IRQHandler
                0x0000000008002004                TIM8_TRG_COM_TIM14_IRQHandler
                0x0000000008002004                TIM1_UP_TIM10_IRQHandler
                0x0000000008002004                TIM8_UP_TIM13_IRQHandler
                0x0000000008002004                I2C3_ER_IRQHandler
                0x0000000008002004                EXTI0_IRQHandler
                0x0000000008002004                I2C2_EV_IRQHandler
                0x0000000008002004                DMA1_Stream2_IRQHandler
                0x0000000008002004                CAN1_RX0_IRQHandler
                0x0000000008002004                FPU_IRQHandler
                0x0000000008002004                OTG_HS_WKUP_IRQHandler
                0x0000000008002004                LTDC_ER_IRQHandler
                0x0000000008002004                CAN2_SCE_IRQHandler
                0x0000000008002004                DMA2_Stream2_IRQHandler
                0x0000000008002004                SPI1_IRQHandler
                0x0000000008002004                TIM1_BRK_TIM9_IRQHandler
                0x0000000008002004                DCMI_IRQHandler
                0x0000000008002004                CAN2_RX0_IRQHandler
                0x0000000008002004                DMA2_Stream3_IRQHandler
                0x0000000008002004                USART6_IRQHandler
                0x0000000008002004                USART3_IRQHandler
                0x0000000008002004                CAN1_RX1_IRQHandler
                0x0000000008002004                UART5_IRQHandler
                0x0000000008002004                DMA2_Stream0_IRQHandler
                0x0000000008002004                TIM4_IRQHandler
                0x0000000008002004                I2C1_EV_IRQHandler
                0x0000000008002004                DMA1_Stream6_IRQHandler
                0x0000000008002004                DMA1_Stream1_IRQHandler
                0x0000000008002004                UART4_IRQHandler
                0x0000000008002004                TIM3_IRQHandler
                0x0000000008002004                RCC_IRQHandler
                0x0000000008002004                TIM8_BRK_TIM12_IRQHandler
                0x0000000008002004                Default_Handler
                0x0000000008002004                EXTI15_10_IRQHandler
                0x0000000008002004                ADC_IRQHandler
                0x0000000008002004                DMA1_Stream7_IRQHandler
                0x0000000008002004                SPI5_IRQHandler
                0x0000000008002004                TIM7_IRQHandler
                0x0000000008002004                CAN2_TX_IRQHandler
                0x0000000008002004                TIM5_IRQHandler
                0x0000000008002004                DMA2_Stream7_IRQHandler
                0x0000000008002004                I2C3_EV_IRQHandler
                0x0000000008002004                EXTI9_5_IRQHandler
                0x0000000008002004                RTC_WKUP_IRQHandler
                0x0000000008002004                LTDC_IRQHandler
                0x0000000008002004                ETH_WKUP_IRQHandler
                0x0000000008002004                SPI2_IRQHandler
                0x0000000008002004                OTG_HS_EP1_IN_IRQHandler
                0x0000000008002004                DMA1_Stream0_IRQHandler
                0x0000000008002004                CAN1_TX_IRQHandler
                0x0000000008002004                EXTI4_IRQHandler
                0x0000000008002004                ETH_IRQHandler
                0x0000000008002004                OTG_HS_EP1_OUT_IRQHandler
                0x0000000008002004                WWDG_IRQHandler
                0x0000000008002004                SPI6_IRQHandler
                0x0000000008002004                TIM2_IRQHandler
                0x0000000008002004                OTG_FS_WKUP_IRQHandler
                0x0000000008002004                TIM1_TRG_COM_TIM11_IRQHandler
                0x0000000008002004                OTG_HS_IRQHandler
                0x0000000008002004                DMA2D_IRQHandler
                0x0000000008002004                EXTI1_IRQHandler
                0x0000000008002004                UART7_IRQHandler
                0x0000000008002004                USART2_IRQHandler
                0x0000000008002004                I2C2_ER_IRQHandler
                0x0000000008002004                DMA2_Stream1_IRQHandler
                0x0000000008002004                CAN1_SCE_IRQHandler
                0x0000000008002004                FLASH_IRQHandler
                0x0000000008002004                DMA2_Stream4_IRQHandler
                0x0000000008002004                USART1_IRQHandler
                0x0000000008002004                OTG_FS_IRQHandler
                0x0000000008002004                SPI3_IRQHandler
                0x0000000008002004                DMA1_Stream4_IRQHandler
                0x0000000008002004                I2C1_ER_IRQHandler
                0x0000000008002004                FMC_IRQHandler
                0x0000000008002004                DMA2_Stream6_IRQHandler
                0x0000000008002004                SAI1_IRQHandler
                0x0000000008002004                DMA1_Stream3_IRQHandler
 .text.ili9341_Init
                0x0000000008002006      0x294 Drivers/BSP/Components/ili9341/ili9341.o
                0x0000000008002006                ili9341_Init
 .text.ili9341_ReadID
                0x000000000800229a       0x18 Drivers/BSP/Components/ili9341/ili9341.o
                0x000000000800229a                ili9341_ReadID
 .text.ili9341_DisplayOn
                0x00000000080022b2        0xe Drivers/BSP/Components/ili9341/ili9341.o
                0x00000000080022b2                ili9341_DisplayOn
 .text.ili9341_DisplayOff
                0x00000000080022c0        0xe Drivers/BSP/Components/ili9341/ili9341.o
                0x00000000080022c0                ili9341_DisplayOff
 .text.ili9341_WriteReg
                0x00000000080022ce       0x1a Drivers/BSP/Components/ili9341/ili9341.o
                0x00000000080022ce                ili9341_WriteReg
 .text.ili9341_WriteData
                0x00000000080022e8       0x1a Drivers/BSP/Components/ili9341/ili9341.o
                0x00000000080022e8                ili9341_WriteData
 .text.ili9341_ReadData
                0x0000000008002302       0x26 Drivers/BSP/Components/ili9341/ili9341.o
                0x0000000008002302                ili9341_ReadData
 .text.ili9341_GetLcdPixelWidth
                0x0000000008002328       0x10 Drivers/BSP/Components/ili9341/ili9341.o
                0x0000000008002328                ili9341_GetLcdPixelWidth
 .text.ili9341_GetLcdPixelHeight
                0x0000000008002338       0x12 Drivers/BSP/Components/ili9341/ili9341.o
                0x0000000008002338                ili9341_GetLcdPixelHeight
 *fill*         0x000000000800234a        0x2 
 .text.stmpe811_Init
                0x000000000800234c       0x50 Drivers/BSP/Components/stmpe811/stmpe811.o
                0x000000000800234c                stmpe811_Init
 .text.stmpe811_Reset
                0x000000000800239c       0x3a Drivers/BSP/Components/stmpe811/stmpe811.o
                0x000000000800239c                stmpe811_Reset
 .text.stmpe811_ReadID
                0x00000000080023d6       0x3e Drivers/BSP/Components/stmpe811/stmpe811.o
                0x00000000080023d6                stmpe811_ReadID
 .text.stmpe811_EnableGlobalIT
                0x0000000008002414       0x3c Drivers/BSP/Components/stmpe811/stmpe811.o
                0x0000000008002414                stmpe811_EnableGlobalIT
 .text.stmpe811_DisableGlobalIT
                0x0000000008002450       0x3c Drivers/BSP/Components/stmpe811/stmpe811.o
                0x0000000008002450                stmpe811_DisableGlobalIT
 .text.stmpe811_EnableITSource
                0x000000000800248c       0x42 Drivers/BSP/Components/stmpe811/stmpe811.o
                0x000000000800248c                stmpe811_EnableITSource
 .text.stmpe811_DisableITSource
                0x00000000080024ce       0x4c Drivers/BSP/Components/stmpe811/stmpe811.o
                0x00000000080024ce                stmpe811_DisableITSource
 .text.stmpe811_ReadGITStatus
                0x000000000800251a       0x2e Drivers/BSP/Components/stmpe811/stmpe811.o
                0x000000000800251a                stmpe811_ReadGITStatus
 .text.stmpe811_ClearGlobalIT
                0x0000000008002548       0x26 Drivers/BSP/Components/stmpe811/stmpe811.o
                0x0000000008002548                stmpe811_ClearGlobalIT
 .text.stmpe811_IO_EnableAF
                0x000000000800256e       0x48 Drivers/BSP/Components/stmpe811/stmpe811.o
                0x000000000800256e                stmpe811_IO_EnableAF
 .text.stmpe811_TS_Start
                0x00000000080025b6       0xf0 Drivers/BSP/Components/stmpe811/stmpe811.o
                0x00000000080025b6                stmpe811_TS_Start
 .text.stmpe811_TS_DetectTouch
                0x00000000080026a6       0x70 Drivers/BSP/Components/stmpe811/stmpe811.o
                0x00000000080026a6                stmpe811_TS_DetectTouch
 .text.stmpe811_TS_GetXY
                0x0000000008002716       0x72 Drivers/BSP/Components/stmpe811/stmpe811.o
                0x0000000008002716                stmpe811_TS_GetXY
 .text.stmpe811_TS_EnableIT
                0x0000000008002788       0x28 Drivers/BSP/Components/stmpe811/stmpe811.o
                0x0000000008002788                stmpe811_TS_EnableIT
 .text.stmpe811_TS_DisableIT
                0x00000000080027b0       0x24 Drivers/BSP/Components/stmpe811/stmpe811.o
                0x00000000080027b0                stmpe811_TS_DisableIT
 .text.stmpe811_TS_ITStatus
                0x00000000080027d4       0x1e Drivers/BSP/Components/stmpe811/stmpe811.o
                0x00000000080027d4                stmpe811_TS_ITStatus
 .text.stmpe811_TS_ClearIT
                0x00000000080027f2       0x1c Drivers/BSP/Components/stmpe811/stmpe811.o
                0x00000000080027f2                stmpe811_TS_ClearIT
 *fill*         0x000000000800280e        0x2 
 .text.stmpe811_GetInstance
                0x0000000008002810       0x44 Drivers/BSP/Components/stmpe811/stmpe811.o
 .text.I2Cx_MspInit
                0x0000000008002854       0xec Drivers/BSP/STM32F429I-Discovery/stm32f429i_discovery.o
 .text.I2Cx_Init
                0x0000000008002940       0x64 Drivers/BSP/STM32F429I-Discovery/stm32f429i_discovery.o
 .text.I2Cx_ITConfig
                0x00000000080029a4       0x64 Drivers/BSP/STM32F429I-Discovery/stm32f429i_discovery.o
 .text.I2Cx_WriteData
                0x0000000008002a08       0x54 Drivers/BSP/STM32F429I-Discovery/stm32f429i_discovery.o
 .text.I2Cx_ReadData
                0x0000000008002a5c       0x58 Drivers/BSP/STM32F429I-Discovery/stm32f429i_discovery.o
 .text.I2Cx_ReadBuffer
                0x0000000008002ab4       0x5c Drivers/BSP/STM32F429I-Discovery/stm32f429i_discovery.o
 .text.I2Cx_Error
                0x0000000008002b10       0x18 Drivers/BSP/STM32F429I-Discovery/stm32f429i_discovery.o
 .text.SPIx_Init
                0x0000000008002b28       0x74 Drivers/BSP/STM32F429I-Discovery/stm32f429i_discovery.o
 .text.SPIx_Read
                0x0000000008002b9c       0x40 Drivers/BSP/STM32F429I-Discovery/stm32f429i_discovery.o
 .text.SPIx_Write
                0x0000000008002bdc       0x3c Drivers/BSP/STM32F429I-Discovery/stm32f429i_discovery.o
 .text.SPIx_Error
                0x0000000008002c18       0x18 Drivers/BSP/STM32F429I-Discovery/stm32f429i_discovery.o
 .text.SPIx_MspInit
                0x0000000008002c30       0x74 Drivers/BSP/STM32F429I-Discovery/stm32f429i_discovery.o
 .text.LCD_IO_Init
                0x0000000008002ca4       0xf0 Drivers/BSP/STM32F429I-Discovery/stm32f429i_discovery.o
                0x0000000008002ca4                LCD_IO_Init
 .text.LCD_IO_WriteData
                0x0000000008002d94       0x44 Drivers/BSP/STM32F429I-Discovery/stm32f429i_discovery.o
                0x0000000008002d94                LCD_IO_WriteData
 .text.LCD_IO_WriteReg
                0x0000000008002dd8       0x44 Drivers/BSP/STM32F429I-Discovery/stm32f429i_discovery.o
                0x0000000008002dd8                LCD_IO_WriteReg
 .text.LCD_IO_ReadData
                0x0000000008002e1c       0x64 Drivers/BSP/STM32F429I-Discovery/stm32f429i_discovery.o
                0x0000000008002e1c                LCD_IO_ReadData
 .text.LCD_Delay
                0x0000000008002e80       0x16 Drivers/BSP/STM32F429I-Discovery/stm32f429i_discovery.o
                0x0000000008002e80                LCD_Delay
 .text.IOE_Init
                0x0000000008002e96        0xc Drivers/BSP/STM32F429I-Discovery/stm32f429i_discovery.o
                0x0000000008002e96                IOE_Init
 .text.IOE_ITConfig
                0x0000000008002ea2        0xc Drivers/BSP/STM32F429I-Discovery/stm32f429i_discovery.o
                0x0000000008002ea2                IOE_ITConfig
 .text.IOE_Write
                0x0000000008002eae       0x26 Drivers/BSP/STM32F429I-Discovery/stm32f429i_discovery.o
                0x0000000008002eae                IOE_Write
 .text.IOE_Read
                0x0000000008002ed4       0x26 Drivers/BSP/STM32F429I-Discovery/stm32f429i_discovery.o
                0x0000000008002ed4                IOE_Read
 .text.IOE_ReadMultiple
                0x0000000008002efa       0x2e Drivers/BSP/STM32F429I-Discovery/stm32f429i_discovery.o
                0x0000000008002efa                IOE_ReadMultiple
 .text.IOE_Delay
                0x0000000008002f28       0x16 Drivers/BSP/STM32F429I-Discovery/stm32f429i_discovery.o
                0x0000000008002f28                IOE_Delay
 *fill*         0x0000000008002f3e        0x2 
 .text.BSP_LCD_Init
                0x0000000008002f40       0xd4 Drivers/BSP/STM32F429I-Discovery/stm32f429i_discovery_lcd.o
                0x0000000008002f40                BSP_LCD_Init
 .text.BSP_LCD_GetXSize
                0x0000000008003014       0x18 Drivers/BSP/STM32F429I-Discovery/stm32f429i_discovery_lcd.o
                0x0000000008003014                BSP_LCD_GetXSize
 .text.BSP_LCD_GetYSize
                0x000000000800302c       0x18 Drivers/BSP/STM32F429I-Discovery/stm32f429i_discovery_lcd.o
                0x000000000800302c                BSP_LCD_GetYSize
 .text.BSP_LCD_LayerDefaultInit
                0x0000000008003044       0xc8 Drivers/BSP/STM32F429I-Discovery/stm32f429i_discovery_lcd.o
                0x0000000008003044                BSP_LCD_LayerDefaultInit
 .text.BSP_LCD_SelectLayer
                0x000000000800310c       0x20 Drivers/BSP/STM32F429I-Discovery/stm32f429i_discovery_lcd.o
                0x000000000800310c                BSP_LCD_SelectLayer
 .text.BSP_LCD_SetTextColor
                0x000000000800312c       0x30 Drivers/BSP/STM32F429I-Discovery/stm32f429i_discovery_lcd.o
                0x000000000800312c                BSP_LCD_SetTextColor
 .text.BSP_LCD_SetBackColor
                0x000000000800315c       0x34 Drivers/BSP/STM32F429I-Discovery/stm32f429i_discovery_lcd.o
                0x000000000800315c                BSP_LCD_SetBackColor
 .text.BSP_LCD_SetFont
                0x0000000008003190       0x34 Drivers/BSP/STM32F429I-Discovery/stm32f429i_discovery_lcd.o
                0x0000000008003190                BSP_LCD_SetFont
 .text.BSP_LCD_ReadPixel
                0x00000000080031c4      0x14c Drivers/BSP/STM32F429I-Discovery/stm32f429i_discovery_lcd.o
                0x00000000080031c4                BSP_LCD_ReadPixel
 .text.BSP_LCD_Clear
                0x0000000008003310       0x50 Drivers/BSP/STM32F429I-Discovery/stm32f429i_discovery_lcd.o
                0x0000000008003310                BSP_LCD_Clear
 .text.BSP_LCD_DisplayChar
                0x0000000008003360       0x88 Drivers/BSP/STM32F429I-Discovery/stm32f429i_discovery_lcd.o
                0x0000000008003360                BSP_LCD_DisplayChar
 .text.BSP_LCD_DisplayStringAt
                0x00000000080033e8      0x174 Drivers/BSP/STM32F429I-Discovery/stm32f429i_discovery_lcd.o
                0x00000000080033e8                BSP_LCD_DisplayStringAt
 .text.BSP_LCD_DrawHLine
                0x000000000800355c       0x7c Drivers/BSP/STM32F429I-Discovery/stm32f429i_discovery_lcd.o
                0x000000000800355c                BSP_LCD_DrawHLine
 .text.BSP_LCD_DrawVLine
                0x00000000080035d8       0x84 Drivers/BSP/STM32F429I-Discovery/stm32f429i_discovery_lcd.o
                0x00000000080035d8                BSP_LCD_DrawVLine
 .text.BSP_LCD_DrawRect
                0x000000000800365c       0x62 Drivers/BSP/STM32F429I-Discovery/stm32f429i_discovery_lcd.o
                0x000000000800365c                BSP_LCD_DrawRect
 *fill*         0x00000000080036be        0x2 
 .text.BSP_LCD_DrawCircle
                0x00000000080036c0      0x1e0 Drivers/BSP/STM32F429I-Discovery/stm32f429i_discovery_lcd.o
                0x00000000080036c0                BSP_LCD_DrawCircle
 .text.BSP_LCD_FillRect
                0x00000000080038a0       0xb4 Drivers/BSP/STM32F429I-Discovery/stm32f429i_discovery_lcd.o
                0x00000000080038a0                BSP_LCD_FillRect
 .text.BSP_LCD_FillCircle
                0x0000000008003954      0x140 Drivers/BSP/STM32F429I-Discovery/stm32f429i_discovery_lcd.o
                0x0000000008003954                BSP_LCD_FillCircle
 .text.BSP_LCD_DisplayOn
                0x0000000008003a94       0x20 Drivers/BSP/STM32F429I-Discovery/stm32f429i_discovery_lcd.o
                0x0000000008003a94                BSP_LCD_DisplayOn
 .text.BSP_LCD_MspInit
                0x0000000008003ab4      0x1ac Drivers/BSP/STM32F429I-Discovery/stm32f429i_discovery_lcd.o
                0x0000000008003ab4                BSP_LCD_MspInit
 .text.BSP_LCD_DrawPixel
                0x0000000008003c60       0x4c Drivers/BSP/STM32F429I-Discovery/stm32f429i_discovery_lcd.o
                0x0000000008003c60                BSP_LCD_DrawPixel
 .text.DrawChar
                0x0000000008003cac      0x174 Drivers/BSP/STM32F429I-Discovery/stm32f429i_discovery_lcd.o
 .text.FillBuffer
                0x0000000008003e20       0x70 Drivers/BSP/STM32F429I-Discovery/stm32f429i_discovery_lcd.o
 .text.BSP_SDRAM_Init
                0x0000000008003e90       0xbc Drivers/BSP/STM32F429I-Discovery/stm32f429i_discovery_sdram.o
                0x0000000008003e90                BSP_SDRAM_Init
 .text.BSP_SDRAM_Initialization_sequence
                0x0000000008003f4c       0xc0 Drivers/BSP/STM32F429I-Discovery/stm32f429i_discovery_sdram.o
                0x0000000008003f4c                BSP_SDRAM_Initialization_sequence
 .text.BSP_SDRAM_MspInit
                0x000000000800400c      0x218 Drivers/BSP/STM32F429I-Discovery/stm32f429i_discovery_sdram.o
                0x000000000800400c                BSP_SDRAM_MspInit
 .text.BSP_TS_Init
                0x0000000008004224       0x74 Drivers/BSP/STM32F429I-Discovery/stm32f429i_discovery_ts.o
                0x0000000008004224                BSP_TS_Init
 .text.BSP_TS_GetState
                0x0000000008004298      0x164 Drivers/BSP/STM32F429I-Discovery/stm32f429i_discovery_ts.o
                0x0000000008004298                BSP_TS_GetState
 .text.HAL_Init
                0x00000000080043fc       0x44 Drivers/STM32F4xx_HAL_Driver/Src/stm32f4xx_hal.o
                0x00000000080043fc                HAL_Init
 .text.HAL_IncTick
                0x0000000008004440       0x28 Drivers/STM32F4xx_HAL_Driver/Src/stm32f4xx_hal.o
                0x0000000008004440                HAL_IncTick
 .text.HAL_GetTick
                0x0000000008004468       0x18 Drivers/STM32F4xx_HAL_Driver/Src/stm32f4xx_hal.o
                0x0000000008004468                HAL_GetTick
 .text.HAL_Delay
                0x0000000008004480       0x44 Drivers/STM32F4xx_HAL_Driver/Src/stm32f4xx_hal.o
                0x0000000008004480                HAL_Delay
 .text.__NVIC_SetPriorityGrouping
                0x00000000080044c4       0x48 Drivers/STM32F4xx_HAL_Driver/Src/stm32f4xx_hal_cortex.o
 .text.__NVIC_GetPriorityGrouping
                0x000000000800450c       0x1c Drivers/STM32F4xx_HAL_Driver/Src/stm32f4xx_hal_cortex.o
 .text.__NVIC_EnableIRQ
                0x0000000008004528       0x3c Drivers/STM32F4xx_HAL_Driver/Src/stm32f4xx_hal_cortex.o
 .text.__NVIC_SetPriority
                0x0000000008004564       0x54 Drivers/STM32F4xx_HAL_Driver/Src/stm32f4xx_hal_cortex.o
 .text.NVIC_EncodePriority
                0x00000000080045b8       0x66 Drivers/STM32F4xx_HAL_Driver/Src/stm32f4xx_hal_cortex.o
 .text.HAL_NVIC_SetPriorityGrouping
                0x000000000800461e       0x16 Drivers/STM32F4xx_HAL_Driver/Src/stm32f4xx_hal_cortex.o
                0x000000000800461e                HAL_NVIC_SetPriorityGrouping
 .text.HAL_NVIC_SetPriority
                0x0000000008004634       0x38 Drivers/STM32F4xx_HAL_Driver/Src/stm32f4xx_hal_cortex.o
                0x0000000008004634                HAL_NVIC_SetPriority
 .text.HAL_NVIC_EnableIRQ
                0x000000000800466c       0x1c Drivers/STM32F4xx_HAL_Driver/Src/stm32f4xx_hal_cortex.o
                0x000000000800466c                HAL_NVIC_EnableIRQ
 .text.HAL_DMA_Init
                0x0000000008004688      0x15c Drivers/STM32F4xx_HAL_Driver/Src/stm32f4xx_hal_dma.o
                0x0000000008004688                HAL_DMA_Init
 .text.HAL_DMA_DeInit
                0x00000000080047e4       0xbc Drivers/STM32F4xx_HAL_Driver/Src/stm32f4xx_hal_dma.o
                0x00000000080047e4                HAL_DMA_DeInit
 .text.DMA_CalcBaseAndBitshift
                0x00000000080048a0       0x6c Drivers/STM32F4xx_HAL_Driver/Src/stm32f4xx_hal_dma.o
 .text.DMA_CheckFifoParam
                0x000000000800490c       0xf4 Drivers/STM32F4xx_HAL_Driver/Src/stm32f4xx_hal_dma.o
 .text.HAL_DMA2D_Init
                0x0000000008004a00       0x92 Drivers/STM32F4xx_HAL_Driver/Src/stm32f4xx_hal_dma2d.o
                0x0000000008004a00                HAL_DMA2D_Init
 .text.HAL_DMA2D_Start
                0x0000000008004a92       0x56 Drivers/STM32F4xx_HAL_Driver/Src/stm32f4xx_hal_dma2d.o
                0x0000000008004a92                HAL_DMA2D_Start
 .text.HAL_DMA2D_PollForTransfer
                0x0000000008004ae8      0x1d2 Drivers/STM32F4xx_HAL_Driver/Src/stm32f4xx_hal_dma2d.o
                0x0000000008004ae8                HAL_DMA2D_PollForTransfer
 *fill*         0x0000000008004cba        0x2 
 .text.HAL_DMA2D_ConfigLayer
                0x0000000008004cbc      0x124 Drivers/STM32F4xx_HAL_Driver/Src/stm32f4xx_hal_dma2d.o
                0x0000000008004cbc                HAL_DMA2D_ConfigLayer
 .text.DMA2D_SetConfig
                0x0000000008004de0      0x138 Drivers/STM32F4xx_HAL_Driver/Src/stm32f4xx_hal_dma2d.o
 .text.HAL_FLASH_Program
                0x0000000008004f18       0xa8 Drivers/STM32F4xx_HAL_Driver/Src/stm32f4xx_hal_flash.o
                0x0000000008004f18                HAL_FLASH_Program
 .text.HAL_FLASH_Unlock
                0x0000000008004fc0       0x44 Drivers/STM32F4xx_HAL_Driver/Src/stm32f4xx_hal_flash.o
                0x0000000008004fc0                HAL_FLASH_Unlock
 .text.HAL_FLASH_Lock
                0x0000000008005004       0x20 Drivers/STM32F4xx_HAL_Driver/Src/stm32f4xx_hal_flash.o
                0x0000000008005004                HAL_FLASH_Lock
 .text.FLASH_WaitForLastOperation
                0x0000000008005024       0x80 Drivers/STM32F4xx_HAL_Driver/Src/stm32f4xx_hal_flash.o
                0x0000000008005024                FLASH_WaitForLastOperation
 .text.FLASH_Program_DoubleWord
                0x00000000080050a4       0x60 Drivers/STM32F4xx_HAL_Driver/Src/stm32f4xx_hal_flash.o
 .text.FLASH_Program_Word
                0x0000000008005104       0x44 Drivers/STM32F4xx_HAL_Driver/Src/stm32f4xx_hal_flash.o
 .text.FLASH_Program_HalfWord
                0x0000000008005148       0x48 Drivers/STM32F4xx_HAL_Driver/Src/stm32f4xx_hal_flash.o
 .text.FLASH_Program_Byte
                0x0000000008005190       0x44 Drivers/STM32F4xx_HAL_Driver/Src/stm32f4xx_hal_flash.o
 .text.FLASH_SetErrorCode
                0x00000000080051d4       0xcc Drivers/STM32F4xx_HAL_Driver/Src/stm32f4xx_hal_flash.o
 .text.FLASH_Erase_Sector
                0x00000000080052a0       0x9c Drivers/STM32F4xx_HAL_Driver/Src/stm32f4xx_hal_flash_ex.o
                0x00000000080052a0                FLASH_Erase_Sector
 .text.HAL_GPIO_Init
                0x000000000800533c      0x354 Drivers/STM32F4xx_HAL_Driver/Src/stm32f4xx_hal_gpio.o
                0x000000000800533c                HAL_GPIO_Init
 .text.HAL_GPIO_DeInit
                0x0000000008005690      0x214 Drivers/STM32F4xx_HAL_Driver/Src/stm32f4xx_hal_gpio.o
                0x0000000008005690                HAL_GPIO_DeInit
 .text.HAL_GPIO_WritePin
                0x00000000080058a4       0x32 Drivers/STM32F4xx_HAL_Driver/Src/stm32f4xx_hal_gpio.o
                0x00000000080058a4                HAL_GPIO_WritePin
 *fill*         0x00000000080058d6        0x2 
 .text.HAL_I2C_Init
                0x00000000080058d8      0x270 Drivers/STM32F4xx_HAL_Driver/Src/stm32f4xx_hal_i2c.o
                0x00000000080058d8                HAL_I2C_Init
 .text.HAL_I2C_DeInit
                0x0000000008005b48       0x5e Drivers/STM32F4xx_HAL_Driver/Src/stm32f4xx_hal_i2c.o
                0x0000000008005b48                HAL_I2C_DeInit
 *fill*         0x0000000008005ba6        0x2 
 .text.HAL_I2C_Mem_Write
                0x0000000008005ba8      0x1f4 Drivers/STM32F4xx_HAL_Driver/Src/stm32f4xx_hal_i2c.o
                0x0000000008005ba8                HAL_I2C_Mem_Write
 .text.HAL_I2C_Mem_Read
                0x0000000008005d9c      0x44c Drivers/STM32F4xx_HAL_Driver/Src/stm32f4xx_hal_i2c.o
                0x0000000008005d9c                HAL_I2C_Mem_Read
 .text.HAL_I2C_GetState
                0x00000000080061e8       0x1c Drivers/STM32F4xx_HAL_Driver/Src/stm32f4xx_hal_i2c.o
                0x00000000080061e8                HAL_I2C_GetState
 .text.I2C_RequestMemoryWrite
                0x0000000008006204      0x128 Drivers/STM32F4xx_HAL_Driver/Src/stm32f4xx_hal_i2c.o
 .text.I2C_RequestMemoryRead
                0x000000000800632c      0x1cc Drivers/STM32F4xx_HAL_Driver/Src/stm32f4xx_hal_i2c.o
 .text.I2C_WaitOnFlagUntilTimeout
                0x00000000080064f8       0xae Drivers/STM32F4xx_HAL_Driver/Src/stm32f4xx_hal_i2c.o
 .text.I2C_WaitOnMasterAddressFlagUntilTimeout
                0x00000000080065a6       0xfe Drivers/STM32F4xx_HAL_Driver/Src/stm32f4xx_hal_i2c.o
 .text.I2C_WaitOnTXEFlagUntilTimeout
                0x00000000080066a4       0x82 Drivers/STM32F4xx_HAL_Driver/Src/stm32f4xx_hal_i2c.o
 .text.I2C_WaitOnBTFFlagUntilTimeout
                0x0000000008006726       0x82 Drivers/STM32F4xx_HAL_Driver/Src/stm32f4xx_hal_i2c.o
 .text.I2C_WaitOnRXNEFlagUntilTimeout
                0x00000000080067a8       0xac Drivers/STM32F4xx_HAL_Driver/Src/stm32f4xx_hal_i2c.o
 .text.I2C_IsAcknowledgeFailed
                0x0000000008006854       0x5e Drivers/STM32F4xx_HAL_Driver/Src/stm32f4xx_hal_i2c.o
 .text.HAL_I2CEx_ConfigAnalogFilter
                0x00000000080068b2       0x78 Drivers/STM32F4xx_HAL_Driver/Src/stm32f4xx_hal_i2c_ex.o
                0x00000000080068b2                HAL_I2CEx_ConfigAnalogFilter
 .text.HAL_I2CEx_ConfigDigitalFilter
                0x000000000800692a       0x7e Drivers/STM32F4xx_HAL_Driver/Src/stm32f4xx_hal_i2c_ex.o
                0x000000000800692a                HAL_I2CEx_ConfigDigitalFilter
 .text.HAL_LTDC_Init
                0x00000000080069a8      0x1a0 Drivers/STM32F4xx_HAL_Driver/Src/stm32f4xx_hal_ltdc.o
                0x00000000080069a8                HAL_LTDC_Init
 .text.HAL_LTDC_ConfigLayer
                0x0000000008006b48       0x7c Drivers/STM32F4xx_HAL_Driver/Src/stm32f4xx_hal_ltdc.o
                0x0000000008006b48                HAL_LTDC_ConfigLayer
 .text.HAL_LTDC_EnableDither
                0x0000000008006bc4       0x54 Drivers/STM32F4xx_HAL_Driver/Src/stm32f4xx_hal_ltdc.o
                0x0000000008006bc4                HAL_LTDC_EnableDither
 .text.LTDC_SetConfig
                0x0000000008006c18      0x32e Drivers/STM32F4xx_HAL_Driver/Src/stm32f4xx_hal_ltdc.o
 *fill*         0x0000000008006f46        0x2 
 .text.HAL_PWREx_EnableOverDrive
                0x0000000008006f48       0xa0 Drivers/STM32F4xx_HAL_Driver/Src/stm32f4xx_hal_pwr_ex.o
                0x0000000008006f48                HAL_PWREx_EnableOverDrive
 .text.HAL_RCC_OscConfig
                0x0000000008006fe8      0x4e0 Drivers/STM32F4xx_HAL_Driver/Src/stm32f4xx_hal_rcc.o
                0x0000000008006fe8                HAL_RCC_OscConfig
 .text.HAL_RCC_ClockConfig
                0x00000000080074c8      0x1cc Drivers/STM32F4xx_HAL_Driver/Src/stm32f4xx_hal_rcc.o
                0x00000000080074c8                HAL_RCC_ClockConfig
 .text.HAL_RCC_GetSysClockFreq
                0x0000000008007694      0x1b0 Drivers/STM32F4xx_HAL_Driver/Src/stm32f4xx_hal_rcc.o
                0x0000000008007694                HAL_RCC_GetSysClockFreq
 .text.HAL_RCC_GetHCLKFreq
                0x0000000008007844       0x18 Drivers/STM32F4xx_HAL_Driver/Src/stm32f4xx_hal_rcc.o
                0x0000000008007844                HAL_RCC_GetHCLKFreq
 .text.HAL_RCC_GetPCLK1Freq
                0x000000000800785c       0x28 Drivers/STM32F4xx_HAL_Driver/Src/stm32f4xx_hal_rcc.o
                0x000000000800785c                HAL_RCC_GetPCLK1Freq
 .text.HAL_RCC_GetPCLK2Freq
                0x0000000008007884       0x28 Drivers/STM32F4xx_HAL_Driver/Src/stm32f4xx_hal_rcc.o
                0x0000000008007884                HAL_RCC_GetPCLK2Freq
 .text.HAL_RCC_GetClockConfig
                0x00000000080078ac       0x64 Drivers/STM32F4xx_HAL_Driver/Src/stm32f4xx_hal_rcc.o
                0x00000000080078ac                HAL_RCC_GetClockConfig
 .text.HAL_RCCEx_PeriphCLKConfig
                0x0000000008007910      0x37c Drivers/STM32F4xx_HAL_Driver/Src/stm32f4xx_hal_rcc_ex.o
                0x0000000008007910                HAL_RCCEx_PeriphCLKConfig
 .text.HAL_SDRAM_Init
                0x0000000008007c8c       0x68 Drivers/STM32F4xx_HAL_Driver/Src/stm32f4xx_hal_sdram.o
                0x0000000008007c8c                HAL_SDRAM_Init
 .text.HAL_SDRAM_SendCommand
                0x0000000008007cf4       0x56 Drivers/STM32F4xx_HAL_Driver/Src/stm32f4xx_hal_sdram.o
                0x0000000008007cf4                HAL_SDRAM_SendCommand
 .text.HAL_SDRAM_ProgramRefreshRate
                0x0000000008007d4a       0x40 Drivers/STM32F4xx_HAL_Driver/Src/stm32f4xx_hal_sdram.o
                0x0000000008007d4a                HAL_SDRAM_ProgramRefreshRate
 .text.HAL_SPI_Init
                0x0000000008007d8a       0xc8 Drivers/STM32F4xx_HAL_Driver/Src/stm32f4xx_hal_spi.o
                0x0000000008007d8a                HAL_SPI_Init
 .text.HAL_SPI_DeInit
                0x0000000008007e52       0x50 Drivers/STM32F4xx_HAL_Driver/Src/stm32f4xx_hal_spi.o
                0x0000000008007e52                HAL_SPI_DeInit
 .text.HAL_SPI_Transmit
                0x0000000008007ea2      0x268 Drivers/STM32F4xx_HAL_Driver/Src/stm32f4xx_hal_spi.o
                0x0000000008007ea2                HAL_SPI_Transmit
 .text.HAL_SPI_Receive
                0x000000000800810a      0x212 Drivers/STM32F4xx_HAL_Driver/Src/stm32f4xx_hal_spi.o
                0x000000000800810a                HAL_SPI_Receive
 .text.HAL_SPI_TransmitReceive
                0x000000000800831c      0x344 Drivers/STM32F4xx_HAL_Driver/Src/stm32f4xx_hal_spi.o
                0x000000000800831c                HAL_SPI_TransmitReceive
 .text.HAL_SPI_GetState
                0x0000000008008660       0x1c Drivers/STM32F4xx_HAL_Driver/Src/stm32f4xx_hal_spi.o
                0x0000000008008660                HAL_SPI_GetState
 .text.SPI_WaitFlagStateUntilTimeout
                0x000000000800867c       0xd4 Drivers/STM32F4xx_HAL_Driver/Src/stm32f4xx_hal_spi.o
 .text.SPI_EndRxTransaction
                0x0000000008008750       0xca Drivers/STM32F4xx_HAL_Driver/Src/stm32f4xx_hal_spi.o
 *fill*         0x000000000800881a        0x2 
 .text.SPI_EndRxTxTransaction
                0x000000000800881c       0x84 Drivers/STM32F4xx_HAL_Driver/Src/stm32f4xx_hal_spi.o
 .text.HAL_TIM_Base_Init
                0x00000000080088a0       0x56 Drivers/STM32F4xx_HAL_Driver/Src/stm32f4xx_hal_tim.o
                0x00000000080088a0                HAL_TIM_Base_Init
 .text.HAL_TIM_Base_MspInit
                0x00000000080088f6       0x14 Drivers/STM32F4xx_HAL_Driver/Src/stm32f4xx_hal_tim.o
                0x00000000080088f6                HAL_TIM_Base_MspInit
 .text.HAL_TIM_Base_Start_IT
                0x000000000800890a       0x48 Drivers/STM32F4xx_HAL_Driver/Src/stm32f4xx_hal_tim.o
                0x000000000800890a                HAL_TIM_Base_Start_IT
 .text.HAL_TIM_IRQHandler
                0x0000000008008952      0x210 Drivers/STM32F4xx_HAL_Driver/Src/stm32f4xx_hal_tim.o
                0x0000000008008952                HAL_TIM_IRQHandler
 .text.HAL_TIM_OC_DelayElapsedCallback
                0x0000000008008b62       0x14 Drivers/STM32F4xx_HAL_Driver/Src/stm32f4xx_hal_tim.o
                0x0000000008008b62                HAL_TIM_OC_DelayElapsedCallback
 .text.HAL_TIM_IC_CaptureCallback
                0x0000000008008b76       0x14 Drivers/STM32F4xx_HAL_Driver/Src/stm32f4xx_hal_tim.o
                0x0000000008008b76                HAL_TIM_IC_CaptureCallback
 .text.HAL_TIM_PWM_PulseFinishedCallback
                0x0000000008008b8a       0x14 Drivers/STM32F4xx_HAL_Driver/Src/stm32f4xx_hal_tim.o
                0x0000000008008b8a                HAL_TIM_PWM_PulseFinishedCallback
 .text.HAL_TIM_TriggerCallback
                0x0000000008008b9e       0x14 Drivers/STM32F4xx_HAL_Driver/Src/stm32f4xx_hal_tim.o
                0x0000000008008b9e                HAL_TIM_TriggerCallback
 *fill*         0x0000000008008bb2        0x2 
 .text.TIM_Base_SetConfig
                0x0000000008008bb4      0x140 Drivers/STM32F4xx_HAL_Driver/Src/stm32f4xx_hal_tim.o
                0x0000000008008bb4                TIM_Base_SetConfig
 .text.HAL_TIMEx_CommutCallback
                0x0000000008008cf4       0x14 Drivers/STM32F4xx_HAL_Driver/Src/stm32f4xx_hal_tim_ex.o
                0x0000000008008cf4                HAL_TIMEx_CommutCallback
 .text.HAL_TIMEx_BreakCallback
                0x0000000008008d08       0x14 Drivers/STM32F4xx_HAL_Driver/Src/stm32f4xx_hal_tim_ex.o
                0x0000000008008d08                HAL_TIMEx_BreakCallback
 .text.HAL_UART_Init
                0x0000000008008d1c       0x9a Drivers/STM32F4xx_HAL_Driver/Src/stm32f4xx_hal_uart.o
                0x0000000008008d1c                HAL_UART_Init
 *fill*         0x0000000008008db6        0x2 
 .text.UART_SetConfig
                0x0000000008008db8      0x6f8 Drivers/STM32F4xx_HAL_Driver/Src/stm32f4xx_hal_uart.o
 .text.FMC_SDRAM_Init
                0x00000000080094b0       0xe6 Drivers/STM32F4xx_HAL_Driver/Src/stm32f4xx_ll_fmc.o
                0x00000000080094b0                FMC_SDRAM_Init
 .text.FMC_SDRAM_Timing_Init
                0x0000000008009596       0xfe Drivers/STM32F4xx_HAL_Driver/Src/stm32f4xx_ll_fmc.o
                0x0000000008009596                FMC_SDRAM_Timing_Init
 .text.FMC_SDRAM_SendCommand
                0x0000000008009694       0x78 Drivers/STM32F4xx_HAL_Driver/Src/stm32f4xx_ll_fmc.o
                0x0000000008009694                FMC_SDRAM_SendCommand
 .text.FMC_SDRAM_ProgramRefreshRate
                0x000000000800970c       0x26 Drivers/STM32F4xx_HAL_Driver/Src/stm32f4xx_ll_fmc.o
                0x000000000800970c                FMC_SDRAM_ProgramRefreshRate
 .text.SVC_Setup
                0x0000000008009732        0xe Middlewares/Third_Party/FreeRTOS/Source/CMSIS_RTOS_V2/cmsis_os2.o
 .text.osKernelInitialize
                0x0000000008009740       0x68 Middlewares/Third_Party/FreeRTOS/Source/CMSIS_RTOS_V2/cmsis_os2.o
                0x0000000008009740                osKernelInitialize
 .text.osKernelStart
                0x00000000080097a8       0x6c Middlewares/Third_Party/FreeRTOS/Source/CMSIS_RTOS_V2/cmsis_os2.o
                0x00000000080097a8                osKernelStart
 .text.osThreadNew
                0x0000000008009814      0x14c Middlewares/Third_Party/FreeRTOS/Source/CMSIS_RTOS_V2/cmsis_os2.o
                0x0000000008009814                osThreadNew
 .text.osDelay  0x0000000008009960       0x5c Middlewares/Third_Party/FreeRTOS/Source/CMSIS_RTOS_V2/cmsis_os2.o
                0x0000000008009960                osDelay
 .text.vApplicationGetIdleTaskMemory
                0x00000000080099bc       0x34 Middlewares/Third_Party/FreeRTOS/Source/CMSIS_RTOS_V2/cmsis_os2.o
                0x00000000080099bc                vApplicationGetIdleTaskMemory
 .text.vApplicationGetTimerTaskMemory
                0x00000000080099f0       0x34 Middlewares/Third_Party/FreeRTOS/Source/CMSIS_RTOS_V2/cmsis_os2.o
                0x00000000080099f0                vApplicationGetTimerTaskMemory
 .text.vListInitialise
                0x0000000008009a24       0x40 Middlewares/Third_Party/FreeRTOS/Source/list.o
                0x0000000008009a24                vListInitialise
 .text.vListInitialiseItem
                0x0000000008009a64       0x1a Middlewares/Third_Party/FreeRTOS/Source/list.o
                0x0000000008009a64                vListInitialiseItem
 .text.vListInsertEnd
                0x0000000008009a7e       0x48 Middlewares/Third_Party/FreeRTOS/Source/list.o
                0x0000000008009a7e                vListInsertEnd
 .text.vListInsert
                0x0000000008009ac6       0x72 Middlewares/Third_Party/FreeRTOS/Source/list.o
                0x0000000008009ac6                vListInsert
 .text.uxListRemove
                0x0000000008009b38       0x54 Middlewares/Third_Party/FreeRTOS/Source/list.o
                0x0000000008009b38                uxListRemove
 .text.xQueueGenericReset
                0x0000000008009b8c       0xd0 Middlewares/Third_Party/FreeRTOS/Source/queue.o
                0x0000000008009b8c                xQueueGenericReset
 .text.xQueueGenericCreateStatic
                0x0000000008009c5c       0xe6 Middlewares/Third_Party/FreeRTOS/Source/queue.o
                0x0000000008009c5c                xQueueGenericCreateStatic
 .text.prvInitialiseNewQueue
                0x0000000008009d42       0x46 Middlewares/Third_Party/FreeRTOS/Source/queue.o
 .text.xQueueGenericSend
                0x0000000008009d88      0x1f4 Middlewares/Third_Party/FreeRTOS/Source/queue.o
                0x0000000008009d88                xQueueGenericSend
 .text.xQueueGenericSendFromISR
                0x0000000008009f7c      0x128 Middlewares/Third_Party/FreeRTOS/Source/queue.o
                0x0000000008009f7c                xQueueGenericSendFromISR
 .text.xQueueReceive
                0x000000000800a0a4      0x1b8 Middlewares/Third_Party/FreeRTOS/Source/queue.o
                0x000000000800a0a4                xQueueReceive
 .text.prvCopyDataToQueue
                0x000000000800a25c       0xd4 Middlewares/Third_Party/FreeRTOS/Source/queue.o
 .text.prvCopyDataFromQueue
                0x000000000800a330       0x4c Middlewares/Third_Party/FreeRTOS/Source/queue.o
 .text.prvUnlockQueue
                0x000000000800a37c       0xa4 Middlewares/Third_Party/FreeRTOS/Source/queue.o
 .text.prvIsQueueEmpty
                0x000000000800a420       0x2c Middlewares/Third_Party/FreeRTOS/Source/queue.o
 .text.prvIsQueueFull
                0x000000000800a44c       0x30 Middlewares/Third_Party/FreeRTOS/Source/queue.o
 .text.vQueueAddToRegistry
                0x000000000800a47c       0x50 Middlewares/Third_Party/FreeRTOS/Source/queue.o
                0x000000000800a47c                vQueueAddToRegistry
 .text.vQueueWaitForMessageRestricted
                0x000000000800a4cc       0x68 Middlewares/Third_Party/FreeRTOS/Source/queue.o
                0x000000000800a4cc                vQueueWaitForMessageRestricted
 .text.xTaskCreateStatic
                0x000000000800a534       0xb4 Middlewares/Third_Party/FreeRTOS/Source/tasks.o
                0x000000000800a534                xTaskCreateStatic
 .text.xTaskCreate
                0x000000000800a5e8       0x8a Middlewares/Third_Party/FreeRTOS/Source/tasks.o
                0x000000000800a5e8                xTaskCreate
 .text.prvInitialiseNewTask
                0x000000000800a672      0x11c Middlewares/Third_Party/FreeRTOS/Source/tasks.o
 *fill*         0x000000000800a78e        0x2 
 .text.prvAddNewTaskToReadyList
                0x000000000800a790       0xe0 Middlewares/Third_Party/FreeRTOS/Source/tasks.o
 .text.vTaskDelay
                0x000000000800a870       0x68 Middlewares/Third_Party/FreeRTOS/Source/tasks.o
                0x000000000800a870                vTaskDelay
 .text.vTaskStartScheduler
                0x000000000800a8d8       0xc8 Middlewares/Third_Party/FreeRTOS/Source/tasks.o
                0x000000000800a8d8                vTaskStartScheduler
 .text.vTaskSuspendAll
                0x000000000800a9a0       0x1c Middlewares/Third_Party/FreeRTOS/Source/tasks.o
                0x000000000800a9a0                vTaskSuspendAll
 .text.xTaskResumeAll
                0x000000000800a9bc      0x138 Middlewares/Third_Party/FreeRTOS/Source/tasks.o
                0x000000000800a9bc                xTaskResumeAll
 .text.xTaskGetTickCount
                0x000000000800aaf4       0x20 Middlewares/Third_Party/FreeRTOS/Source/tasks.o
                0x000000000800aaf4                xTaskGetTickCount
 .text.xTaskIncrementTick
                0x000000000800ab14      0x170 Middlewares/Third_Party/FreeRTOS/Source/tasks.o
                0x000000000800ab14                xTaskIncrementTick
 .text.vTaskSwitchContext
                0x000000000800ac84       0xb8 Middlewares/Third_Party/FreeRTOS/Source/tasks.o
                0x000000000800ac84                vTaskSwitchContext
 .text.vTaskPlaceOnEventList
                0x000000000800ad3c       0x48 Middlewares/Third_Party/FreeRTOS/Source/tasks.o
                0x000000000800ad3c                vTaskPlaceOnEventList
 .text.vTaskPlaceOnEventListRestricted
                0x000000000800ad84       0x54 Middlewares/Third_Party/FreeRTOS/Source/tasks.o
                0x000000000800ad84                vTaskPlaceOnEventListRestricted
 .text.xTaskRemoveFromEventList
                0x000000000800add8       0xc4 Middlewares/Third_Party/FreeRTOS/Source/tasks.o
                0x000000000800add8                xTaskRemoveFromEventList
 .text.vTaskInternalSetTimeOutState
                0x000000000800ae9c       0x2c Middlewares/Third_Party/FreeRTOS/Source/tasks.o
                0x000000000800ae9c                vTaskInternalSetTimeOutState
 .text.xTaskCheckForTimeOut
                0x000000000800aec8       0xc0 Middlewares/Third_Party/FreeRTOS/Source/tasks.o
                0x000000000800aec8                xTaskCheckForTimeOut
 .text.vTaskMissedYield
                0x000000000800af88       0x18 Middlewares/Third_Party/FreeRTOS/Source/tasks.o
                0x000000000800af88                vTaskMissedYield
 .text.prvIdleTask
                0x000000000800afa0       0x30 Middlewares/Third_Party/FreeRTOS/Source/tasks.o
 .text.prvInitialiseTaskLists
                0x000000000800afd0       0x80 Middlewares/Third_Party/FreeRTOS/Source/tasks.o
 .text.prvCheckTasksWaitingTermination
                0x000000000800b050       0x58 Middlewares/Third_Party/FreeRTOS/Source/tasks.o
 .text.prvDeleteTCB
                0x000000000800b0a8       0x5c Middlewares/Third_Party/FreeRTOS/Source/tasks.o
 .text.prvResetNextTaskUnblockTime
                0x000000000800b104       0x40 Middlewares/Third_Party/FreeRTOS/Source/tasks.o
 .text.xTaskGetSchedulerState
                0x000000000800b144       0x3c Middlewares/Third_Party/FreeRTOS/Source/tasks.o
                0x000000000800b144                xTaskGetSchedulerState
 .text.xTaskPriorityDisinherit
                0x000000000800b180       0xd8 Middlewares/Third_Party/FreeRTOS/Source/tasks.o
                0x000000000800b180                xTaskPriorityDisinherit
 .text.prvAddCurrentTaskToDelayedList
                0x000000000800b258       0xa8 Middlewares/Third_Party/FreeRTOS/Source/tasks.o
 .text.xTimerCreateTimerTask
                0x000000000800b300       0x90 Middlewares/Third_Party/FreeRTOS/Source/timers.o
                0x000000000800b300                xTimerCreateTimerTask
 .text.xTimerGenericCommand
                0x000000000800b390       0x98 Middlewares/Third_Party/FreeRTOS/Source/timers.o
                0x000000000800b390                xTimerGenericCommand
 .text.prvProcessExpiredTimer
                0x000000000800b428       0x98 Middlewares/Third_Party/FreeRTOS/Source/timers.o
 .text.prvTimerTask
                0x000000000800b4c0       0x24 Middlewares/Third_Party/FreeRTOS/Source/timers.o
 .text.prvProcessTimerOrBlockTask
                0x000000000800b4e4       0x9c Middlewares/Third_Party/FreeRTOS/Source/timers.o
 .text.prvGetNextExpireTime
                0x000000000800b580       0x48 Middlewares/Third_Party/FreeRTOS/Source/timers.o
 .text.prvSampleTimeNow
                0x000000000800b5c8       0x40 Middlewares/Third_Party/FreeRTOS/Source/timers.o
 .text.prvInsertTimerInActiveList
                0x000000000800b608       0x84 Middlewares/Third_Party/FreeRTOS/Source/timers.o
 .text.prvProcessReceivedCommands
                0x000000000800b68c      0x1b8 Middlewares/Third_Party/FreeRTOS/Source/timers.o
 .text.prvSwitchTimerLists
                0x000000000800b844       0xc8 Middlewares/Third_Party/FreeRTOS/Source/timers.o
 .text.prvCheckForValidListAndQueue
                0x000000000800b90c       0x80 Middlewares/Third_Party/FreeRTOS/Source/timers.o
 .text.pxPortInitialiseStack
                0x000000000800b98c       0x68 Middlewares/Third_Party/FreeRTOS/Source/portable/GCC/ARM_CM4F/port.o
                0x000000000800b98c                pxPortInitialiseStack
 .text.prvTaskExitError
                0x000000000800b9f4       0x54 Middlewares/Third_Party/FreeRTOS/Source/portable/GCC/ARM_CM4F/port.o
 *fill*         0x000000000800ba48        0x8 
 .text.SVC_Handler
                0x000000000800ba50       0x28 Middlewares/Third_Party/FreeRTOS/Source/portable/GCC/ARM_CM4F/port.o
                0x000000000800ba50                SVC_Handler
 .text.prvPortStartFirstTask
                0x000000000800ba78       0x28 Middlewares/Third_Party/FreeRTOS/Source/portable/GCC/ARM_CM4F/port.o
 .text.xPortStartScheduler
                0x000000000800baa0      0x13c Middlewares/Third_Party/FreeRTOS/Source/portable/GCC/ARM_CM4F/port.o
                0x000000000800baa0                xPortStartScheduler
 .text.vPortEnterCritical
                0x000000000800bbdc       0x5c Middlewares/Third_Party/FreeRTOS/Source/portable/GCC/ARM_CM4F/port.o
                0x000000000800bbdc                vPortEnterCritical
 .text.vPortExitCritical
                0x000000000800bc38       0x50 Middlewares/Third_Party/FreeRTOS/Source/portable/GCC/ARM_CM4F/port.o
                0x000000000800bc38                vPortExitCritical
 *fill*         0x000000000800bc88        0x8 
 .text.PendSV_Handler
                0x000000000800bc90       0x68 Middlewares/Third_Party/FreeRTOS/Source/portable/GCC/ARM_CM4F/port.o
                0x000000000800bc90                PendSV_Handler
 .text.SysTick_Handler
                0x000000000800bcf8       0x40 Middlewares/Third_Party/FreeRTOS/Source/portable/GCC/ARM_CM4F/port.o
                0x000000000800bcf8                SysTick_Handler
 .text.vPortSetupTimerInterrupt
                0x000000000800bd38       0x48 Middlewares/Third_Party/FreeRTOS/Source/portable/GCC/ARM_CM4F/port.o
                0x000000000800bd38                vPortSetupTimerInterrupt
 .text.vPortEnableVFP
                0x000000000800bd80       0x14 Middlewares/Third_Party/FreeRTOS/Source/portable/GCC/ARM_CM4F/port.o
 .text.vPortValidateInterruptPriority
                0x000000000800bd94       0x7c Middlewares/Third_Party/FreeRTOS/Source/portable/GCC/ARM_CM4F/port.o
                0x000000000800bd94                vPortValidateInterruptPriority
 .text.pvPortMalloc
                0x000000000800be10      0x184 Middlewares/Third_Party/FreeRTOS/Source/portable/MemMang/heap_4.o
                0x000000000800be10                pvPortMalloc
 .text.vPortFree
                0x000000000800bf94       0xb0 Middlewares/Third_Party/FreeRTOS/Source/portable/MemMang/heap_4.o
                0x000000000800bf94                vPortFree
 .text.prvHeapInit
                0x000000000800c044       0xc4 Middlewares/Third_Party/FreeRTOS/Source/portable/MemMang/heap_4.o
 .text.prvInsertBlockIntoFreeList
                0x000000000800c108       0xb4 Middlewares/Third_Party/FreeRTOS/Source/portable/MemMang/heap_4.o
 .text.__libc_init_array
                0x000000000800c1bc       0x48 c:/st/stm32cubeide_1.3.0/stm32cubeide/plugins/com.st.stm32cube.ide.mcu.externaltools.gnu-tools-for-stm32.7-2018-q2-update.win32_1.0.0.201904181610/tools/bin/../lib/gcc/arm-none-eabi/7.3.1/../../../../arm-none-eabi/lib/thumb/v7e-m/fpv4-sp/hard\libc_nano.a(lib_a-init.o)
                0x000000000800c1bc                __libc_init_array
 .text.memcpy   0x000000000800c204       0x16 c:/st/stm32cubeide_1.3.0/stm32cubeide/plugins/com.st.stm32cube.ide.mcu.externaltools.gnu-tools-for-stm32.7-2018-q2-update.win32_1.0.0.201904181610/tools/bin/../lib/gcc/arm-none-eabi/7.3.1/../../../../arm-none-eabi/lib/thumb/v7e-m/fpv4-sp/hard\libc_nano.a(lib_a-memcpy-stub.o)
                0x000000000800c204                memcpy
 .text.memset   0x000000000800c21a       0x10 c:/st/stm32cubeide_1.3.0/stm32cubeide/plugins/com.st.stm32cube.ide.mcu.externaltools.gnu-tools-for-stm32.7-2018-q2-update.win32_1.0.0.201904181610/tools/bin/../lib/gcc/arm-none-eabi/7.3.1/../../../../arm-none-eabi/lib/thumb/v7e-m/fpv4-sp/hard\libc_nano.a(lib_a-memset.o)
                0x000000000800c21a                memset
 *(.glue_7)
 .glue_7        0x000000000800c22a        0x0 linker stubs
 *(.glue_7t)
 .glue_7t       0x000000000800c22a        0x0 linker stubs
 *(.eh_frame)
 *fill*         0x000000000800c22a        0x2 
 .eh_frame      0x000000000800c22c        0x0 c:/st/stm32cubeide_1.3.0/stm32cubeide/plugins/com.st.stm32cube.ide.mcu.externaltools.gnu-tools-for-stm32.7-2018-q2-update.win32_1.0.0.201904181610/tools/bin/../lib/gcc/arm-none-eabi/7.3.1/thumb/v7e-m/fpv4-sp/hard/crtbegin.o
 *(.init)
 .init          0x000000000800c22c        0x4 c:/st/stm32cubeide_1.3.0/stm32cubeide/plugins/com.st.stm32cube.ide.mcu.externaltools.gnu-tools-for-stm32.7-2018-q2-update.win32_1.0.0.201904181610/tools/bin/../lib/gcc/arm-none-eabi/7.3.1/thumb/v7e-m/fpv4-sp/hard/crti.o
                0x000000000800c22c                _init
 .init          0x000000000800c230        0x8 c:/st/stm32cubeide_1.3.0/stm32cubeide/plugins/com.st.stm32cube.ide.mcu.externaltools.gnu-tools-for-stm32.7-2018-q2-update.win32_1.0.0.201904181610/tools/bin/../lib/gcc/arm-none-eabi/7.3.1/thumb/v7e-m/fpv4-sp/hard/crtn.o
 *(.fini)
 .fini          0x000000000800c238        0x4 c:/st/stm32cubeide_1.3.0/stm32cubeide/plugins/com.st.stm32cube.ide.mcu.externaltools.gnu-tools-for-stm32.7-2018-q2-update.win32_1.0.0.201904181610/tools/bin/../lib/gcc/arm-none-eabi/7.3.1/thumb/v7e-m/fpv4-sp/hard/crti.o
                0x000000000800c238                _fini
 .fini          0x000000000800c23c        0x8 c:/st/stm32cubeide_1.3.0/stm32cubeide/plugins/com.st.stm32cube.ide.mcu.externaltools.gnu-tools-for-stm32.7-2018-q2-update.win32_1.0.0.201904181610/tools/bin/../lib/gcc/arm-none-eabi/7.3.1/thumb/v7e-m/fpv4-sp/hard/crtn.o
                0x000000000800c244                . = ALIGN (0x4)
                0x000000000800c244                _etext = .

.vfp11_veneer   0x000000000800c244        0x0
 .vfp11_veneer  0x000000000800c244        0x0 linker stubs

.v4_bx          0x000000000800c244        0x0
 .v4_bx         0x000000000800c244        0x0 linker stubs

.iplt           0x000000000800c244        0x0
 .iplt          0x000000000800c244        0x0 c:/st/stm32cubeide_1.3.0/stm32cubeide/plugins/com.st.stm32cube.ide.mcu.externaltools.gnu-tools-for-stm32.7-2018-q2-update.win32_1.0.0.201904181610/tools/bin/../lib/gcc/arm-none-eabi/7.3.1/thumb/v7e-m/fpv4-sp/hard/crtbegin.o

.rodata         0x000000000800c244     0x2c70
                0x000000000800c244                . = ALIGN (0x4)
 *(.rodata)
 .rodata        0x000000000800c244       0xb1 Core/Src/chooseCanvaInterface.o
 *fill*         0x000000000800c2f5        0x3 
 .rodata        0x000000000800c2f8       0x18 Core/Src/freertos.o
 .rodata        0x000000000800c310        0x5 Core/Src/paintInterface.o
 *fill*         0x000000000800c315        0x3 
 .rodata        0x000000000800c318        0xd Core/Src/paintIntro.o
 *fill*         0x000000000800c325        0x3 
 .rodata        0x000000000800c328        0x5 Middlewares/Third_Party/FreeRTOS/Source/tasks.o
 *fill*         0x000000000800c32d        0x3 
 .rodata        0x000000000800c330        0xd Middlewares/Third_Party/FreeRTOS/Source/timers.o
 *(.rodata*)
 *fill*         0x000000000800c33d        0x3 
 .rodata.mainTask_attributes
                0x000000000800c340       0x24 Core/Src/freertos.o
                0x000000000800c340                mainTask_attributes
 .rodata.painterTask_attributes
                0x000000000800c364       0x24 Core/Src/freertos.o
                0x000000000800c364                painterTask_attributes
 .rodata.AHBPrescTable
                0x000000000800c388       0x10 Core/Src/system_stm32f4xx.o
                0x000000000800c388                AHBPrescTable
 .rodata.APBPrescTable
                0x000000000800c398        0x8 Core/Src/system_stm32f4xx.o
                0x000000000800c398                APBPrescTable
 .rodata.Font24_Table
                0x000000000800c3a0     0x1ab8 Drivers/BSP/STM32F429I-Discovery/stm32f429i_discovery_lcd.o
                0x000000000800c3a0                Font24_Table
 .rodata.Font16_Table
                0x000000000800de58      0xbe0 Drivers/BSP/STM32F429I-Discovery/stm32f429i_discovery_lcd.o
                0x000000000800de58                Font16_Table
 .rodata.Font12_Table
                0x000000000800ea38      0x474 Drivers/BSP/STM32F429I-Discovery/stm32f429i_discovery_lcd.o
                0x000000000800ea38                Font12_Table
 .rodata.flagBitshiftOffset.9197
                0x000000000800eeac        0x8 Drivers/STM32F4xx_HAL_Driver/Src/stm32f4xx_hal_dma.o
                0x000000000800eeb4                . = ALIGN (0x4)

.ARM.extab      0x000000000800eeb4        0x0
                0x000000000800eeb4                . = ALIGN (0x4)
 *(.ARM.extab* .gnu.linkonce.armextab.*)
                0x000000000800eeb4                . = ALIGN (0x4)

.ARM            0x000000000800eeb4        0x8
                0x000000000800eeb4                . = ALIGN (0x4)
                0x000000000800eeb4                __exidx_start = .
 *(.ARM.exidx*)
 .ARM.exidx     0x000000000800eeb4        0x8 c:/st/stm32cubeide_1.3.0/stm32cubeide/plugins/com.st.stm32cube.ide.mcu.externaltools.gnu-tools-for-stm32.7-2018-q2-update.win32_1.0.0.201904181610/tools/bin/../lib/gcc/arm-none-eabi/7.3.1/thumb/v7e-m/fpv4-sp/hard\libgcc.a(_udivmoddi4.o)
                0x000000000800eebc                __exidx_end = .
                0x000000000800eebc                . = ALIGN (0x4)

.rel.dyn        0x000000000800eebc        0x0
 .rel.iplt      0x000000000800eebc        0x0 c:/st/stm32cubeide_1.3.0/stm32cubeide/plugins/com.st.stm32cube.ide.mcu.externaltools.gnu-tools-for-stm32.7-2018-q2-update.win32_1.0.0.201904181610/tools/bin/../lib/gcc/arm-none-eabi/7.3.1/thumb/v7e-m/fpv4-sp/hard/crtbegin.o

.preinit_array  0x000000000800eebc        0x0
                0x000000000800eebc                . = ALIGN (0x4)
                0x000000000800eebc                PROVIDE (__preinit_array_start = .)
 *(.preinit_array*)
                0x000000000800eebc                PROVIDE (__preinit_array_end = .)
                0x000000000800eebc                . = ALIGN (0x4)

.init_array     0x000000000800eebc        0x4
                0x000000000800eebc                . = ALIGN (0x4)
                0x000000000800eebc                PROVIDE (__init_array_start = .)
 *(SORT_BY_NAME(.init_array.*))
 *(.init_array*)
 .init_array    0x000000000800eebc        0x4 c:/st/stm32cubeide_1.3.0/stm32cubeide/plugins/com.st.stm32cube.ide.mcu.externaltools.gnu-tools-for-stm32.7-2018-q2-update.win32_1.0.0.201904181610/tools/bin/../lib/gcc/arm-none-eabi/7.3.1/thumb/v7e-m/fpv4-sp/hard/crtbegin.o
                0x000000000800eec0                PROVIDE (__init_array_end = .)
                0x000000000800eec0                . = ALIGN (0x4)

.fini_array     0x000000000800eec0        0x4
                0x000000000800eec0                . = ALIGN (0x4)
                [!provide]                        PROVIDE (__fini_array_start = .)
 *(SORT_BY_NAME(.fini_array.*))
 *(.fini_array*)
 .fini_array    0x000000000800eec0        0x4 c:/st/stm32cubeide_1.3.0/stm32cubeide/plugins/com.st.stm32cube.ide.mcu.externaltools.gnu-tools-for-stm32.7-2018-q2-update.win32_1.0.0.201904181610/tools/bin/../lib/gcc/arm-none-eabi/7.3.1/thumb/v7e-m/fpv4-sp/hard/crtbegin.o
                [!provide]                        PROVIDE (__fini_array_end = .)
                0x000000000800eec4                . = ALIGN (0x4)
                0x000000000800eec4                _sidata = LOADADDR (.data)

.data           0x0000000020000000       0xa8 load address 0x000000000800eec4
                0x0000000020000000                . = ALIGN (0x4)
                0x0000000020000000                _sdata = .
 *(.data)
 *(.data*)
 .data.canvas   0x0000000020000000        0x1 Core/Src/freertos.o
                0x0000000020000000                canvas
 *fill*         0x0000000020000001        0x3 
 .data.LastColor
                0x0000000020000004        0x4 Core/Src/paintInterface.o
                0x0000000020000004                LastColor
 .data.LastRadius
                0x0000000020000008        0x2 Core/Src/paintInterface.o
                0x0000000020000008                LastRadius
 .data.LastColorMarkdownX
                0x000000002000000a        0x2 Core/Src/paintInterface.o
                0x000000002000000a                LastColorMarkdownX
 .data.LastColorMArkdownY
                0x000000002000000c        0x2 Core/Src/paintInterface.o
                0x000000002000000c                LastColorMArkdownY
 .data.LastThicknessMarkdownX
                0x000000002000000e        0x2 Core/Src/paintInterface.o
                0x000000002000000e                LastThicknessMarkdownX
 .data.LastThicknessMArkdownY
                0x0000000020000010        0x2 Core/Src/paintInterface.o
                0x0000000020000010                LastThicknessMArkdownY
 *fill*         0x0000000020000012        0x2 
 .data.SystemCoreClock
                0x0000000020000014        0x4 Core/Src/system_stm32f4xx.o
                0x0000000020000014                SystemCoreClock
 .data.ili9341_drv
                0x0000000020000018       0x38 Drivers/BSP/Components/ili9341/ili9341.o
                0x0000000020000018                ili9341_drv
 .data.stmpe811_ts_drv
                0x0000000020000050       0x28 Drivers/BSP/Components/stmpe811/stmpe811.o
                0x0000000020000050                stmpe811_ts_drv
 .data.I2cxTimeout
                0x0000000020000078        0x4 Drivers/BSP/STM32F429I-Discovery/stm32f429i_discovery.o
                0x0000000020000078                I2cxTimeout
 .data.SpixTimeout
                0x000000002000007c        0x4 Drivers/BSP/STM32F429I-Discovery/stm32f429i_discovery.o
                0x000000002000007c                SpixTimeout
 .data.Font24   0x0000000020000080        0x8 Drivers/BSP/STM32F429I-Discovery/stm32f429i_discovery_lcd.o
                0x0000000020000080                Font24
 .data.Font16   0x0000000020000088        0x8 Drivers/BSP/STM32F429I-Discovery/stm32f429i_discovery_lcd.o
                0x0000000020000088                Font16
 .data.Font12   0x0000000020000090        0x8 Drivers/BSP/STM32F429I-Discovery/stm32f429i_discovery_lcd.o
                0x0000000020000090                Font12
 .data.sdramstatus.9139
                0x0000000020000098        0x1 Drivers/BSP/STM32F429I-Discovery/stm32f429i_discovery_sdram.o
 *fill*         0x0000000020000099        0x3 
 .data.uwTickPrio
                0x000000002000009c        0x4 Drivers/STM32F4xx_HAL_Driver/Src/stm32f4xx_hal.o
                0x000000002000009c                uwTickPrio
 .data.uwTickFreq
                0x00000000200000a0        0x1 Drivers/STM32F4xx_HAL_Driver/Src/stm32f4xx_hal.o
                0x00000000200000a0                uwTickFreq
 *fill*         0x00000000200000a1        0x3 
 .data.uxCriticalNesting
                0x00000000200000a4        0x4 Middlewares/Third_Party/FreeRTOS/Source/portable/GCC/ARM_CM4F/port.o
                0x00000000200000a8                . = ALIGN (0x4)
                0x00000000200000a8                _edata = .

.igot.plt       0x00000000200000a8        0x0 load address 0x000000000800ef6c
 .igot.plt      0x00000000200000a8        0x0 c:/st/stm32cubeide_1.3.0/stm32cubeide/plugins/com.st.stm32cube.ide.mcu.externaltools.gnu-tools-for-stm32.7-2018-q2-update.win32_1.0.0.201904181610/tools/bin/../lib/gcc/arm-none-eabi/7.3.1/thumb/v7e-m/fpv4-sp/hard/crtbegin.o
                0x00000000200000a8                . = ALIGN (0x4)

.bss            0x00000000200000a8    0x20bc0 load address 0x000000000800ef6c
                0x00000000200000a8                _sbss = .
                0x00000000200000a8                __bss_start__ = _sbss
 *(.bss)
 .bss           0x00000000200000a8       0x1c c:/st/stm32cubeide_1.3.0/stm32cubeide/plugins/com.st.stm32cube.ide.mcu.externaltools.gnu-tools-for-stm32.7-2018-q2-update.win32_1.0.0.201904181610/tools/bin/../lib/gcc/arm-none-eabi/7.3.1/thumb/v7e-m/fpv4-sp/hard/crtbegin.o
 *(.bss*)
 .bss.FMC_Initialized
                0x00000000200000c4        0x4 Core/Src/fmc.o
 .bss.printer   0x00000000200000c8        0x4 Core/Src/freertos.o
                0x00000000200000c8                printer
 .bss.SectorAddr
                0x00000000200000cc        0x4 Core/Src/save.o
 .bss.SectorNum
                0x00000000200000d0        0x1 Core/Src/save.o
 *fill*         0x00000000200000d1        0x3 
 .bss.stmpe811  0x00000000200000d4        0x2 Drivers/BSP/Components/stmpe811/stmpe811.o
                0x00000000200000d4                stmpe811
 *fill*         0x00000000200000d6        0x2 
 .bss.SpiHandle
                0x00000000200000d8       0x58 Drivers/BSP/STM32F429I-Discovery/stm32f429i_discovery.o
 .bss.Is_LCD_IO_Initialized
                0x0000000020000130        0x1 Drivers/BSP/STM32F429I-Discovery/stm32f429i_discovery.o
 *fill*         0x0000000020000131        0x3 
 .bss.Dma2dHandler
                0x0000000020000134       0x40 Drivers/BSP/STM32F429I-Discovery/stm32f429i_discovery_lcd.o
 .bss.PeriphClkInitStruct
                0x0000000020000174       0x30 Drivers/BSP/STM32F429I-Discovery/stm32f429i_discovery_lcd.o
 .bss.ActiveLayer
                0x00000000200001a4        0x4 Drivers/BSP/STM32F429I-Discovery/stm32f429i_discovery_lcd.o
 .bss.DrawProp  0x00000000200001a8       0x18 Drivers/BSP/STM32F429I-Discovery/stm32f429i_discovery_lcd.o
 .bss.SdramHandle
                0x00000000200001c0       0x34 Drivers/BSP/STM32F429I-Discovery/stm32f429i_discovery_sdram.o
 .bss.Timing    0x00000000200001f4       0x1c Drivers/BSP/STM32F429I-Discovery/stm32f429i_discovery_sdram.o
 .bss.Command   0x0000000020000210       0x10 Drivers/BSP/STM32F429I-Discovery/stm32f429i_discovery_sdram.o
 .bss.dmaHandle.9174
                0x0000000020000220       0x60 Drivers/BSP/STM32F429I-Discovery/stm32f429i_discovery_sdram.o
 .bss.TsDrv     0x0000000020000280        0x4 Drivers/BSP/STM32F429I-Discovery/stm32f429i_discovery_ts.o
 .bss.TsXBoundary
                0x0000000020000284        0x2 Drivers/BSP/STM32F429I-Discovery/stm32f429i_discovery_ts.o
 .bss.TsYBoundary
                0x0000000020000286        0x2 Drivers/BSP/STM32F429I-Discovery/stm32f429i_discovery_ts.o
 .bss._x.9360   0x0000000020000288        0x4 Drivers/BSP/STM32F429I-Discovery/stm32f429i_discovery_ts.o
 .bss._y.9361   0x000000002000028c        0x4 Drivers/BSP/STM32F429I-Discovery/stm32f429i_discovery_ts.o
 .bss.KernelState
                0x0000000020000290        0x4 Middlewares/Third_Party/FreeRTOS/Source/CMSIS_RTOS_V2/cmsis_os2.o
 .bss.Idle_TCB  0x0000000020000294       0x5c Middlewares/Third_Party/FreeRTOS/Source/CMSIS_RTOS_V2/cmsis_os2.o
 .bss.Idle_Stack
                0x00000000200002f0      0x200 Middlewares/Third_Party/FreeRTOS/Source/CMSIS_RTOS_V2/cmsis_os2.o
 .bss.Timer_TCB
                0x00000000200004f0       0x5c Middlewares/Third_Party/FreeRTOS/Source/CMSIS_RTOS_V2/cmsis_os2.o
 .bss.Timer_Stack
                0x000000002000054c      0x400 Middlewares/Third_Party/FreeRTOS/Source/CMSIS_RTOS_V2/cmsis_os2.o
 .bss.pxCurrentTCB
                0x000000002000094c        0x4 Middlewares/Third_Party/FreeRTOS/Source/tasks.o
                0x000000002000094c                pxCurrentTCB
 .bss.pxReadyTasksLists
                0x0000000020000950      0x460 Middlewares/Third_Party/FreeRTOS/Source/tasks.o
 .bss.xDelayedTaskList1
                0x0000000020000db0       0x14 Middlewares/Third_Party/FreeRTOS/Source/tasks.o
 .bss.xDelayedTaskList2
                0x0000000020000dc4       0x14 Middlewares/Third_Party/FreeRTOS/Source/tasks.o
 .bss.pxDelayedTaskList
                0x0000000020000dd8        0x4 Middlewares/Third_Party/FreeRTOS/Source/tasks.o
 .bss.pxOverflowDelayedTaskList
                0x0000000020000ddc        0x4 Middlewares/Third_Party/FreeRTOS/Source/tasks.o
 .bss.xPendingReadyList
                0x0000000020000de0       0x14 Middlewares/Third_Party/FreeRTOS/Source/tasks.o
 .bss.xTasksWaitingTermination
                0x0000000020000df4       0x14 Middlewares/Third_Party/FreeRTOS/Source/tasks.o
 .bss.uxDeletedTasksWaitingCleanUp
                0x0000000020000e08        0x4 Middlewares/Third_Party/FreeRTOS/Source/tasks.o
 .bss.xSuspendedTaskList
                0x0000000020000e0c       0x14 Middlewares/Third_Party/FreeRTOS/Source/tasks.o
 .bss.uxCurrentNumberOfTasks
                0x0000000020000e20        0x4 Middlewares/Third_Party/FreeRTOS/Source/tasks.o
 .bss.xTickCount
                0x0000000020000e24        0x4 Middlewares/Third_Party/FreeRTOS/Source/tasks.o
 .bss.uxTopReadyPriority
                0x0000000020000e28        0x4 Middlewares/Third_Party/FreeRTOS/Source/tasks.o
 .bss.xSchedulerRunning
                0x0000000020000e2c        0x4 Middlewares/Third_Party/FreeRTOS/Source/tasks.o
 .bss.uxPendedTicks
                0x0000000020000e30        0x4 Middlewares/Third_Party/FreeRTOS/Source/tasks.o
 .bss.xYieldPending
                0x0000000020000e34        0x4 Middlewares/Third_Party/FreeRTOS/Source/tasks.o
 .bss.xNumOfOverflows
                0x0000000020000e38        0x4 Middlewares/Third_Party/FreeRTOS/Source/tasks.o
 .bss.uxTaskNumber
                0x0000000020000e3c        0x4 Middlewares/Third_Party/FreeRTOS/Source/tasks.o
 .bss.xNextTaskUnblockTime
                0x0000000020000e40        0x4 Middlewares/Third_Party/FreeRTOS/Source/tasks.o
 .bss.xIdleTaskHandle
                0x0000000020000e44        0x4 Middlewares/Third_Party/FreeRTOS/Source/tasks.o
 .bss.uxSchedulerSuspended
                0x0000000020000e48        0x4 Middlewares/Third_Party/FreeRTOS/Source/tasks.o
 .bss.xActiveTimerList1
                0x0000000020000e4c       0x14 Middlewares/Third_Party/FreeRTOS/Source/timers.o
 .bss.xActiveTimerList2
                0x0000000020000e60       0x14 Middlewares/Third_Party/FreeRTOS/Source/timers.o
 .bss.pxCurrentTimerList
                0x0000000020000e74        0x4 Middlewares/Third_Party/FreeRTOS/Source/timers.o
 .bss.pxOverflowTimerList
                0x0000000020000e78        0x4 Middlewares/Third_Party/FreeRTOS/Source/timers.o
 .bss.xTimerQueue
                0x0000000020000e7c        0x4 Middlewares/Third_Party/FreeRTOS/Source/timers.o
 .bss.xTimerTaskHandle
                0x0000000020000e80        0x4 Middlewares/Third_Party/FreeRTOS/Source/timers.o
 .bss.xLastTime.6741
                0x0000000020000e84        0x4 Middlewares/Third_Party/FreeRTOS/Source/timers.o
 .bss.ucStaticTimerQueueStorage.6792
                0x0000000020000e88       0xa0 Middlewares/Third_Party/FreeRTOS/Source/timers.o
 .bss.xStaticTimerQueue.6791
                0x0000000020000f28       0x50 Middlewares/Third_Party/FreeRTOS/Source/timers.o
 .bss.ucMaxSysCallPriority
                0x0000000020000f78        0x1 Middlewares/Third_Party/FreeRTOS/Source/portable/GCC/ARM_CM4F/port.o
 *fill*         0x0000000020000f79        0x3 
 .bss.ulMaxPRIGROUPValue
                0x0000000020000f7c        0x4 Middlewares/Third_Party/FreeRTOS/Source/portable/GCC/ARM_CM4F/port.o
 .bss.ucHeap    0x0000000020000f80     0x3c00 Middlewares/Third_Party/FreeRTOS/Source/portable/MemMang/heap_4.o
 .bss.xStart    0x0000000020004b80        0x8 Middlewares/Third_Party/FreeRTOS/Source/portable/MemMang/heap_4.o
 .bss.pxEnd     0x0000000020004b88        0x4 Middlewares/Third_Party/FreeRTOS/Source/portable/MemMang/heap_4.o
 .bss.xFreeBytesRemaining
                0x0000000020004b8c        0x4 Middlewares/Third_Party/FreeRTOS/Source/portable/MemMang/heap_4.o
 .bss.xMinimumEverFreeBytesRemaining
                0x0000000020004b90        0x4 Middlewares/Third_Party/FreeRTOS/Source/portable/MemMang/heap_4.o
 .bss.xBlockAllocatedBit
                0x0000000020004b94        0x4 Middlewares/Third_Party/FreeRTOS/Source/portable/MemMang/heap_4.o
 *(COMMON)
 COMMON         0x0000000020004b98        0xc Core/Src/chooseCanvaInterface.o
                0x0000000020004b98                activeView
                0x0000000020004b9c                tsChooseCanva
 COMMON         0x0000000020004ba4       0x40 Core/Src/dma2d.o
                0x0000000020004ba4                hdma2d
 COMMON         0x0000000020004be4       0x34 Core/Src/fmc.o
                0x0000000020004be4                hsdram1
 COMMON         0x0000000020004c18       0x10 Core/Src/freertos.o
                0x0000000020004c18                mainTaskHandle
                0x0000000020004c1c                painterTaskHandle
                0x0000000020004c20                ts_struct
 COMMON         0x0000000020004c28       0x54 Core/Src/i2c.o
                0x0000000020004c28                hi2c3
 COMMON         0x0000000020004c7c       0xa8 Core/Src/ltdc.o
                0x0000000020004c7c                hltdc
 COMMON         0x0000000020004d24    0x1bd08 Core/Src/paintInterface.o
                0x0000000020004d24                buff
 COMMON         0x0000000020020a2c       0x58 Core/Src/spi.o
                0x0000000020020a2c                hspi5
 COMMON         0x0000000020020a84       0x40 Core/Src/stm32f4xx_hal_timebase_tim.o
                0x0000000020020a84                htim6
 COMMON         0x0000000020020ac4       0x40 Core/Src/usart.o
                0x0000000020020ac4                huart1
 COMMON         0x0000000020020b04       0x54 Drivers/BSP/STM32F429I-Discovery/stm32f429i_discovery.o
                0x0000000020020b04                I2cHandle
 COMMON         0x0000000020020b58       0xac Drivers/BSP/STM32F429I-Discovery/stm32f429i_discovery_lcd.o
                0x0000000020020b58                LtdcHandler
                0x0000000020020c00                LcdDrv
 COMMON         0x0000000020020c04        0x4 Drivers/STM32F4xx_HAL_Driver/Src/stm32f4xx_hal.o
                0x0000000020020c04                uwTick
 COMMON         0x0000000020020c08       0x20 Drivers/STM32F4xx_HAL_Driver/Src/stm32f4xx_hal_flash.o
                0x0000000020020c08                pFlash
 COMMON         0x0000000020020c28       0x40 Middlewares/Third_Party/FreeRTOS/Source/queue.o
                0x0000000020020c28                xQueueRegistry
                0x0000000020020c68                . = ALIGN (0x4)
                0x0000000020020c68                _ebss = .
                0x0000000020020c68                __bss_end__ = _ebss

._user_heap_stack
                0x0000000020020c68      0x600 load address 0x000000000800ef6c
                0x0000000020020c68                . = ALIGN (0x8)
                0x0000000020020c68                PROVIDE (end = .)
                [!provide]                        PROVIDE (_end = .)
                0x0000000020020e68                . = (. + _Min_Heap_Size)
 *fill*         0x0000000020020c68      0x200 
                0x0000000020021268                . = (. + _Min_Stack_Size)
 *fill*         0x0000000020020e68      0x400 
                0x0000000020021268                . = ALIGN (0x8)

/DISCARD/
 libc.a(*)
 libm.a(*)
 libgcc.a(*)

.ARM.attributes
                0x0000000000000000       0x30
 *(.ARM.attributes)
 .ARM.attributes
                0x0000000000000000       0x22 c:/st/stm32cubeide_1.3.0/stm32cubeide/plugins/com.st.stm32cube.ide.mcu.externaltools.gnu-tools-for-stm32.7-2018-q2-update.win32_1.0.0.201904181610/tools/bin/../lib/gcc/arm-none-eabi/7.3.1/thumb/v7e-m/fpv4-sp/hard/crti.o
 .ARM.attributes
                0x0000000000000022       0x34 c:/st/stm32cubeide_1.3.0/stm32cubeide/plugins/com.st.stm32cube.ide.mcu.externaltools.gnu-tools-for-stm32.7-2018-q2-update.win32_1.0.0.201904181610/tools/bin/../lib/gcc/arm-none-eabi/7.3.1/thumb/v7e-m/fpv4-sp/hard/crtbegin.o
 .ARM.attributes
                0x0000000000000056       0x39 Core/Src/chooseCanvaInterface.o
 .ARM.attributes
                0x000000000000008f       0x39 Core/Src/dma2d.o
 .ARM.attributes
                0x00000000000000c8       0x39 Core/Src/fmc.o
 .ARM.attributes
                0x0000000000000101       0x39 Core/Src/freertos.o
 .ARM.attributes
                0x000000000000013a       0x39 Core/Src/gpio.o
 .ARM.attributes
                0x0000000000000173       0x39 Core/Src/i2c.o
 .ARM.attributes
                0x00000000000001ac       0x39 Core/Src/ltdc.o
 .ARM.attributes
                0x00000000000001e5       0x39 Core/Src/main.o
 .ARM.attributes
                0x000000000000021e       0x39 Core/Src/paint.o
 .ARM.attributes
                0x0000000000000257       0x39 Core/Src/paintInterface.o
 .ARM.attributes
                0x0000000000000290       0x39 Core/Src/paintIntro.o
 .ARM.attributes
                0x00000000000002c9       0x39 Core/Src/save.o
 .ARM.attributes
                0x0000000000000302       0x39 Core/Src/spi.o
 .ARM.attributes
                0x000000000000033b       0x39 Core/Src/stm32f4xx_hal_msp.o
 .ARM.attributes
                0x0000000000000374       0x39 Core/Src/stm32f4xx_hal_timebase_tim.o
 .ARM.attributes
                0x00000000000003ad       0x39 Core/Src/stm32f4xx_it.o
 .ARM.attributes
                0x00000000000003e6       0x39 Core/Src/system_stm32f4xx.o
 .ARM.attributes
                0x000000000000041f       0x39 Core/Src/usart.o
 .ARM.attributes