Archive member included to satisfy reference by file (symbol)

c:/st/stm32cubeide_1.3.0/stm32cubeide/plugins/com.st.stm32cube.ide.mcu.externaltools.gnu-tools-for-stm32.7-2018-q2-update.win32_1.0.0.201904181610/tools/bin/../lib/gcc/arm-none-eabi/7.3.1/../../../../arm-none-eabi/lib/thumb/v7e-m/fpv4-sp/hard\libc_nano.a(lib_a-errno.o)
                              Core/Src/syscalls.o (__errno)
c:/st/stm32cubeide_1.3.0/stm32cubeide/plugins/com.st.stm32cube.ide.mcu.externaltools.gnu-tools-for-stm32.7-2018-q2-update.win32_1.0.0.201904181610/tools/bin/../lib/gcc/arm-none-eabi/7.3.1/../../../../arm-none-eabi/lib/thumb/v7e-m/fpv4-sp/hard\libc_nano.a(lib_a-exit.o)
                              c:/st/stm32cubeide_1.3.0/stm32cubeide/plugins/com.st.stm32cube.ide.mcu.externaltools.gnu-tools-for-stm32.7-2018-q2-update.win32_1.0.0.201904181610/tools/bin/../lib/gcc/arm-none-eabi/7.3.1/../../../../arm-none-eabi/lib/thumb/v7e-m/fpv4-sp/hard/crt0.o (exit)
c:/st/stm32cubeide_1.3.0/stm32cubeide/plugins/com.st.stm32cube.ide.mcu.externaltools.gnu-tools-for-stm32.7-2018-q2-update.win32_1.0.0.201904181610/tools/bin/../lib/gcc/arm-none-eabi/7.3.1/../../../../arm-none-eabi/lib/thumb/v7e-m/fpv4-sp/hard\libc_nano.a(lib_a-impure.o)
                              c:/st/stm32cubeide_1.3.0/stm32cubeide/plugins/com.st.stm32cube.ide.mcu.externaltools.gnu-tools-for-stm32.7-2018-q2-update.win32_1.0.0.201904181610/tools/bin/../lib/gcc/arm-none-eabi/7.3.1/../../../../arm-none-eabi/lib/thumb/v7e-m/fpv4-sp/hard\libc_nano.a(lib_a-exit.o) (_global_impure_ptr)
c:/st/stm32cubeide_1.3.0/stm32cubeide/plugins/com.st.stm32cube.ide.mcu.externaltools.gnu-tools-for-stm32.7-2018-q2-update.win32_1.0.0.201904181610/tools/bin/../lib/gcc/arm-none-eabi/7.3.1/../../../../arm-none-eabi/lib/thumb/v7e-m/fpv4-sp/hard\libc_nano.a(lib_a-init.o)
                              c:/st/stm32cubeide_1.3.0/stm32cubeide/plugins/com.st.stm32cube.ide.mcu.externaltools.gnu-tools-for-stm32.7-2018-q2-update.win32_1.0.0.201904181610/tools/bin/../lib/gcc/arm-none-eabi/7.3.1/../../../../arm-none-eabi/lib/thumb/v7e-m/fpv4-sp/hard/crt0.o (__libc_init_array)
c:/st/stm32cubeide_1.3.0/stm32cubeide/plugins/com.st.stm32cube.ide.mcu.externaltools.gnu-tools-for-stm32.7-2018-q2-update.win32_1.0.0.201904181610/tools/bin/../lib/gcc/arm-none-eabi/7.3.1/../../../../arm-none-eabi/lib/thumb/v7e-m/fpv4-sp/hard\libc_nano.a(lib_a-memset.o)
                              c:/st/stm32cubeide_1.3.0/stm32cubeide/plugins/com.st.stm32cube.ide.mcu.externaltools.gnu-tools-for-stm32.7-2018-q2-update.win32_1.0.0.201904181610/tools/bin/../lib/gcc/arm-none-eabi/7.3.1/../../../../arm-none-eabi/lib/thumb/v7e-m/fpv4-sp/hard/crt0.o (memset)
c:/st/stm32cubeide_1.3.0/stm32cubeide/plugins/com.st.stm32cube.ide.mcu.externaltools.gnu-tools-for-stm32.7-2018-q2-update.win32_1.0.0.201904181610/tools/bin/../lib/gcc/arm-none-eabi/7.3.1/thumb/v7e-m/fpv4-sp/hard\libgcc.a(_aeabi_uldivmod.o)
                              Drivers/STM32F4xx_HAL_Driver/Src/stm32f4xx_hal_rcc.o (__aeabi_uldivmod)
c:/st/stm32cubeide_1.3.0/stm32cubeide/plugins/com.st.stm32cube.ide.mcu.externaltools.gnu-tools-for-stm32.7-2018-q2-update.win32_1.0.0.201904181610/tools/bin/../lib/gcc/arm-none-eabi/7.3.1/thumb/v7e-m/fpv4-sp/hard\libgcc.a(_udivmoddi4.o)
                              c:/st/stm32cubeide_1.3.0/stm32cubeide/plugins/com.st.stm32cube.ide.mcu.externaltools.gnu-tools-for-stm32.7-2018-q2-update.win32_1.0.0.201904181610/tools/bin/../lib/gcc/arm-none-eabi/7.3.1/thumb/v7e-m/fpv4-sp/hard\libgcc.a(_aeabi_uldivmod.o) (__udivmoddi4)
c:/st/stm32cubeide_1.3.0/stm32cubeide/plugins/com.st.stm32cube.ide.mcu.externaltools.gnu-tools-for-stm32.7-2018-q2-update.win32_1.0.0.201904181610/tools/bin/../lib/gcc/arm-none-eabi/7.3.1/thumb/v7e-m/fpv4-sp/hard\libgcc.a(_dvmd_tls.o)
                              c:/st/stm32cubeide_1.3.0/stm32cubeide/plugins/com.st.stm32cube.ide.mcu.externaltools.gnu-tools-for-stm32.7-2018-q2-update.win32_1.0.0.201904181610/tools/bin/../lib/gcc/arm-none-eabi/7.3.1/thumb/v7e-m/fpv4-sp/hard\libgcc.a(_aeabi_uldivmod.o) (__aeabi_ldiv0)

Allocating common symbols
Common symbol       size              file

hi2c3               0x54              Core/Src/i2c.o
hspi5               0x58              Core/Src/spi.o
LtdcHandler         0xa8              Drivers/BSP/STM32F429I-Discovery/stm32f429i_discovery_lcd.o
uwTick              0x4               Drivers/STM32F4xx_HAL_Driver/Src/stm32f4xx_hal.o
pFlash              0x20              Drivers/STM32F4xx_HAL_Driver/Src/stm32f4xx_hal_flash.o
hltdc               0xa8              Core/Src/ltdc.o
activeView          0x1               Core/Src/chooseCanvaInterface.o
huart1              0x40              Core/Src/usart.o
htim6               0x40              Core/Src/stm32f4xx_hal_timebase_tim.o
aBufferTS           0xa               Drivers/BSP/Components/exc7200/exc7200.o
hdma2d              0x40              Core/Src/dma2d.o
ts_struct           0x8               Core/Src/main.o
[...]
Memory Configuration

Name             Origin             Length             Attributes
CCMRAM           0x0000000010000000 0x0000000000010000 xrw
RAM              0x0000000020000000 0x0000000000030000 xrw
FLASH            0x0000000008000000 0x0000000000200000 xr
*default*        0x0000000000000000 0xffffffffffffffff

Linker script and memory map

LOAD c:/st/stm32cubeide_1.3.0/stm32cubeide/plugins/com.st.stm32cube.ide.mcu.externaltools.gnu-tools-for-stm32.7-2018-q2-update.win32_1.0.0.201904181610/tools/bin/../lib/gcc/arm-none-eabi/7.3.1/thumb/v7e-m/fpv4-sp/hard/crti.o
LOAD c:/st/stm32cubeide_1.3.0/stm32cubeide/plugins/com.st.stm32cube.ide.mcu.externaltools.gnu-tools-for-stm32.7-2018-q2-update.win32_1.0.0.201904181610/tools/bin/../lib/gcc/arm-none-eabi/7.3.1/thumb/v7e-m/fpv4-sp/hard/crtbegin.o
LOAD c:/st/stm32cubeide_1.3.0/stm32cubeide/plugins/com.st.stm32cube.ide.mcu.externaltools.gnu-tools-for-stm32.7-2018-q2-update.win32_1.0.0.201904181610/tools/bin/../lib/gcc/arm-none-eabi/7.3.1/../../../../arm-none-eabi/lib/thumb/v7e-m/fpv4-sp/hard/crt0.o
LOAD Core/Src/chooseCanvaInterface.o
LOAD Core/Src/dma2d.o
LOAD Core/Src/fmc.o
LOAD Core/Src/gpio.o
LOAD Core/Src/i2c.o
LOAD Core/Src/ltdc.o
LOAD Core/Src/main.o
LOAD Core/Src/paint.o
LOAD Core/Src/paintInterface.o
LOAD Core/Src/paintIntro.o
LOAD Core/Src/save.o
LOAD Core/Src/spi.o
LOAD Core/Src/stm32f4xx_hal_msp.o
LOAD Core/Src/stm32f4xx_hal_timebase_tim.o
LOAD Core/Src/stm32f4xx_it.o
LOAD Core/Src/syscalls.o
LOAD Core/Src/sysmem.o
LOAD Core/Src/system_stm32f4xx.o
LOAD Core/Src/usart.o
LOAD Core/Startup/startup_stm32f429zitx.o
LOAD Drivers/BSP/Components/cs43l22/cs43l22.o
LOAD Drivers/BSP/Components/exc7200/exc7200.o
LOAD Drivers/BSP/Components/ft6x06/ft6x06.o
LOAD Drivers/BSP/Components/ili9325/ili9325.o
LOAD Drivers/BSP/Components/ili9341/ili9341.o
LOAD Drivers/BSP/Components/l3gd20/l3gd20.o
LOAD Drivers/BSP/Components/lis302dl/lis302dl.o
LOAD Drivers/BSP/Components/lis3dsh/lis3dsh.o
LOAD Drivers/BSP/Components/ls016b8uy/ls016b8uy.o
LOAD Drivers/BSP/Components/lsm303dlhc/lsm303dlhc.o
LOAD Drivers/BSP/Components/mfxstm32l152/mfxstm32l152.o
LOAD Drivers/BSP/Components/otm8009a/otm8009a.o
LOAD Drivers/BSP/Components/ov2640/ov2640.o
LOAD Drivers/BSP/Components/s5k5cag/s5k5cag.o
LOAD Drivers/BSP/Components/st7735/st7735.o
LOAD Drivers/BSP/Components/st7789h2/st7789h2.o
LOAD Drivers/BSP/Components/stmpe1600/stmpe1600.o
LOAD Drivers/BSP/Components/stmpe811/stmpe811.o
LOAD Drivers/BSP/Components/ts3510/ts3510.o
LOAD Drivers/BSP/Components/wm8994/wm8994.o
LOAD Drivers/BSP/STM32F429I-Discovery/stm32f429i_discovery.o
LOAD Drivers/BSP/STM32F429I-Discovery/stm32f429i_discovery_eeprom.o
LOAD Drivers/BSP/STM32F429I-Discovery/stm32f429i_discovery_gyroscope.o
LOAD Drivers/BSP/STM32F429I-Discovery/stm32f429i_discovery_io.o
LOAD Drivers/BSP/STM32F429I-Discovery/stm32f429i_discovery_lcd.o
LOAD Drivers/BSP/STM32F429I-Discovery/stm32f429i_discovery_sdram.o
LOAD Drivers/BSP/STM32F429I-Discovery/stm32f429i_discovery_ts.o
LOAD Drivers/STM32F4xx_HAL_Driver/Src/stm32f4xx_hal.o
LOAD Drivers/STM32F4xx_HAL_Driver/Src/stm32f4xx_hal_cortex.o
LOAD Drivers/STM32F4xx_HAL_Driver/Src/stm32f4xx_hal_dma.o
LOAD Drivers/STM32F4xx_HAL_Driver/Src/stm32f4xx_hal_dma2d.o
LOAD Drivers/STM32F4xx_HAL_Driver/Src/stm32f4xx_hal_dma_ex.o
LOAD Drivers/STM32F4xx_HAL_Driver/Src/stm32f4xx_hal_dsi.o
LOAD Drivers/STM32F4xx_HAL_Driver/Src/stm32f4xx_hal_exti.o
LOAD Drivers/STM32F4xx_HAL_Driver/Src/stm32f4xx_hal_flash.o
LOAD Drivers/STM32F4xx_HAL_Driver/Src/stm32f4xx_hal_flash_ex.o
LOAD Drivers/STM32F4xx_HAL_Driver/Src/stm32f4xx_hal_flash_ramfunc.o
LOAD Drivers/STM32F4xx_HAL_Driver/Src/stm32f4xx_hal_gpio.o
LOAD Drivers/STM32F4xx_HAL_Driver/Src/stm32f4xx_hal_i2c.o
LOAD Drivers/STM32F4xx_HAL_Driver/Src/stm32f4xx_hal_i2c_ex.o
LOAD Drivers/STM32F4xx_HAL_Driver/Src/stm32f4xx_hal_ltdc.o
LOAD Drivers/STM32F4xx_HAL_Driver/Src/stm32f4xx_hal_ltdc_ex.o
LOAD Drivers/STM32F4xx_HAL_Driver/Src/stm32f4xx_hal_pwr.o
LOAD Drivers/STM32F4xx_HAL_Driver/Src/stm32f4xx_hal_pwr_ex.o
LOAD Drivers/STM32F4xx_HAL_Driver/Src/stm32f4xx_hal_rcc.o
LOAD Drivers/STM32F4xx_HAL_Driver/Src/stm32f4xx_hal_rcc_ex.o
LOAD Drivers/STM32F4xx_HAL_Driver/Src/stm32f4xx_hal_sdram.o
LOAD Drivers/STM32F4xx_HAL_Driver/Src/stm32f4xx_hal_spi.o
LOAD Drivers/STM32F4xx_HAL_Driver/Src/stm32f4xx_hal_tim.o
LOAD Drivers/STM32F4xx_HAL_Driver/Src/stm32f4xx_hal_tim_ex.o
LOAD Drivers/STM32F4xx_HAL_Driver/Src/stm32f4xx_hal_uart.o
LOAD Drivers/STM32F4xx_HAL_Driver/Src/stm32f4xx_ll_fmc.o
START GROUP
LOAD c:/st/stm32cubeide_1.3.0/stm32cubeide/plugins/com.st.stm32cube.ide.mcu.externaltools.gnu-tools-for-stm32.7-2018-q2-update.win32_1.0.0.201904181610/tools/bin/../lib/gcc/arm-none-eabi/7.3.1/../../../../arm-none-eabi/lib/thumb/v7e-m/fpv4-sp/hard\libc_nano.a
LOAD c:/st/stm32cubeide_1.3.0/stm32cubeide/plugins/com.st.stm32cube.ide.mcu.externaltools.gnu-tools-for-stm32.7-2018-q2-update.win32_1.0.0.201904181610/tools/bin/../lib/gcc/arm-none-eabi/7.3.1/../../../../arm-none-eabi/lib/thumb/v7e-m/fpv4-sp/hard\libm.a
END GROUP
START GROUP
LOAD c:/st/stm32cubeide_1.3.0/stm32cubeide/plugins/com.st.stm32cube.ide.mcu.externaltools.gnu-tools-for-stm32.7-2018-q2-update.win32_1.0.0.201904181610/tools/bin/../lib/gcc/arm-none-eabi/7.3.1/thumb/v7e-m/fpv4-sp/hard\libgcc.a
LOAD c:/st/stm32cubeide_1.3.0/stm32cubeide/plugins/com.st.stm32cube.ide.mcu.externaltools.gnu-tools-for-stm32.7-2018-q2-update.win32_1.0.0.201904181610/tools/bin/../lib/gcc/arm-none-eabi/7.3.1/../../../../arm-none-eabi/lib/thumb/v7e-m/fpv4-sp/hard\libc_nano.a
END GROUP
START GROUP
LOAD c:/st/stm32cubeide_1.3.0/stm32cubeide/plugins/com.st.stm32cube.ide.mcu.externaltools.gnu-tools-for-stm32.7-2018-q2-update.win32_1.0.0.201904181610/tools/bin/../lib/gcc/arm-none-eabi/7.3.1/thumb/v7e-m/fpv4-sp/hard\libgcc.a
LOAD c:/st/stm32cubeide_1.3.0/stm32cubeide/plugins/com.st.stm32cube.ide.mcu.externaltools.gnu-tools-for-stm32.7-2018-q2-update.win32_1.0.0.201904181610/tools/bin/../lib/gcc/arm-none-eabi/7.3.1/../../../../arm-none-eabi/lib/thumb/v7e-m/fpv4-sp/hard\libc_nano.a
LOAD c:/st/stm32cubeide_1.3.0/stm32cubeide/plugins/com.st.stm32cube.ide.mcu.externaltools.gnu-tools-for-stm32.7-2018-q2-update.win32_1.0.0.201904181610/tools/bin/../lib/gcc/arm-none-eabi/7.3.1/../../../../arm-none-eabi/lib/thumb/v7e-m/fpv4-sp/hard\libnosys.a
END GROUP
START GROUP
LOAD c:/st/stm32cubeide_1.3.0/stm32cubeide/plugins/com.st.stm32cube.ide.mcu.externaltools.gnu-tools-for-stm32.7-2018-q2-update.win32_1.0.0.201904181610/tools/bin/../lib/gcc/arm-none-eabi/7.3.1/thumb/v7e-m/fpv4-sp/hard\libgcc.a
LOAD c:/st/stm32cubeide_1.3.0/stm32cubeide/plugins/com.st.stm32cube.ide.mcu.externaltools.gnu-tools-for-stm32.7-2018-q2-update.win32_1.0.0.201904181610/tools/bin/../lib/gcc/arm-none-eabi/7.3.1/../../../../arm-none-eabi/lib/thumb/v7e-m/fpv4-sp/hard\libc_nano.a
LOAD c:/st/stm32cubeide_1.3.0/stm32cubeide/plugins/com.st.stm32cube.ide.mcu.externaltools.gnu-tools-for-stm32.7-2018-q2-update.win32_1.0.0.201904181610/tools/bin/../lib/gcc/arm-none-eabi/7.3.1/../../../../arm-none-eabi/lib/thumb/v7e-m/fpv4-sp/hard\libnosys.a
END GROUP
LOAD c:/st/stm32cubeide_1.3.0/stm32cubeide/plugins/com.st.stm32cube.ide.mcu.externaltools.gnu-tools-for-stm32.7-2018-q2-update.win32_1.0.0.201904181610/tools/bin/../lib/gcc/arm-none-eabi/7.3.1/thumb/v7e-m/fpv4-sp/hard/crtend.o
LOAD c:/st/stm32cubeide_1.3.0/stm32cubeide/plugins/com.st.stm32cube.ide.mcu.externaltools.gnu-tools-for-stm32.7-2018-q2-update.win32_1.0.0.201904181610/tools/bin/../lib/gcc/arm-none-eabi/7.3.1/thumb/v7e-m/fpv4-sp/hard/crtn.o
                0x0000000020030000                _estack = (ORIGIN (RAM) + LENGTH (RAM))
                0x0000000000000200                _Min_Heap_Size = 0x200
                0x0000000000000400                _Min_Stack_Size = 0x400

.isr_vector     0x0000000008000000      0x1ac
                0x0000000008000000                . = ALIGN (0x4)
 *(.isr_vector)
 .isr_vector    0x0000000008000000      0x1ac Core/Startup/startup_stm32f429zitx.o
                0x0000000008000000                g_pfnVectors
                0x00000000080001ac                . = ALIGN (0x4)

.text           0x00000000080001ac     0x9578
                0x00000000080001ac                . = ALIGN (0x4)
 *(.text)
 .text          0x00000000080001ac       0x40 c:/st/stm32cubeide_1.3.0/stm32cubeide/plugins/com.st.stm32cube.ide.mcu.externaltools.gnu-tools-for-stm32.7-2018-q2-update.win32_1.0.0.201904181610/tools/bin/../lib/gcc/arm-none-eabi/7.3.1/thumb/v7e-m/fpv4-sp/hard/crtbegin.o
 .text          0x00000000080001ec       0x30 c:/st/stm32cubeide_1.3.0/stm32cubeide/plugins/com.st.stm32cube.ide.mcu.externaltools.gnu-tools-for-stm32.7-2018-q2-update.win32_1.0.0.201904181610/tools/bin/../lib/gcc/arm-none-eabi/7.3.1/thumb/v7e-m/fpv4-sp/hard\libgcc.a(_aeabi_uldivmod.o)
                0x00000000080001ec                __aeabi_uldivmod
 .text          0x000000000800021c      0x2cc c:/st/stm32cubeide_1.3.0/stm32cubeide/plugins/com.st.stm32cube.ide.mcu.externaltools.gnu-tools-for-stm32.7-2018-q2-update.win32_1.0.0.201904181610/tools/bin/../lib/gcc/arm-none-eabi/7.3.1/thumb/v7e-m/fpv4-sp/hard\libgcc.a(_udivmoddi4.o)
                0x000000000800021c                __udivmoddi4
 .text          0x00000000080004e8        0x4 c:/st/stm32cubeide_1.3.0/stm32cubeide/plugins/com.st.stm32cube.ide.mcu.externaltools.gnu-tools-for-stm32.7-2018-q2-update.win32_1.0.0.201904181610/tools/bin/../lib/gcc/arm-none-eabi/7.3.1/thumb/v7e-m/fpv4-sp/hard\libgcc.a(_dvmd_tls.o)
                0x00000000080004e8                __aeabi_idiv0
                0x00000000080004e8                __aeabi_ldiv0
 *(.text*)
 .text.showChooseCanvaInterface
                0x00000000080004ec       0x98 Core/Src/chooseCanvaInterface.o
                0x00000000080004ec                showChooseCanvaInterface
 .text.choose   0x0000000008000584       0x80 Core/Src/chooseCanvaInterface.o
                0x0000000008000584                choose
 .text.showInfoScreen
                0x0000000008000604       0xf8 Core/Src/chooseCanvaInterface.o
                0x0000000008000604                showInfoScreen
 .text.serviceInfoScreen
                0x00000000080006fc       0x4c Core/Src/chooseCanvaInterface.o
                0x00000000080006fc                serviceInfoScreen
 .text.MX_DMA2D_Init
                0x0000000008000748       0x3c Core/Src/dma2d.o
                0x0000000008000748                MX_DMA2D_Init
 .text.HAL_DMA2D_MspInit
                0x0000000008000784       0x44 Core/Src/dma2d.o
                0x0000000008000784                HAL_DMA2D_MspInit
 .text.MX_FMC_Init
                0x00000000080007c8       0xa0 Core/Src/fmc.o
                0x00000000080007c8                MX_FMC_Init
 .text.HAL_FMC_MspInit
                0x0000000008000868      0x124 Core/Src/fmc.o
 .text.HAL_SDRAM_MspInit
                0x000000000800098c       0x14 Core/Src/fmc.o
                0x000000000800098c                HAL_SDRAM_MspInit
 .text.MX_GPIO_Init
                0x00000000080009a0       0xf8 Core/Src/gpio.o
                0x00000000080009a0                MX_GPIO_Init
 .text.MX_I2C3_Init
                0x0000000008000a98       0x80 Core/Src/i2c.o
                0x0000000008000a98                MX_I2C3_Init
 .text.HAL_I2C_MspInit
                0x0000000008000b18       0xd4 Core/Src/i2c.o
                0x0000000008000b18                HAL_I2C_MspInit
 .text.HAL_I2C_MspDeInit
                0x0000000008000bec       0x4c Core/Src/i2c.o
                0x0000000008000bec                HAL_I2C_MspDeInit
 .text.MX_LTDC_Init
                0x0000000008000c38      0x164 Core/Src/ltdc.o
                0x0000000008000c38                MX_LTDC_Init
 .text.HAL_LTDC_MspInit
                0x0000000008000d9c      0x21c Core/Src/ltdc.o
                0x0000000008000d9c                HAL_LTDC_MspInit
 .text.main     0x0000000008000fb8       0x80 Core/Src/main.o
                0x0000000008000fb8                main
 .text.SystemClock_Config
                0x0000000008001038      0x114 Core/Src/main.o
                0x0000000008001038                SystemClock_Config
 .text.HAL_TIM_PeriodElapsedCallback
                0x000000000800114c       0x24 Core/Src/main.o
                0x000000000800114c                HAL_TIM_PeriodElapsedCallback
 .text.Error_Handler
                0x0000000008001170        0xe Core/Src/main.o
                0x0000000008001170                Error_Handler
 .text.configTS
                0x000000000800117e       0x32 Core/Src/paint.o
                0x000000000800117e                configTS
 .text.showPaintInterface
                0x00000000080011b0      0x180 Core/Src/paintInterface.o
                0x00000000080011b0                showPaintInterface
 .text.paintService
                0x0000000008001330      0x304 Core/Src/paintInterface.o
                0x0000000008001330                paintService
 .text.resetColorMarkdown
                0x0000000008001634       0x66 Core/Src/paintInterface.o
                0x0000000008001634                resetColorMarkdown
 .text.resetThicknessMarkdown
                0x000000000800169a       0x34 Core/Src/paintInterface.o
                0x000000000800169a                resetThicknessMarkdown
 *fill*         0x00000000080016ce        0x2 
 .text.markdown
                0x00000000080016d0       0x68 Core/Src/paintInterface.o
                0x00000000080016d0                markdown
 .text.clearWorkspace
                0x0000000008001738       0x30 Core/Src/paintInterface.o
                0x0000000008001738                clearWorkspace
 .text.saveP    0x0000000008001768      0x10c Core/Src/paintInterface.o
                0x0000000008001768                saveP
 .text.loadP    0x0000000008001874      0x108 Core/Src/paintInterface.o
                0x0000000008001874                loadP
 .text.initLCD  0x000000000800197c       0x20 Core/Src/paintIntro.o
                0x000000000800197c                initLCD
 .text.printHelloScreen
                0x000000000800199c       0xe8 Core/Src/paintIntro.o
                0x000000000800199c                printHelloScreen
 .text.EraseSector
                0x0000000008001a84       0x20 Core/Src/save.o
                0x0000000008001a84                EraseSector
 .text.SetSectorAddr
                0x0000000008001aa4       0x2c Core/Src/save.o
                0x0000000008001aa4                SetSectorAddr
 .text.WriteToFlash
                0x0000000008001ad0       0x64 Core/Src/save.o
                0x0000000008001ad0                WriteToFlash
 .text.ReadFromFlash
                0x0000000008001b34       0x50 Core/Src/save.o
                0x0000000008001b34                ReadFromFlash
 .text.MX_SPI5_Init
                0x0000000008001b84       0x6c Core/Src/spi.o
                0x0000000008001b84                MX_SPI5_Init
 .text.HAL_SPI_MspInit
                0x0000000008001bf0       0x90 Core/Src/spi.o
                0x0000000008001bf0                HAL_SPI_MspInit
 .text.HAL_SPI_MspDeInit
                0x0000000008001c80       0x3c Core/Src/spi.o
                0x0000000008001c80                HAL_SPI_MspDeInit
 .text.HAL_MspInit
                0x0000000008001cbc       0x50 Core/Src/stm32f4xx_hal_msp.o
                0x0000000008001cbc                HAL_MspInit
 .text.HAL_InitTick
                0x0000000008001d0c       0xb4 Core/Src/stm32f4xx_hal_timebase_tim.o
                0x0000000008001d0c                HAL_InitTick
 .text.NMI_Handler
                0x0000000008001dc0        0xe Core/Src/stm32f4xx_it.o
                0x0000000008001dc0                NMI_Handler
 .text.HardFault_Handler
                0x0000000008001dce        0x6 Core/Src/stm32f4xx_it.o
                0x0000000008001dce                HardFault_Handler
 .text.MemManage_Handler
                0x0000000008001dd4        0x6 Core/Src/stm32f4xx_it.o
                0x0000000008001dd4                MemManage_Handler
 .text.BusFault_Handler
                0x0000000008001dda        0x6 Core/Src/stm32f4xx_it.o
                0x0000000008001dda                BusFault_Handler
 .text.UsageFault_Handler
                0x0000000008001de0        0x6 Core/Src/stm32f4xx_it.o
                0x0000000008001de0                UsageFault_Handler
 .text.SVC_Handler
                0x0000000008001de6        0xe Core/Src/stm32f4xx_it.o
                0x0000000008001de6                SVC_Handler
 .text.DebugMon_Handler
                0x0000000008001df4        0xe Core/Src/stm32f4xx_it.o
                0x0000000008001df4                DebugMon_Handler
 .text.PendSV_Handler
                0x0000000008001e02        0xe Core/Src/stm32f4xx_it.o
                0x0000000008001e02                PendSV_Handler
 .text.TIM6_DAC_IRQHandler
                0x0000000008001e10       0x14 Core/Src/stm32f4xx_it.o
                0x0000000008001e10                TIM6_DAC_IRQHandler
 .text.SystemInit
                0x0000000008001e24       0x2c Core/Src/system_stm32f4xx.o
                0x0000000008001e24                SystemInit
 .text.MX_USART1_UART_Init
                0x0000000008001e50       0x54 Core/Src/usart.o
                0x0000000008001e50                MX_USART1_UART_Init
 .text.HAL_UART_MspInit
                0x0000000008001ea4       0x90 Core/Src/usart.o
                0x0000000008001ea4                HAL_UART_MspInit
 .text.Reset_Handler
                0x0000000008001f34       0x50 Core/Startup/startup_stm32f429zitx.o
                0x0000000008001f34                Reset_Handler
 .text.Default_Handler
                0x0000000008001f84        0x2 Core/Startup/startup_stm32f429zitx.o
                0x0000000008001f84                RTC_Alarm_IRQHandler
                0x0000000008001f84                HASH_RNG_IRQHandler
                0x0000000008001f84                EXTI2_IRQHandler
                0x0000000008001f84                TIM8_CC_IRQHandler
                0x0000000008001f84                UART8_IRQHandler
                0x0000000008001f84                SPI4_IRQHandler
                0x0000000008001f84                TIM1_CC_IRQHandler
                0x0000000008001f84                DMA2_Stream5_IRQHandler
                0x0000000008001f84                DMA1_Stream5_IRQHandler
                0x0000000008001f84                SysTick_Handler
                0x0000000008001f84                PVD_IRQHandler
                0x0000000008001f84                SDIO_IRQHandler
                0x0000000008001f84                TAMP_STAMP_IRQHandler
                0x0000000008001f84                CAN2_RX1_IRQHandler
                0x0000000008001f84                EXTI3_IRQHandler
                0x0000000008001f84                TIM8_TRG_COM_TIM14_IRQHandler
                0x0000000008001f84                TIM1_UP_TIM10_IRQHandler
                0x0000000008001f84                TIM8_UP_TIM13_IRQHandler
                0x0000000008001f84                I2C3_ER_IRQHandler
                0x0000000008001f84                EXTI0_IRQHandler
                0x0000000008001f84                I2C2_EV_IRQHandler
                0x0000000008001f84                DMA1_Stream2_IRQHandler
                0x0000000008001f84                CAN1_RX0_IRQHandler
                0x0000000008001f84                FPU_IRQHandler
                0x0000000008001f84                OTG_HS_WKUP_IRQHandler
                0x0000000008001f84                LTDC_ER_IRQHandler
                0x0000000008001f84                CAN2_SCE_IRQHandler
                0x0000000008001f84                DMA2_Stream2_IRQHandler
                0x0000000008001f84                SPI1_IRQHandler
                0x0000000008001f84                TIM1_BRK_TIM9_IRQHandler
                0x0000000008001f84                DCMI_IRQHandler
                0x0000000008001f84                CAN2_RX0_IRQHandler
                0x0000000008001f84                DMA2_Stream3_IRQHandler
                0x0000000008001f84                USART6_IRQHandler
                0x0000000008001f84                USART3_IRQHandler
                0x0000000008001f84                CAN1_RX1_IRQHandler
                0x0000000008001f84                UART5_IRQHandler
                0x0000000008001f84                DMA2_Stream0_IRQHandler
                0x0000000008001f84                TIM4_IRQHandler
                0x0000000008001f84                I2C1_EV_IRQHandler
                0x0000000008001f84                DMA1_Stream6_IRQHandler
                0x0000000008001f84                DMA1_Stream1_IRQHandler
                0x0000000008001f84                UART4_IRQHandler
                0x0000000008001f84                TIM3_IRQHandler
                0x0000000008001f84                RCC_IRQHandler
                0x0000000008001f84                TIM8_BRK_TIM12_IRQHandler
                0x0000000008001f84                Default_Handler
                0x0000000008001f84                EXTI15_10_IRQHandler
                0x0000000008001f84                ADC_IRQHandler
                0x0000000008001f84                DMA1_Stream7_IRQHandler
                0x0000000008001f84                SPI5_IRQHandler
                0x0000000008001f84                TIM7_IRQHandler
                0x0000000008001f84                CAN2_TX_IRQHandler
                0x0000000008001f84                TIM5_IRQHandler
                0x0000000008001f84                DMA2_Stream7_IRQHandler
                0x0000000008001f84                I2C3_EV_IRQHandler
                0x0000000008001f84                EXTI9_5_IRQHandler
                0x0000000008001f84                RTC_WKUP_IRQHandler
                0x0000000008001f84                LTDC_IRQHandler
                0x0000000008001f84                ETH_WKUP_IRQHandler
                0x0000000008001f84                SPI2_IRQHandler
                0x0000000008001f84                OTG_HS_EP1_IN_IRQHandler
                0x0000000008001f84                DMA1_Stream0_IRQHandler
                0x0000000008001f84                CAN1_TX_IRQHandler
                0x0000000008001f84                EXTI4_IRQHandler
                0x0000000008001f84                ETH_IRQHandler
                0x0000000008001f84                OTG_HS_EP1_OUT_IRQHandler
                0x0000000008001f84                WWDG_IRQHandler
                0x0000000008001f84                SPI6_IRQHandler
                0x0000000008001f84                TIM2_IRQHandler
                0x0000000008001f84                OTG_FS_WKUP_IRQHandler
                0x0000000008001f84                TIM1_TRG_COM_TIM11_IRQHandler
                0x0000000008001f84                OTG_HS_IRQHandler
                0x0000000008001f84                DMA2D_IRQHandler
                0x0000000008001f84                EXTI1_IRQHandler
                0x0000000008001f84                UART7_IRQHandler
                0x0000000008001f84                USART2_IRQHandler
                0x0000000008001f84                I2C2_ER_IRQHandler
                0x0000000008001f84                DMA2_Stream1_IRQHandler
                0x0000000008001f84                CAN1_SCE_IRQHandler
                0x0000000008001f84                FLASH_IRQHandler
                0x0000000008001f84                DMA2_Stream4_IRQHandler
                0x0000000008001f84                USART1_IRQHandler
                0x0000000008001f84                OTG_FS_IRQHandler
                0x0000000008001f84                SPI3_IRQHandler
                0x0000000008001f84                DMA1_Stream4_IRQHandler
                0x0000000008001f84                I2C1_ER_IRQHandler
                0x0000000008001f84                FMC_IRQHandler
                0x0000000008001f84                DMA2_Stream6_IRQHandler
                0x0000000008001f84                SAI1_IRQHandler
                0x0000000008001f84                DMA1_Stream3_IRQHandler
 .text.ili9341_Init
                0x0000000008001f86      0x294 Drivers/BSP/Components/ili9341/ili9341.o
                0x0000000008001f86                ili9341_Init
 .text.ili9341_ReadID
                0x000000000800221a       0x18 Drivers/BSP/Components/ili9341/ili9341.o
                0x000000000800221a                ili9341_ReadID
 .text.ili9341_DisplayOn
                0x0000000008002232        0xe Drivers/BSP/Components/ili9341/ili9341.o
                0x0000000008002232                ili9341_DisplayOn
 .text.ili9341_DisplayOff
                0x0000000008002240        0xe Drivers/BSP/Components/ili9341/ili9341.o
                0x0000000008002240                ili9341_DisplayOff
 .text.ili9341_WriteReg
                0x000000000800224e       0x1a Drivers/BSP/Components/ili9341/ili9341.o
                0x000000000800224e                ili9341_WriteReg
 .text.ili9341_WriteData
                0x0000000008002268       0x1a Drivers/BSP/Components/ili9341/ili9341.o
                0x0000000008002268                ili9341_WriteData
 .text.ili9341_ReadData
                0x0000000008002282       0x26 Drivers/BSP/Components/ili9341/ili9341.o
                0x0000000008002282                ili9341_ReadData
 .text.ili9341_GetLcdPixelWidth
                0x00000000080022a8       0x10 Drivers/BSP/Components/ili9341/ili9341.o
                0x00000000080022a8                ili9341_GetLcdPixelWidth
 .text.ili9341_GetLcdPixelHeight
                0x00000000080022b8       0x12 Drivers/BSP/Components/ili9341/ili9341.o
                0x00000000080022b8                ili9341_GetLcdPixelHeight
 *fill*         0x00000000080022ca        0x2 
 .text.stmpe811_Init
                0x00000000080022cc       0x50 Drivers/BSP/Components/stmpe811/stmpe811.o
                0x00000000080022cc                stmpe811_Init
 .text.stmpe811_Reset
                0x000000000800231c       0x3a Drivers/BSP/Components/stmpe811/stmpe811.o
                0x000000000800231c                stmpe811_Reset
 .text.stmpe811_ReadID
                0x0000000008002356       0x3e Drivers/BSP/Components/stmpe811/stmpe811.o
                0x0000000008002356                stmpe811_ReadID
 .text.stmpe811_EnableGlobalIT
                0x0000000008002394       0x3c Drivers/BSP/Components/stmpe811/stmpe811.o
                0x0000000008002394                stmpe811_EnableGlobalIT
 .text.stmpe811_DisableGlobalIT
                0x00000000080023d0       0x3c Drivers/BSP/Components/stmpe811/stmpe811.o
                0x00000000080023d0                stmpe811_DisableGlobalIT
 .text.stmpe811_EnableITSource
                0x000000000800240c       0x42 Drivers/BSP/Components/stmpe811/stmpe811.o
                0x000000000800240c                stmpe811_EnableITSource
 .text.stmpe811_DisableITSource
                0x000000000800244e       0x4c Drivers/BSP/Components/stmpe811/stmpe811.o
                0x000000000800244e                stmpe811_DisableITSource
 .text.stmpe811_ReadGITStatus
                0x000000000800249a       0x2e Drivers/BSP/Components/stmpe811/stmpe811.o
                0x000000000800249a                stmpe811_ReadGITStatus
 .text.stmpe811_ClearGlobalIT
                0x00000000080024c8       0x26 Drivers/BSP/Components/stmpe811/stmpe811.o
                0x00000000080024c8                stmpe811_ClearGlobalIT
 .text.stmpe811_IO_EnableAF
                0x00000000080024ee       0x48 Drivers/BSP/Components/stmpe811/stmpe811.o
                0x00000000080024ee                stmpe811_IO_EnableAF
 .text.stmpe811_TS_Start
                0x0000000008002536       0xf0 Drivers/BSP/Components/stmpe811/stmpe811.o
                0x0000000008002536                stmpe811_TS_Start
 .text.stmpe811_TS_DetectTouch
                0x0000000008002626       0x70 Drivers/BSP/Components/stmpe811/stmpe811.o
                0x0000000008002626                stmpe811_TS_DetectTouch
 .text.stmpe811_TS_GetXY
                0x0000000008002696       0x72 Drivers/BSP/Components/stmpe811/stmpe811.o
                0x0000000008002696                stmpe811_TS_GetXY
 .text.stmpe811_TS_EnableIT
                0x0000000008002708       0x28 Drivers/BSP/Components/stmpe811/stmpe811.o
                0x0000000008002708                stmpe811_TS_EnableIT
 .text.stmpe811_TS_DisableIT
                0x0000000008002730       0x24 Drivers/BSP/Components/stmpe811/stmpe811.o
                0x0000000008002730                stmpe811_TS_DisableIT
 .text.stmpe811_TS_ITStatus
                0x0000000008002754       0x1e Drivers/BSP/Components/stmpe811/stmpe811.o
                0x0000000008002754                stmpe811_TS_ITStatus
 .text.stmpe811_TS_ClearIT
                0x0000000008002772       0x1c Drivers/BSP/Components/stmpe811/stmpe811.o
                0x0000000008002772                stmpe811_TS_ClearIT
 *fill*         0x000000000800278e        0x2 
 .text.stmpe811_GetInstance
                0x0000000008002790       0x44 Drivers/BSP/Components/stmpe811/stmpe811.o
 .text.I2Cx_MspInit
                0x00000000080027d4       0xec Drivers/BSP/STM32F429I-Discovery/stm32f429i_discovery.o
 .text.I2Cx_Init
                0x00000000080028c0       0x64 Drivers/BSP/STM32F429I-Discovery/stm32f429i_discovery.o
 .text.I2Cx_ITConfig
                0x0000000008002924       0x64 Drivers/BSP/STM32F429I-Discovery/stm32f429i_discovery.o
 .text.I2Cx_WriteData
                0x0000000008002988       0x54 Drivers/BSP/STM32F429I-Discovery/stm32f429i_discovery.o
 .text.I2Cx_ReadData
                0x00000000080029dc       0x58 Drivers/BSP/STM32F429I-Discovery/stm32f429i_discovery.o
 .text.I2Cx_ReadBuffer
                0x0000000008002a34       0x5c Drivers/BSP/STM32F429I-Discovery/stm32f429i_discovery.o
 .text.I2Cx_Error
                0x0000000008002a90       0x18 Drivers/BSP/STM32F429I-Discovery/stm32f429i_discovery.o
 .text.SPIx_Init
                0x0000000008002aa8       0x74 Drivers/BSP/STM32F429I-Discovery/stm32f429i_discovery.o
 .text.SPIx_Read
                0x0000000008002b1c       0x40 Drivers/BSP/STM32F429I-Discovery/stm32f429i_discovery.o
 .text.SPIx_Write
                0x0000000008002b5c       0x3c Drivers/BSP/STM32F429I-Discovery/stm32f429i_discovery.o
 .text.SPIx_Error
                0x0000000008002b98       0x18 Drivers/BSP/STM32F429I-Discovery/stm32f429i_discovery.o
 .text.SPIx_MspInit
                0x0000000008002bb0       0x74 Drivers/BSP/STM32F429I-Discovery/stm32f429i_discovery.o
 .text.LCD_IO_Init
                0x0000000008002c24       0xf0 Drivers/BSP/STM32F429I-Discovery/stm32f429i_discovery.o
                0x0000000008002c24                LCD_IO_Init
 .text.LCD_IO_WriteData
                0x0000000008002d14       0x44 Drivers/BSP/STM32F429I-Discovery/stm32f429i_discovery.o
                0x0000000008002d14                LCD_IO_WriteData
 .text.LCD_IO_WriteReg
                0x0000000008002d58       0x44 Drivers/BSP/STM32F429I-Discovery/stm32f429i_discovery.o
                0x0000000008002d58                LCD_IO_WriteReg
 .text.LCD_IO_ReadData
                0x0000000008002d9c       0x64 Drivers/BSP/STM32F429I-Discovery/stm32f429i_discovery.o
                0x0000000008002d9c                LCD_IO_ReadData
 .text.LCD_Delay
                0x0000000008002e00       0x16 Drivers/BSP/STM32F429I-Discovery/stm32f429i_discovery.o
                0x0000000008002e00                LCD_Delay
 .text.IOE_Init
                0x0000000008002e16        0xc Drivers/BSP/STM32F429I-Discovery/stm32f429i_discovery.o
                0x0000000008002e16                IOE_Init
 .text.IOE_ITConfig
                0x0000000008002e22        0xc Drivers/BSP/STM32F429I-Discovery/stm32f429i_discovery.o
                0x0000000008002e22                IOE_ITConfig
 .text.IOE_Write
                0x0000000008002e2e       0x26 Drivers/BSP/STM32F429I-Discovery/stm32f429i_discovery.o
                0x0000000008002e2e                IOE_Write
 .text.IOE_Read
                0x0000000008002e54       0x26 Drivers/BSP/STM32F429I-Discovery/stm32f429i_discovery.o
                0x0000000008002e54                IOE_Read
 .text.IOE_ReadMultiple
                0x0000000008002e7a       0x2e Drivers/BSP/STM32F429I-Discovery/stm32f429i_discovery.o
                0x0000000008002e7a                IOE_ReadMultiple
 .text.IOE_Delay
                0x0000000008002ea8       0x16 Drivers/BSP/STM32F429I-Discovery/stm32f429i_discovery.o
                0x0000000008002ea8                IOE_Delay
 *fill*         0x0000000008002ebe        0x2 
 .text.BSP_LCD_Init
                0x0000000008002ec0       0xd4 Drivers/BSP/STM32F429I-Discovery/stm32f429i_discovery_lcd.o
                0x0000000008002ec0                BSP_LCD_Init
 .text.BSP_LCD_GetXSize
                0x0000000008002f94       0x18 Drivers/BSP/STM32F429I-Discovery/stm32f429i_discovery_lcd.o
                0x0000000008002f94                BSP_LCD_GetXSize
 .text.BSP_LCD_GetYSize
                0x0000000008002fac       0x18 Drivers/BSP/STM32F429I-Discovery/stm32f429i_discovery_lcd.o
                0x0000000008002fac                BSP_LCD_GetYSize
 .text.BSP_LCD_LayerDefaultInit
                0x0000000008002fc4       0xc8 Drivers/BSP/STM32F429I-Discovery/stm32f429i_discovery_lcd.o
                0x0000000008002fc4                BSP_LCD_LayerDefaultInit
 .text.BSP_LCD_SelectLayer
                0x000000000800308c       0x20 Drivers/BSP/STM32F429I-Discovery/stm32f429i_discovery_lcd.o
                0x000000000800308c                BSP_LCD_SelectLayer
 .text.BSP_LCD_SetTextColor
                0x00000000080030ac       0x30 Drivers/BSP/STM32F429I-Discovery/stm32f429i_discovery_lcd.o
                0x00000000080030ac                BSP_LCD_SetTextColor
 .text.BSP_LCD_SetBackColor
                0x00000000080030dc       0x34 Drivers/BSP/STM32F429I-Discovery/stm32f429i_discovery_lcd.o
                0x00000000080030dc                BSP_LCD_SetBackColor
 .text.BSP_LCD_SetFont
                0x0000000008003110       0x34 Drivers/BSP/STM32F429I-Discovery/stm32f429i_discovery_lcd.o
                0x0000000008003110                BSP_LCD_SetFont
 .text.BSP_LCD_ReadPixel
                0x0000000008003144      0x14c Drivers/BSP/STM32F429I-Discovery/stm32f429i_discovery_lcd.o
                0x0000000008003144                BSP_LCD_ReadPixel
 .text.BSP_LCD_Clear
                0x0000000008003290       0x50 Drivers/BSP/STM32F429I-Discovery/stm32f429i_discovery_lcd.o
                0x0000000008003290                BSP_LCD_Clear
 .text.BSP_LCD_DisplayChar
                0x00000000080032e0       0x88 Drivers/BSP/STM32F429I-Discovery/stm32f429i_discovery_lcd.o
                0x00000000080032e0                BSP_LCD_DisplayChar
 .text.BSP_LCD_DisplayStringAt
                0x0000000008003368      0x174 Drivers/BSP/STM32F429I-Discovery/stm32f429i_discovery_lcd.o
                0x0000000008003368                BSP_LCD_DisplayStringAt
 .text.BSP_LCD_DrawHLine
                0x00000000080034dc       0x7c Drivers/BSP/STM32F429I-Discovery/stm32f429i_discovery_lcd.o
                0x00000000080034dc                BSP_LCD_DrawHLine
 .text.BSP_LCD_DrawVLine
                0x0000000008003558       0x84 Drivers/BSP/STM32F429I-Discovery/stm32f429i_discovery_lcd.o
                0x0000000008003558                BSP_LCD_DrawVLine
 .text.BSP_LCD_DrawRect
                0x00000000080035dc       0x62 Drivers/BSP/STM32F429I-Discovery/stm32f429i_discovery_lcd.o
                0x00000000080035dc                BSP_LCD_DrawRect
 *fill*         0x000000000800363e        0x2 
 .text.BSP_LCD_DrawCircle
                0x0000000008003640      0x1e0 Drivers/BSP/STM32F429I-Discovery/stm32f429i_discovery_lcd.o
                0x0000000008003640                BSP_LCD_DrawCircle
 .text.BSP_LCD_FillRect
                0x0000000008003820       0xb4 Drivers/BSP/STM32F429I-Discovery/stm32f429i_discovery_lcd.o
                0x0000000008003820                BSP_LCD_FillRect
 .text.BSP_LCD_FillCircle
                0x00000000080038d4      0x140 Drivers/BSP/STM32F429I-Discovery/stm32f429i_discovery_lcd.o
                0x00000000080038d4                BSP_LCD_FillCircle
 .text.BSP_LCD_DisplayOn
                0x0000000008003a14       0x20 Drivers/BSP/STM32F429I-Discovery/stm32f429i_discovery_lcd.o
                0x0000000008003a14                BSP_LCD_DisplayOn
 .text.BSP_LCD_MspInit
                0x0000000008003a34      0x1ac Drivers/BSP/STM32F429I-Discovery/stm32f429i_discovery_lcd.o
                0x0000000008003a34                BSP_LCD_MspInit
 .text.BSP_LCD_DrawPixel
                0x0000000008003be0       0x4c Drivers/BSP/STM32F429I-Discovery/stm32f429i_discovery_lcd.o
                0x0000000008003be0                BSP_LCD_DrawPixel
 .text.DrawChar
                0x0000000008003c2c      0x174 Drivers/BSP/STM32F429I-Discovery/stm32f429i_discovery_lcd.o
 .text.FillBuffer
                0x0000000008003da0       0x70 Drivers/BSP/STM32F429I-Discovery/stm32f429i_discovery_lcd.o
 .text.BSP_SDRAM_Init
                0x0000000008003e10       0xbc Drivers/BSP/STM32F429I-Discovery/stm32f429i_discovery_sdram.o
                0x0000000008003e10                BSP_SDRAM_Init
 .text.BSP_SDRAM_Initialization_sequence
                0x0000000008003ecc       0xc0 Drivers/BSP/STM32F429I-Discovery/stm32f429i_discovery_sdram.o
                0x0000000008003ecc                BSP_SDRAM_Initialization_sequence
 .text.BSP_SDRAM_MspInit
                0x0000000008003f8c      0x218 Drivers/BSP/STM32F429I-Discovery/stm32f429i_discovery_sdram.o
                0x0000000008003f8c                BSP_SDRAM_MspInit
 .text.BSP_TS_Init
                0x00000000080041a4       0x74 Drivers/BSP/STM32F429I-Discovery/stm32f429i_discovery_ts.o
                0x00000000080041a4                BSP_TS_Init
 .text.BSP_TS_GetState
                0x0000000008004218      0x164 Drivers/BSP/STM32F429I-Discovery/stm32f429i_discovery_ts.o
                0x0000000008004218                BSP_TS_GetState
 .text.HAL_Init
                0x000000000800437c       0x44 Drivers/STM32F4xx_HAL_Driver/Src/stm32f4xx_hal.o
                0x000000000800437c                HAL_Init
 .text.HAL_IncTick
                0x00000000080043c0       0x28 Drivers/STM32F4xx_HAL_Driver/Src/stm32f4xx_hal.o
                0x00000000080043c0                HAL_IncTick
 .text.HAL_GetTick
                0x00000000080043e8       0x18 Drivers/STM32F4xx_HAL_Driver/Src/stm32f4xx_hal.o
                0x00000000080043e8                HAL_GetTick
 .text.HAL_Delay
                0x0000000008004400       0x44 Drivers/STM32F4xx_HAL_Driver/Src/stm32f4xx_hal.o
                0x0000000008004400                HAL_Delay
 .text.__NVIC_SetPriorityGrouping
                0x0000000008004444       0x48 Drivers/STM32F4xx_HAL_Driver/Src/stm32f4xx_hal_cortex.o
 .text.__NVIC_GetPriorityGrouping
                0x000000000800448c       0x1c Drivers/STM32F4xx_HAL_Driver/Src/stm32f4xx_hal_cortex.o
 .text.__NVIC_EnableIRQ
                0x00000000080044a8       0x3c Drivers/STM32F4xx_HAL_Driver/Src/stm32f4xx_hal_cortex.o
 .text.__NVIC_SetPriority
                0x00000000080044e4       0x54 Drivers/STM32F4xx_HAL_Driver/Src/stm32f4xx_hal_cortex.o
 .text.NVIC_EncodePriority
                0x0000000008004538       0x66 Drivers/STM32F4xx_HAL_Driver/Src/stm32f4xx_hal_cortex.o
 .text.HAL_NVIC_SetPriorityGrouping
                0x000000000800459e       0x16 Drivers/STM32F4xx_HAL_Driver/Src/stm32f4xx_hal_cortex.o
                0x000000000800459e                HAL_NVIC_SetPriorityGrouping
 .text.HAL_NVIC_SetPriority
                0x00000000080045b4       0x38 Drivers/STM32F4xx_HAL_Driver/Src/stm32f4xx_hal_cortex.o
                0x00000000080045b4                HAL_NVIC_SetPriority
 .text.HAL_NVIC_EnableIRQ
                0x00000000080045ec       0x1c Drivers/STM32F4xx_HAL_Driver/Src/stm32f4xx_hal_cortex.o
                0x00000000080045ec                HAL_NVIC_EnableIRQ
 .text.HAL_DMA_Init
                0x0000000008004608      0x15c Drivers/STM32F4xx_HAL_Driver/Src/stm32f4xx_hal_dma.o
                0x0000000008004608                HAL_DMA_Init
 .text.HAL_DMA_DeInit
                0x0000000008004764       0xbc Drivers/STM32F4xx_HAL_Driver/Src/stm32f4xx_hal_dma.o
                0x0000000008004764                HAL_DMA_DeInit
 .text.DMA_CalcBaseAndBitshift
                0x0000000008004820       0x6c Drivers/STM32F4xx_HAL_Driver/Src/stm32f4xx_hal_dma.o
 .text.DMA_CheckFifoParam
                0x000000000800488c       0xf4 Drivers/STM32F4xx_HAL_Driver/Src/stm32f4xx_hal_dma.o
 .text.HAL_DMA2D_Init
                0x0000000008004980       0x92 Drivers/STM32F4xx_HAL_Driver/Src/stm32f4xx_hal_dma2d.o
                0x0000000008004980                HAL_DMA2D_Init
 .text.HAL_DMA2D_Start
                0x0000000008004a12       0x56 Drivers/STM32F4xx_HAL_Driver/Src/stm32f4xx_hal_dma2d.o
                0x0000000008004a12                HAL_DMA2D_Start
 .text.HAL_DMA2D_PollForTransfer
                0x0000000008004a68      0x1d2 Drivers/STM32F4xx_HAL_Driver/Src/stm32f4xx_hal_dma2d.o
                0x0000000008004a68                HAL_DMA2D_PollForTransfer
 *fill*         0x0000000008004c3a        0x2 
 .text.HAL_DMA2D_ConfigLayer
                0x0000000008004c3c      0x124 Drivers/STM32F4xx_HAL_Driver/Src/stm32f4xx_hal_dma2d.o
                0x0000000008004c3c                HAL_DMA2D_ConfigLayer
 .text.DMA2D_SetConfig
                0x0000000008004d60      0x138 Drivers/STM32F4xx_HAL_Driver/Src/stm32f4xx_hal_dma2d.o
 .text.HAL_FLASH_Program
                0x0000000008004e98       0xa8 Drivers/STM32F4xx_HAL_Driver/Src/stm32f4xx_hal_flash.o
                0x0000000008004e98                HAL_FLASH_Program
 .text.HAL_FLASH_Unlock
                0x0000000008004f40       0x44 Drivers/STM32F4xx_HAL_Driver/Src/stm32f4xx_hal_flash.o
                0x0000000008004f40                HAL_FLASH_Unlock
 .text.HAL_FLASH_Lock
                0x0000000008004f84       0x20 Drivers/STM32F4xx_HAL_Driver/Src/stm32f4xx_hal_flash.o
                0x0000000008004f84                HAL_FLASH_Lock
 .text.FLASH_WaitForLastOperation
                0x0000000008004fa4       0x80 Drivers/STM32F4xx_HAL_Driver/Src/stm32f4xx_hal_flash.o
                0x0000000008004fa4                FLASH_WaitForLastOperation
 .text.FLASH_Program_DoubleWord
                0x0000000008005024       0x60 Drivers/STM32F4xx_HAL_Driver/Src/stm32f4xx_hal_flash.o
 .text.FLASH_Program_Word
                0x0000000008005084       0x44 Drivers/STM32F4xx_HAL_Driver/Src/stm32f4xx_hal_flash.o
 .text.FLASH_Program_HalfWord
                0x00000000080050c8       0x48 Drivers/STM32F4xx_HAL_Driver/Src/stm32f4xx_hal_flash.o
 .text.FLASH_Program_Byte
                0x0000000008005110       0x44 Drivers/STM32F4xx_HAL_Driver/Src/stm32f4xx_hal_flash.o
 .text.FLASH_SetErrorCode
                0x0000000008005154       0xcc Drivers/STM32F4xx_HAL_Driver/Src/stm32f4xx_hal_flash.o
 .text.FLASH_Erase_Sector
                0x0000000008005220       0x9c Drivers/STM32F4xx_HAL_Driver/Src/stm32f4xx_hal_flash_ex.o
                0x0000000008005220                FLASH_Erase_Sector
 .text.HAL_GPIO_Init
                0x00000000080052bc      0x354 Drivers/STM32F4xx_HAL_Driver/Src/stm32f4xx_hal_gpio.o
                0x00000000080052bc                HAL_GPIO_Init
 .text.HAL_GPIO_DeInit
                0x0000000008005610      0x214 Drivers/STM32F4xx_HAL_Driver/Src/stm32f4xx_hal_gpio.o
                0x0000000008005610                HAL_GPIO_DeInit
 .text.HAL_GPIO_WritePin
                0x0000000008005824       0x32 Drivers/STM32F4xx_HAL_Driver/Src/stm32f4xx_hal_gpio.o
                0x0000000008005824                HAL_GPIO_WritePin
 *fill*         0x0000000008005856        0x2 
 .text.HAL_I2C_Init
                0x0000000008005858      0x270 Drivers/STM32F4xx_HAL_Driver/Src/stm32f4xx_hal_i2c.o
                0x0000000008005858                HAL_I2C_Init
 .text.HAL_I2C_DeInit
                0x0000000008005ac8       0x5e Drivers/STM32F4xx_HAL_Driver/Src/stm32f4xx_hal_i2c.o
                0x0000000008005ac8                HAL_I2C_DeInit
 *fill*         0x0000000008005b26        0x2 
 .text.HAL_I2C_Mem_Write
                0x0000000008005b28      0x1f4 Drivers/STM32F4xx_HAL_Driver/Src/stm32f4xx_hal_i2c.o
                0x0000000008005b28                HAL_I2C_Mem_Write
 .text.HAL_I2C_Mem_Read
                0x0000000008005d1c      0x44c Drivers/STM32F4xx_HAL_Driver/Src/stm32f4xx_hal_i2c.o
                0x0000000008005d1c                HAL_I2C_Mem_Read
 .text.HAL_I2C_GetState
                0x0000000008006168       0x1c Drivers/STM32F4xx_HAL_Driver/Src/stm32f4xx_hal_i2c.o
                0x0000000008006168                HAL_I2C_GetState
 .text.I2C_RequestMemoryWrite
                0x0000000008006184      0x128 Drivers/STM32F4xx_HAL_Driver/Src/stm32f4xx_hal_i2c.o
 .text.I2C_RequestMemoryRead
                0x00000000080062ac      0x1cc Drivers/STM32F4xx_HAL_Driver/Src/stm32f4xx_hal_i2c.o
 .text.I2C_WaitOnFlagUntilTimeout
                0x0000000008006478       0xae Drivers/STM32F4xx_HAL_Driver/Src/stm32f4xx_hal_i2c.o
 .text.I2C_WaitOnMasterAddressFlagUntilTimeout
                0x0000000008006526       0xfe Drivers/STM32F4xx_HAL_Driver/Src/stm32f4xx_hal_i2c.o
 .text.I2C_WaitOnTXEFlagUntilTimeout
                0x0000000008006624       0x82 Drivers/STM32F4xx_HAL_Driver/Src/stm32f4xx_hal_i2c.o
 .text.I2C_WaitOnBTFFlagUntilTimeout
                0x00000000080066a6       0x82 Drivers/STM32F4xx_HAL_Driver/Src/stm32f4xx_hal_i2c.o
 .text.I2C_WaitOnRXNEFlagUntilTimeout
                0x0000000008006728       0xac Drivers/STM32F4xx_HAL_Driver/Src/stm32f4xx_hal_i2c.o
 .text.I2C_IsAcknowledgeFailed
                0x00000000080067d4       0x5e Drivers/STM32F4xx_HAL_Driver/Src/stm32f4xx_hal_i2c.o
 .text.HAL_I2CEx_ConfigAnalogFilter
                0x0000000008006832       0x78 Drivers/STM32F4xx_HAL_Driver/Src/stm32f4xx_hal_i2c_ex.o
                0x0000000008006832                HAL_I2CEx_ConfigAnalogFilter
 .text.HAL_I2CEx_ConfigDigitalFilter
                0x00000000080068aa       0x7e Drivers/STM32F4xx_HAL_Driver/Src/stm32f4xx_hal_i2c_ex.o
                0x00000000080068aa                HAL_I2CEx_ConfigDigitalFilter
 .text.HAL_LTDC_Init
                0x0000000008006928      0x1a0 Drivers/STM32F4xx_HAL_Driver/Src/stm32f4xx_hal_ltdc.o
                0x0000000008006928                HAL_LTDC_Init
 .text.HAL_LTDC_ConfigLayer
                0x0000000008006ac8       0x7c Drivers/STM32F4xx_HAL_Driver/Src/stm32f4xx_hal_ltdc.o
                0x0000000008006ac8                HAL_LTDC_ConfigLayer
 .text.HAL_LTDC_EnableDither
                0x0000000008006b44       0x54 Drivers/STM32F4xx_HAL_Driver/Src/stm32f4xx_hal_ltdc.o
                0x0000000008006b44                HAL_LTDC_EnableDither
 .text.LTDC_SetConfig
                0x0000000008006b98      0x32e Drivers/STM32F4xx_HAL_Driver/Src/stm32f4xx_hal_ltdc.o
 *fill*         0x0000000008006ec6        0x2 
 .text.HAL_PWREx_EnableOverDrive
                0x0000000008006ec8       0xa0 Drivers/STM32F4xx_HAL_Driver/Src/stm32f4xx_hal_pwr_ex.o
                0x0000000008006ec8                HAL_PWREx_EnableOverDrive
 .text.HAL_RCC_OscConfig
                0x0000000008006f68      0x4e0 Drivers/STM32F4xx_HAL_Driver/Src/stm32f4xx_hal_rcc.o
                0x0000000008006f68                HAL_RCC_OscConfig
 .text.HAL_RCC_ClockConfig
                0x0000000008007448      0x1cc Drivers/STM32F4xx_HAL_Driver/Src/stm32f4xx_hal_rcc.o
                0x0000000008007448                HAL_RCC_ClockConfig
 .text.HAL_RCC_GetSysClockFreq
                0x0000000008007614      0x1b0 Drivers/STM32F4xx_HAL_Driver/Src/stm32f4xx_hal_rcc.o
                0x0000000008007614                HAL_RCC_GetSysClockFreq
 .text.HAL_RCC_GetHCLKFreq
                0x00000000080077c4       0x18 Drivers/STM32F4xx_HAL_Driver/Src/stm32f4xx_hal_rcc.o
                0x00000000080077c4                HAL_RCC_GetHCLKFreq
 .text.HAL_RCC_GetPCLK1Freq
                0x00000000080077dc       0x28 Drivers/STM32F4xx_HAL_Driver/Src/stm32f4xx_hal_rcc.o
                0x00000000080077dc                HAL_RCC_GetPCLK1Freq
 .text.HAL_RCC_GetPCLK2Freq
                0x0000000008007804       0x28 Drivers/STM32F4xx_HAL_Driver/Src/stm32f4xx_hal_rcc.o
                0x0000000008007804                HAL_RCC_GetPCLK2Freq
 .text.HAL_RCC_GetClockConfig
                0x000000000800782c       0x64 Drivers/STM32F4xx_HAL_Driver/Src/stm32f4xx_hal_rcc.o
                0x000000000800782c                HAL_RCC_GetClockConfig
 .text.HAL_RCCEx_PeriphCLKConfig
                0x0000000008007890      0x37c Drivers/STM32F4xx_HAL_Driver/Src/stm32f4xx_hal_rcc_ex.o
                0x0000000008007890                HAL_RCCEx_PeriphCLKConfig
 .text.HAL_SDRAM_Init
                0x0000000008007c0c       0x68 Drivers/STM32F4xx_HAL_Driver/Src/stm32f4xx_hal_sdram.o
                0x0000000008007c0c                HAL_SDRAM_Init
 .text.HAL_SDRAM_SendCommand
                0x0000000008007c74       0x56 Drivers/STM32F4xx_HAL_Driver/Src/stm32f4xx_hal_sdram.o
                0x0000000008007c74                HAL_SDRAM_SendCommand
 .text.HAL_SDRAM_ProgramRefreshRate
                0x0000000008007cca       0x40 Drivers/STM32F4xx_HAL_Driver/Src/stm32f4xx_hal_sdram.o
                0x0000000008007cca                HAL_SDRAM_ProgramRefreshRate
 .text.HAL_SPI_Init
                0x0000000008007d0a       0xc8 Drivers/STM32F4xx_HAL_Driver/Src/stm32f4xx_hal_spi.o
                0x0000000008007d0a                HAL_SPI_Init
 .text.HAL_SPI_DeInit
                0x0000000008007dd2       0x50 Drivers/STM32F4xx_HAL_Driver/Src/stm32f4xx_hal_spi.o
                0x0000000008007dd2                HAL_SPI_DeInit
 .text.HAL_SPI_Transmit
                0x0000000008007e22      0x268 Drivers/STM32F4xx_HAL_Driver/Src/stm32f4xx_hal_spi.o
                0x0000000008007e22                HAL_SPI_Transmit
 .text.HAL_SPI_Receive
                0x000000000800808a      0x212 Drivers/STM32F4xx_HAL_Driver/Src/stm32f4xx_hal_spi.o
                0x000000000800808a                HAL_SPI_Receive
 .text.HAL_SPI_TransmitReceive
                0x000000000800829c      0x344 Drivers/STM32F4xx_HAL_Driver/Src/stm32f4xx_hal_spi.o
                0x000000000800829c                HAL_SPI_TransmitReceive
 .text.HAL_SPI_GetState
                0x00000000080085e0       0x1c Drivers/STM32F4xx_HAL_Driver/Src/stm32f4xx_hal_spi.o
                0x00000000080085e0                HAL_SPI_GetState
 .text.SPI_WaitFlagStateUntilTimeout
                0x00000000080085fc       0xd4 Drivers/STM32F4xx_HAL_Driver/Src/stm32f4xx_hal_spi.o
 .text.SPI_EndRxTransaction
                0x00000000080086d0       0xca Drivers/STM32F4xx_HAL_Driver/Src/stm32f4xx_hal_spi.o
 *fill*         0x000000000800879a        0x2 
 .text.SPI_EndRxTxTransaction
                0x000000000800879c       0x84 Drivers/STM32F4xx_HAL_Driver/Src/stm32f4xx_hal_spi.o
 .text.HAL_TIM_Base_Init
                0x0000000008008820       0x56 Drivers/STM32F4xx_HAL_Driver/Src/stm32f4xx_hal_tim.o
                0x0000000008008820                HAL_TIM_Base_Init
 .text.HAL_TIM_Base_MspInit
                0x0000000008008876       0x14 Drivers/STM32F4xx_HAL_Driver/Src/stm32f4xx_hal_tim.o
                0x0000000008008876                HAL_TIM_Base_MspInit
 .text.HAL_TIM_Base_Start_IT
                0x000000000800888a       0x48 Drivers/STM32F4xx_HAL_Driver/Src/stm32f4xx_hal_tim.o
                0x000000000800888a                HAL_TIM_Base_Start_IT
 .text.HAL_TIM_IRQHandler
                0x00000000080088d2      0x210 Drivers/STM32F4xx_HAL_Driver/Src/stm32f4xx_hal_tim.o
                0x00000000080088d2                HAL_TIM_IRQHandler
 .text.HAL_TIM_OC_DelayElapsedCallback
                0x0000000008008ae2       0x14 Drivers/STM32F4xx_HAL_Driver/Src/stm32f4xx_hal_tim.o
                0x0000000008008ae2                HAL_TIM_OC_DelayElapsedCallback
 .text.HAL_TIM_IC_CaptureCallback
                0x0000000008008af6       0x14 Drivers/STM32F4xx_HAL_Driver/Src/stm32f4xx_hal_tim.o
                0x0000000008008af6                HAL_TIM_IC_CaptureCallback
 .text.HAL_TIM_PWM_PulseFinishedCallback
                0x0000000008008b0a       0x14 Drivers/STM32F4xx_HAL_Driver/Src/stm32f4xx_hal_tim.o
                0x0000000008008b0a                HAL_TIM_PWM_PulseFinishedCallback
 .text.HAL_TIM_TriggerCallback
                0x0000000008008b1e       0x14 Drivers/STM32F4xx_HAL_Driver/Src/stm32f4xx_hal_tim.o
                0x0000000008008b1e                HAL_TIM_TriggerCallback
 *fill*         0x0000000008008b32        0x2 
 .text.TIM_Base_SetConfig
                0x0000000008008b34      0x140 Drivers/STM32F4xx_HAL_Driver/Src/stm32f4xx_hal_tim.o
                0x0000000008008b34                TIM_Base_SetConfig
 .text.HAL_TIMEx_CommutCallback
                0x0000000008008c74       0x14 Drivers/STM32F4xx_HAL_Driver/Src/stm32f4xx_hal_tim_ex.o
                0x0000000008008c74                HAL_TIMEx_CommutCallback
 .text.HAL_TIMEx_BreakCallback
                0x0000000008008c88       0x14 Drivers/STM32F4xx_HAL_Driver/Src/stm32f4xx_hal_tim_ex.o
                0x0000000008008c88                HAL_TIMEx_BreakCallback
 .text.HAL_UART_Init
                0x0000000008008c9c       0x9a Drivers/STM32F4xx_HAL_Driver/Src/stm32f4xx_hal_uart.o
                0x0000000008008c9c                HAL_UART_Init
 *fill*         0x0000000008008d36        0x2 
 .text.UART_SetConfig
                0x0000000008008d38      0x6f8 Drivers/STM32F4xx_HAL_Driver/Src/stm32f4xx_hal_uart.o
 .text.FMC_SDRAM_Init
                0x0000000008009430       0xe6 Drivers/STM32F4xx_HAL_Driver/Src/stm32f4xx_ll_fmc.o
                0x0000000008009430                FMC_SDRAM_Init
 .text.FMC_SDRAM_Timing_Init
                0x0000000008009516       0xfe Drivers/STM32F4xx_HAL_Driver/Src/stm32f4xx_ll_fmc.o
                0x0000000008009516                FMC_SDRAM_Timing_Init
 .text.FMC_SDRAM_SendCommand
                0x0000000008009614       0x78 Drivers/STM32F4xx_HAL_Driver/Src/stm32f4xx_ll_fmc.o
                0x0000000008009614                FMC_SDRAM_SendCommand
 .text.FMC_SDRAM_ProgramRefreshRate
                0x000000000800968c       0x26 Drivers/STM32F4xx_HAL_Driver/Src/stm32f4xx_ll_fmc.o
                0x000000000800968c                FMC_SDRAM_ProgramRefreshRate
 *fill*         0x00000000080096b2        0x2 
 .text.__libc_init_array
                0x00000000080096b4       0x48 c:/st/stm32cubeide_1.3.0/stm32cubeide/plugins/com.st.stm32cube.ide.mcu.externaltools.gnu-tools-for-stm32.7-2018-q2-update.win32_1.0.0.201904181610/tools/bin/../lib/gcc/arm-none-eabi/7.3.1/../../../../arm-none-eabi/lib/thumb/v7e-m/fpv4-sp/hard\libc_nano.a(lib_a-init.o)
                0x00000000080096b4                __libc_init_array
 .text.memset   0x00000000080096fc       0x10 c:/st/stm32cubeide_1.3.0/stm32cubeide/plugins/com.st.stm32cube.ide.mcu.externaltools.gnu-tools-for-stm32.7-2018-q2-update.win32_1.0.0.201904181610/tools/bin/../lib/gcc/arm-none-eabi/7.3.1/../../../../arm-none-eabi/lib/thumb/v7e-m/fpv4-sp/hard\libc_nano.a(lib_a-memset.o)
                0x00000000080096fc                memset
 *(.glue_7)
 .glue_7        0x000000000800970c        0x0 linker stubs
 *(.glue_7t)
 .glue_7t       0x000000000800970c        0x0 linker stubs
 *(.eh_frame)
 .eh_frame      0x000000000800970c        0x0 c:/st/stm32cubeide_1.3.0/stm32cubeide/plugins/com.st.stm32cube.ide.mcu.externaltools.gnu-tools-for-stm32.7-2018-q2-update.win32_1.0.0.201904181610/tools/bin/../lib/gcc/arm-none-eabi/7.3.1/thumb/v7e-m/fpv4-sp/hard/crtbegin.o
 *(.init)
 .init          0x000000000800970c        0x4 c:/st/stm32cubeide_1.3.0/stm32cubeide/plugins/com.st.stm32cube.ide.mcu.externaltools.gnu-tools-for-stm32.7-2018-q2-update.win32_1.0.0.201904181610/tools/bin/../lib/gcc/arm-none-eabi/7.3.1/thumb/v7e-m/fpv4-sp/hard/crti.o
                0x000000000800970c                _init
 .init          0x0000000008009710        0x8 c:/st/stm32cubeide_1.3.0/stm32cubeide/plugins/com.st.stm32cube.ide.mcu.externaltools.gnu-tools-for-stm32.7-2018-q2-update.win32_1.0.0.201904181610/tools/bin/../lib/gcc/arm-none-eabi/7.3.1/thumb/v7e-m/fpv4-sp/hard/crtn.o
 *(.fini)
 .fini          0x0000000008009718        0x4 c:/st/stm32cubeide_1.3.0/stm32cubeide/plugins/com.st.stm32cube.ide.mcu.externaltools.gnu-tools-for-stm32.7-2018-q2-update.win32_1.0.0.201904181610/tools/bin/../lib/gcc/arm-none-eabi/7.3.1/thumb/v7e-m/fpv4-sp/hard/crti.o
                0x0000000008009718                _fini
 .fini          0x000000000800971c        0x8 c:/st/stm32cubeide_1.3.0/stm32cubeide/plugins/com.st.stm32cube.ide.mcu.externaltools.gnu-tools-for-stm32.7-2018-q2-update.win32_1.0.0.201904181610/tools/bin/../lib/gcc/arm-none-eabi/7.3.1/thumb/v7e-m/fpv4-sp/hard/crtn.o
                0x0000000008009724                . = ALIGN (0x4)
                0x0000000008009724                _etext = .

.vfp11_veneer   0x0000000008009724        0x0
 .vfp11_veneer  0x0000000008009724        0x0 linker stubs

.v4_bx          0x0000000008009724        0x0
 .v4_bx         0x0000000008009724        0x0 linker stubs

.iplt           0x0000000008009724        0x0
 .iplt          0x0000000008009724        0x0 c:/st/stm32cubeide_1.3.0/stm32cubeide/plugins/com.st.stm32cube.ide.mcu.externaltools.gnu-tools-for-stm32.7-2018-q2-update.win32_1.0.0.201904181610/tools/bin/../lib/gcc/arm-none-eabi/7.3.1/thumb/v7e-m/fpv4-sp/hard/crtbegin.o

.rodata         0x0000000008009724     0x2bf8
                0x0000000008009724                . = ALIGN (0x4)
 *(.rodata)
 .rodata        0x0000000008009724       0xb1 Core/Src/chooseCanvaInterface.o
 *fill*         0x00000000080097d5        0x3 
 .rodata        0x00000000080097d8        0x5 Core/Src/paintInterface.o
 *fill*         0x00000000080097dd        0x3 
 .rodata        0x00000000080097e0        0xd Core/Src/paintIntro.o
 *(.rodata*)
 *fill*         0x00000000080097ed        0x3 
 .rodata.AHBPrescTable
                0x00000000080097f0       0x10 Core/Src/system_stm32f4xx.o
                0x00000000080097f0                AHBPrescTable
 .rodata.APBPrescTable
                0x0000000008009800        0x8 Core/Src/system_stm32f4xx.o
                0x0000000008009800                APBPrescTable
 .rodata.Font24_Table
                0x0000000008009808     0x1ab8 Drivers/BSP/STM32F429I-Discovery/stm32f429i_discovery_lcd.o
                0x0000000008009808                Font24_Table
 .rodata.Font16_Table
                0x000000000800b2c0      0xbe0 Drivers/BSP/STM32F429I-Discovery/stm32f429i_discovery_lcd.o
                0x000000000800b2c0                Font16_Table
 .rodata.Font12_Table
                0x000000000800bea0      0x474 Drivers/BSP/STM32F429I-Discovery/stm32f429i_discovery_lcd.o
                0x000000000800bea0                Font12_Table
 .rodata.flagBitshiftOffset.9197
                0x000000000800c314        0x8 Drivers/STM32F4xx_HAL_Driver/Src/stm32f4xx_hal_dma.o
                0x000000000800c31c                . = ALIGN (0x4)

.ARM.extab      0x000000000800c31c        0x0
                0x000000000800c31c                . = ALIGN (0x4)
 *(.ARM.extab* .gnu.linkonce.armextab.*)
                0x000000000800c31c                . = ALIGN (0x4)

.ARM            0x000000000800c31c        0x8
                0x000000000800c31c                . = ALIGN (0x4)
                0x000000000800c31c                __exidx_start = .
 *(.ARM.exidx*)
 .ARM.exidx     0x000000000800c31c        0x8 c:/st/stm32cubeide_1.3.0/stm32cubeide/plugins/com.st.stm32cube.ide.mcu.externaltools.gnu-tools-for-stm32.7-2018-q2-update.win32_1.0.0.201904181610/tools/bin/../lib/gcc/arm-none-eabi/7.3.1/thumb/v7e-m/fpv4-sp/hard\libgcc.a(_udivmoddi4.o)
                0x000000000800c324                __exidx_end = .
                0x000000000800c324                . = ALIGN (0x4)

.rel.dyn        0x000000000800c324        0x0
 .rel.iplt      0x000000000800c324        0x0 c:/st/stm32cubeide_1.3.0/stm32cubeide/plugins/com.st.stm32cube.ide.mcu.externaltools.gnu-tools-for-stm32.7-2018-q2-update.win32_1.0.0.201904181610/tools/bin/../lib/gcc/arm-none-eabi/7.3.1/thumb/v7e-m/fpv4-sp/hard/crtbegin.o

.preinit_array  0x000000000800c324        0x0
                0x000000000800c324                . = ALIGN (0x4)
                0x000000000800c324                PROVIDE (__preinit_array_start = .)
 *(.preinit_array*)
                0x000000000800c324                PROVIDE (__preinit_array_end = .)
                0x000000000800c324                . = ALIGN (0x4)

.init_array     0x000000000800c324        0x4
                0x000000000800c324                . = ALIGN (0x4)
                0x000000000800c324                PROVIDE (__init_array_start = .)
 *(SORT_BY_NAME(.init_array.*))
 *(.init_array*)
 .init_array    0x000000000800c324        0x4 c:/st/stm32cubeide_1.3.0/stm32cubeide/plugins/com.st.stm32cube.ide.mcu.externaltools.gnu-tools-for-stm32.7-2018-q2-update.win32_1.0.0.201904181610/tools/bin/../lib/gcc/arm-none-eabi/7.3.1/thumb/v7e-m/fpv4-sp/hard/crtbegin.o
                0x000000000800c328                PROVIDE (__init_array_end = .)
                0x000000000800c328                . = ALIGN (0x4)

.fini_array     0x000000000800c328        0x4
                0x000000000800c328                . = ALIGN (0x4)
                [!provide]                        PROVIDE (__fini_array_start = .)
 *(SORT_BY_NAME(.fini_array.*))
 *(.fini_array*)
 .fini_array    0x000000000800c328        0x4 c:/st/stm32cubeide_1.3.0/stm32cubeide/plugins/com.st.stm32cube.ide.mcu.externaltools.gnu-tools-for-stm32.7-2018-q2-update.win32_1.0.0.201904181610/tools/bin/../lib/gcc/arm-none-eabi/7.3.1/thumb/v7e-m/fpv4-sp/hard/crtbegin.o
                [!provide]                        PROVIDE (__fini_array_end = .)
                0x000000000800c32c                . = ALIGN (0x4)
                0x000000000800c32c                _sidata = LOADADDR (.data)

.data           0x0000000020000000       0xa0 load address 0x000000000800c32c
                0x0000000020000000                . = ALIGN (0x4)
                0x0000000020000000                _sdata = .
 *(.data)
 *(.data*)
 .data.LastColor
                0x0000000020000000        0x4 Core/Src/paintInterface.o
                0x0000000020000000                LastColor
 .data.LastRadius
                0x0000000020000004        0x2 Core/Src/paintInterface.o
                0x0000000020000004                LastRadius
 .data.LastColorMarkdownX
                0x0000000020000006        0x2 Core/Src/paintInterface.o
                0x0000000020000006                LastColorMarkdownX
 .data.LastColorMArkdownY
                0x0000000020000008        0x2 Core/Src/paintInterface.o
                0x0000000020000008                LastColorMArkdownY
 .data.LastThicknessMarkdownX
                0x000000002000000a        0x2 Core/Src/paintInterface.o
                0x000000002000000a                LastThicknessMarkdownX
 .data.LastThicknessMArkdownY
                0x000000002000000c        0x2 Core/Src/paintInterface.o
                0x000000002000000c                LastThicknessMArkdownY
 *fill*         0x000000002000000e        0x2 
 .data.SystemCoreClock
                0x0000000020000010        0x4 Core/Src/system_stm32f4xx.o
                0x0000000020000010                SystemCoreClock
 .data.ili9341_drv
                0x0000000020000014       0x38 Drivers/BSP/Components/ili9341/ili9341.o
                0x0000000020000014                ili9341_drv
 .data.stmpe811_ts_drv
                0x000000002000004c       0x28 Drivers/BSP/Components/stmpe811/stmpe811.o
                0x000000002000004c                stmpe811_ts_drv
 .data.I2cxTimeout
                0x0000000020000074        0x4 Drivers/BSP/STM32F429I-Discovery/stm32f429i_discovery.o
                0x0000000020000074                I2cxTimeout
 .data.SpixTimeout
                0x0000000020000078        0x4 Drivers/BSP/STM32F429I-Discovery/stm32f429i_discovery.o
                0x0000000020000078                SpixTimeout
 .data.Font24   0x000000002000007c        0x8 Drivers/BSP/STM32F429I-Discovery/stm32f429i_discovery_lcd.o
                0x000000002000007c                Font24
 .data.Font16   0x0000000020000084        0x8 Drivers/BSP/STM32F429I-Discovery/stm32f429i_discovery_lcd.o
                0x0000000020000084                Font16
 .data.Font12   0x000000002000008c        0x8 Drivers/BSP/STM32F429I-Discovery/stm32f429i_discovery_lcd.o
                0x000000002000008c                Font12
 .data.sdramstatus.9139
                0x0000000020000094        0x1 Drivers/BSP/STM32F429I-Discovery/stm32f429i_discovery_sdram.o
 *fill*         0x0000000020000095        0x3 
 .data.uwTickPrio
                0x0000000020000098        0x4 Drivers/STM32F4xx_HAL_Driver/Src/stm32f4xx_hal.o
                0x0000000020000098                uwTickPrio
 .data.uwTickFreq
                0x000000002000009c        0x1 Drivers/STM32F4xx_HAL_Driver/Src/stm32f4xx_hal.o
                0x000000002000009c                uwTickFreq
                0x00000000200000a0                . = ALIGN (0x4)
 *fill*         0x000000002000009d        0x3 
                0x00000000200000a0                _edata = .

.igot.plt       0x00000000200000a0        0x0 load address 0x000000000800c3cc
 .igot.plt      0x00000000200000a0        0x0 c:/st/stm32cubeide_1.3.0/stm32cubeide/plugins/com.st.stm32cube.ide.mcu.externaltools.gnu-tools-for-stm32.7-2018-q2-update.win32_1.0.0.201904181610/tools/bin/../lib/gcc/arm-none-eabi/7.3.1/thumb/v7e-m/fpv4-sp/hard/crtbegin.o
                0x00000000200000a0                . = ALIGN (0x4)

.bss            0x00000000200000a0      0x564 load address 0x000000000800c3cc
                0x00000000200000a0                _sbss = .
                0x00000000200000a0                __bss_start__ = _sbss
 *(.bss)
 .bss           0x00000000200000a0       0x1c c:/st/stm32cubeide_1.3.0/stm32cubeide/plugins/com.st.stm32cube.ide.mcu.externaltools.gnu-tools-for-stm32.7-2018-q2-update.win32_1.0.0.201904181610/tools/bin/../lib/gcc/arm-none-eabi/7.3.1/thumb/v7e-m/fpv4-sp/hard/crtbegin.o
 *(.bss*)
 .bss.FMC_Initialized
                0x00000000200000bc        0x4 Core/Src/fmc.o
 .bss.SectorAddr
                0x00000000200000c0        0x4 Core/Src/save.o
 .bss.SectorNum
                0x00000000200000c4        0x1 Core/Src/save.o
 *fill*         0x00000000200000c5        0x3 
 .bss.stmpe811  0x00000000200000c8        0x2 Drivers/BSP/Components/stmpe811/stmpe811.o
                0x00000000200000c8                stmpe811
 *fill*         0x00000000200000ca        0x2 
 .bss.SpiHandle
                0x00000000200000cc       0x58 Drivers/BSP/STM32F429I-Discovery/stm32f429i_discovery.o
 .bss.Is_LCD_IO_Initialized
                0x0000000020000124        0x1 Drivers/BSP/STM32F429I-Discovery/stm32f429i_discovery.o
 *fill*         0x0000000020000125        0x3 
 .bss.Dma2dHandler
                0x0000000020000128       0x40 Drivers/BSP/STM32F429I-Discovery/stm32f429i_discovery_lcd.o
 .bss.PeriphClkInitStruct
                0x0000000020000168       0x30 Drivers/BSP/STM32F429I-Discovery/stm32f429i_discovery_lcd.o
 .bss.ActiveLayer
                0x0000000020000198        0x4 Drivers/BSP/STM32F429I-Discovery/stm32f429i_discovery_lcd.o
 .bss.DrawProp  0x000000002000019c       0x18 Drivers/BSP/STM32F429I-Discovery/stm32f429i_discovery_lcd.o
 .bss.SdramHandle
                0x00000000200001b4       0x34 Drivers/BSP/STM32F429I-Discovery/stm32f429i_discovery_sdram.o
 .bss.Timing    0x00000000200001e8       0x1c Drivers/BSP/STM32F429I-Discovery/stm32f429i_discovery_sdram.o
 .bss.Command   0x0000000020000204       0x10 Drivers/BSP/STM32F429I-Discovery/stm32f429i_discovery_sdram.o
 .bss.dmaHandle.9174
                0x0000000020000214       0x60 Drivers/BSP/STM32F429I-Discovery/stm32f429i_discovery_sdram.o
 .bss.TsDrv     0x0000000020000274        0x4 Drivers/BSP/STM32F429I-Discovery/stm32f429i_discovery_ts.o
 .bss.TsXBoundary
                0x0000000020000278        0x2 Drivers/BSP/STM32F429I-Discovery/stm32f429i_discovery_ts.o
 .bss.TsYBoundary
                0x000000002000027a        0x2 Drivers/BSP/STM32F429I-Discovery/stm32f429i_discovery_ts.o
 .bss._x.9360   0x000000002000027c        0x4 Drivers/BSP/STM32F429I-Discovery/stm32f429i_discovery_ts.o
 .bss._y.9361   0x0000000020000280        0x4 Drivers/BSP/STM32F429I-Discovery/stm32f429i_discovery_ts.o
 *(COMMON)
 COMMON         0x0000000020000284        0xc Core/Src/chooseCanvaInterface.o
                0x0000000020000284                activeView
                0x0000000020000288                tsChooseCanva
 COMMON         0x0000000020000290       0x40 Core/Src/dma2d.o
                0x0000000020000290                hdma2d
 COMMON         0x00000000200002d0       0x34 Core/Src/fmc.o
                0x00000000200002d0                hsdram1
 COMMON         0x0000000020000304       0x54 Core/Src/i2c.o
                0x0000000020000304                hi2c3
 COMMON         0x0000000020000358       0xa8 Core/Src/ltdc.o
                0x0000000020000358                hltdc
 COMMON         0x0000000020000400        0x8 Core/Src/main.o
                0x0000000020000400                ts_struct
 COMMON         0x0000000020000408       0x58 Core/Src/spi.o
                0x0000000020000408                hspi5
 COMMON         0x0000000020000460       0x40 Core/Src/stm32f4xx_hal_timebase_tim.o
                0x0000000020000460                htim6
 COMMON         0x00000000200004a0       0x40 Core/Src/usart.o
                0x00000000200004a0                huart1
 COMMON         0x00000000200004e0       0x54 Drivers/BSP/STM32F429I-Discovery/stm32f429i_discovery.o
                0x00000000200004e0                I2cHandle
 COMMON         0x0000000020000534       0xac Drivers/BSP/STM32F429I-Discovery/stm32f429i_discovery_lcd.o
                0x0000000020000534                LtdcHandler
                0x00000000200005dc                LcdDrv
 COMMON         0x00000000200005e0        0x4 Drivers/STM32F4xx_HAL_Driver/Src/stm32f4xx_hal.o
                0x00000000200005e0                uwTick
 COMMON         0x00000000200005e4       0x20 Drivers/STM32F4xx_HAL_Driver/Src/stm32f4xx_hal_flash.o
                0x00000000200005e4                pFlash
                0x0000000020000604                . = ALIGN (0x4)
                0x0000000020000604                _ebss = .
                0x0000000020000604                __bss_end__ = _ebss

._user_heap_stack
                0x0000000020000604      0x604 load address 0x000000000800c3cc
                0x0000000020000608                . = ALIGN (0x8)
 *fill*         0x0000000020000604        0x4 
                0x0000000020000608                PROVIDE (end = .)
                [!provide]                        PROVIDE (_end = .)
                0x0000000020000808                . = (. + _Min_Heap_Size)
 *fill*         0x0000000020000608      0x200 
                0x0000000020000c08                . = (. + _Min_Stack_Size)
 *fill*         0x0000000020000808      0x400 
                0x0000000020000c08                . = ALIGN (0x8)

/DISCARD/
 libc.a(*)
 libm.a(*)
 libgcc.a(*)

.ARM.attributes
                0x0000000000000000       0x30
 *(.ARM.attributes)
 .ARM.attributes
                0x0000000000000000       0x22 c:/st/stm32cubeide_1.3.0/stm32cubeide/plugins/com.st.stm32cube.ide.mcu.externaltools.gnu-tools-for-stm32.7-2018-q2-update.win32_1.0.0.201904181610/tools/bin/../lib/gcc/arm-none-eabi/7.3.1/thumb/v7e-m/fpv4-sp/hard/crti.o
 .ARM.attributes
                0x0000000000000022       0x34 c:/st/stm32cubeide_1.3.0/stm32cubeide/plugins/com.st.stm32cube.ide.mcu.externaltools.gnu-tools-for-stm32.7-2018-q2-update.win32_1.0.0.201904181610/tools/bin/../lib/gcc/arm-none-eabi/7.3.1/thumb/v7e-m/fpv4-sp/hard/crtbegin.o
 .ARM.attributes
                0x0000000000000056       0x39 Core/Src/chooseCanvaInterface.o
 .ARM.attributes
                0x000000000000008f       0x39 Core/Src/dma2d.o
 .ARM.attributes
                0x00000000000000c8       0x39 Core/Src/fmc.o
 .ARM.attributes
                0x0000000000000101       0x39 Core/Src/gpio.o
 .ARM.attributes
                0x000000000000013a       0x39 Core/Src/i2c.o
 .ARM.attributes
                0x0000000000000173       0x39 Core/Src/ltdc.o
 .ARM.attributes
                0x00000000000001ac       0x39 Core/Src/main.o
 .ARM.attributes
                0x00000000000001e5       0x39 Core/Src/paint.o
 .ARM.attributes
                0x000000000000021e       0x39 Core/Src/paintInterface.o
 .ARM.attributes
                0x0000000000000257       0x39 Core/Src/paintIntro.o
 .ARM.attributes
                0x0000000000000290       0x39 Core/Src/save.o
 .ARM.attributes
                0x00000000000002c9       0x39 Core/Src/spi.o
 .ARM.attributes
                0x0000000000000302       0x39 Core/Src/stm32f4xx_hal_msp.o
 .ARM.attributes
                0x000000000000033b       0x39 Core/Src/stm32f4xx_hal_timebase_tim.o
 .ARM.attributes
                0x0000000000000374       0x39 Core/Src/stm32f4xx_it.o
 .ARM.attributes
                0x00000000000003ad       0x39 Core/Src/system_stm32f4xx.o
 .ARM.attributes
                0x00000000000003e6       0x39 Core/Src/usart.o
 .ARM.attributes
                0x000000000000041f       0x21 Core/Startup/startup_stm32f429zitx.o
 .ARM.attributes
                0x0000000000000440       0x39 Drivers/BSP/Components/ili9341/ili9341.o
 .ARM.attributes
                0x0000000000000479       0x39 Drivers/BSP/Components/stmpe811/stmpe811.o
 .ARM.attributes
                0x00000000000004b2       0x39 Drivers/BSP/STM32F429I-Discovery/stm32f429i_discovery.o
 .ARM.attributes
                0x00000000000004eb       0x39 Drivers/BSP/STM32F429I-Discovery/stm32f429i_discovery_lcd.o
 .ARM.attributes
                0x0000000000000524       0x39 Drivers/BSP/STM32F429I-Discovery/stm32f429i_discovery_sdram.o
 .ARM.attributes
                0x000000000000055d       0x39 Drivers/BSP/STM32F429I-Discovery/stm32f429i_discovery_ts.o
 .ARM.attributes
                0x0000000000000596       0x39 Drivers/STM32F4xx_HAL_Driver/Src/stm32f4xx_hal.o
 .ARM.attributes
                0x00000000000005cf       0x39 Drivers/STM32F4xx_HAL_Driver/Src/stm32f4xx_hal_cortex.o
 .ARM.attributes
                0x0000000000000608       0x39 Drivers/STM32F4xx_HAL_Driver/Src/stm32f4xx_hal_dma.o
 .ARM.attributes
                0x0000000000000641       0x39 Drivers/STM32F4xx_HAL_Driver/Src/stm32f4xx_hal_dma2d.o
 .ARM.attributes
                0x000000000000067a       0x39 Drivers/STM32F4xx_HAL_Driver/Src/stm32f4xx_hal_flash.o
 .ARM.attributes
                0x00000000000006b3       0x39 Drivers/STM32F4xx_HAL_Driver/Src/stm32f4xx_hal_flash_ex.o
 .ARM.attributes
                0x00000000000006ec       0x39 Drivers/STM32F4xx_HAL_Driver/Src/stm32f4xx_hal_gpio.o
 .ARM.attributes
                0x0000000000000725       0x39 Drivers/STM32F4xx_HAL_Driver/Src/stm32f4xx_hal_i2c.o
 .ARM.attributes
                0x000000000000075e       0x39 Drivers/STM32F4xx_HAL_Driver/Src/stm32f4xx_hal_i2c_ex.o
 .ARM.attributes
                0x0000000000000797       0x39 Drivers/STM32F4xx_HAL_Driver/Src/stm32f4xx_hal_ltdc.o
 .ARM.attributes
                0x00000000000007d0       0x39 Drivers/STM32F4xx_HAL_Driver/Src/stm32f4xx_hal_pwr_ex.o
 .ARM.attributes
                0x0000000000000809       0x39 Drivers/STM32F4xx_HAL_Driver/Src/stm32f4xx_hal_rcc.o
 .ARM.attributes
                0x0000000000000842       0x39 Drivers/STM32F4xx_HAL_Driver/Src/stm32f4xx_hal_rcc_ex.o
 .ARM.attributes
                0x000000000000087b       0x39 Drivers/STM32F4xx_HAL_Driver/Src/stm32f4xx_hal_sdram.o
 .ARM.attributes
                0x00000000000008b4       0x39 Drivers/STM32F4xx_HAL_Driver/Src/stm32f4xx_hal_spi.o
 .ARM.attributes
                0x00000000000008ed       0x39 Drivers/STM32F4xx_HAL_Driver/Src/stm32f4xx_hal_tim.o
 .ARM.attributes
                0x0000000000000926       0x39 Drivers/STM32F4xx_HAL_Driver/Src/stm32f4xx_hal_tim_ex.o
 .ARM.attributes
                0x000000000000095f       0x39 Drivers/STM32F4xx_HAL_Driver/Src/stm32f4xx_hal_uart.o
 .ARM.attributes
                0x0000000000000998       0x39 Drivers/STM32F4xx_HAL_Driver/Src/stm32f4xx_ll_fmc.o
 .ARM.attributes
                0x00000000000009d1       0x34 c:/st/stm32cubeide_1.3.0/stm32cubeide/plugins/com.st.stm32cube.ide.mcu.externaltools.gnu-tools-for-stm32.7-2018-q2-update.win32_1.0.0.201904181610/tools/bin/../lib/gcc/arm-none-eabi/7.3.1/../../../../arm-none-eabi/lib/thumb/v7e-m/fpv4-sp/hard\libc_nano.a(lib_a-init.o)
 .ARM.attributes
                0x0000000000000a05       0x34 c:/st/stm32cubeide_1.3.0/stm32cubeide/plugins/com.st.stm32cube.ide.mcu.externaltools.gnu-tools-for-stm32.7-2018-q2-update.win32_1.0.0.201904181610/tools/bin/../lib/gcc/arm-none-eabi/7.3.1/../../../../arm-none-eabi/lib/thumb/v7e-m/fpv4-sp/hard\libc_nano.a(lib_a-memset.o)
 .ARM.attributes
                0x0000000000000a39       0x22 c:/st/stm32cubeide_1.3.0/stm32cubeide/plugins/com.st.stm32cube.ide.mcu.externaltools.gnu-tools-for-stm32.7-2018-q2-update.win32_1.0.0.201904181610/tools/bin/../lib/gcc/arm-none-eabi/7.3.1/thumb/v7e-m/fpv4-sp/hard\libgcc.a(_aeabi_uldivmod.o)
 .ARM.attributes
                0x0000000000000a5b       0x34 c:/st/stm32cubeide_1.3.0/stm32cubeide/plugins/com.st.stm32cube.ide.mcu.externaltools.gnu-tools-for-stm32.7-2018-q2-update.win32_1.0.0.201904181610/tools/bin/../lib/gcc/arm-none-eabi/7.3.1/thumb/v7e-m/fpv4-sp/hard\libgcc.a(_udivmoddi4.o)
 .ARM.attributes
                0x0000000000000a8f       0x22 c:/st/stm32cubeide_1.3.0/stm32cubeide/plugins/com.st.stm32cube.ide.mcu.externaltools.gnu-tools-for-stm32.7-2018-q2-update.win32_1.0.0.201904181610/tools/bin/../lib/gcc/arm-none-eabi/7.3.1/thumb/v7e-m/fpv4-sp/hard\libgcc.a(_dvmd_tls.o)
 .ARM.attributes
                0x0000000000000ab1       0x22 c:/st/stm32cubeide_1.3.0/stm32cubeide/plugins/com.st.stm32cube.ide.mcu.externaltools.gnu-tools-for-stm32.7-2018-q2-update.win32_1.0.0.201904181610/tools/bin/../lib/gcc/arm-none-eabi/7.3.1/thumb/v7e-m/fpv4-sp/hard/crtn.o
OUTPUT(EKAB.elf elf32-littlearm)

.debug_info     0x0000000000000000    0x205b3
 .debug_info    0x0000000000000000      0x72a Core/Src/chooseCanvaInterface.o
 .debug_info    0x000000000000072a      0x6db Core/Src/dma2d.o
 .debug_info    0x0000000000000e05      0x99d Core/Src/fmc.o
 .debug_info    0x00000000000017a2      0x424 Core/Src/gpio.o
 .debug_info    0x0000000000001bc6      0xa20 Core/Src/i2c.o
 .debug_info    0x00000000000025e6      0x93f Core/Src/ltdc.o
 .debug_info    0x0000000000002f25     0x1f54 Core/Src/main.o
 .debug_info    0x0000000000004e79      0x6b5 Core/Src/paint.o
 .debug_info    0x000000000000552e      0x8e0 Core/Src/paintInterface.o
 .debug_info    0x0000000000005e0e      0x3dd Core/Src/paintIntro.o
 .debug_info    0x00000000000061eb      0x2a0 Core/Src/save.o
 .debug_info    0x000000000000648b      0x9d1 Core/Src/spi.o
 .debug_info    0x0000000000006e5c      0x37c Core/Src/stm32f4xx_hal_msp.o
 .debug_info    0x00000000000071d8      0xb7d Core/Src/stm32f4xx_hal_timebase_tim.o
 .debug_info    0x0000000000007d55      0x6da Core/Src/stm32f4xx_it.o
 .debug_info    0x000000000000842f      0x56e Core/Src/system_stm32f4xx.o
 .debug_info    0x000000000000899d      0x964 Core/Src/usart.o
 .debug_info    0x0000000000009301       0x22 Core/Startup/startup_stm32f429zitx.o
 .debug_info    0x0000000000009323      0x344 Drivers/BSP/Components/ili9341/ili9341.o
 .debug_info    0x0000000000009667      0xb8e Drivers/BSP/Components/stmpe811/stmpe811.o
 .debug_info    0x000000000000a1f5     0x184b Drivers/BSP/STM32F429I-Discovery/stm32f429i_discovery.o
 .debug_info    0x000000000000ba40     0x219c Drivers/BSP/STM32F429I-Discovery/stm32f429i_discovery_lcd.o
 .debug_info    0x000000000000dbdc      0xebb Drivers/BSP/STM32F429I-Discovery/stm32f429i_discovery_sdram.o
 .debug_info    0x000000000000ea97      0x5dc Drivers/BSP/STM32F429I-Discovery/stm32f429i_discovery_ts.o
 .debug_info    0x000000000000f073      0x9b9 Drivers/STM32F4xx_HAL_Driver/Src/stm32f4xx_hal.o
 .debug_info    0x000000000000fa2c      0xe5e Drivers/STM32F4xx_HAL_Driver/Src/stm32f4xx_hal_cortex.o
 .debug_info    0x000000000001088a      0x968 Drivers/STM32F4xx_HAL_Driver/Src/stm32f4xx_hal_dma.o
 .debug_info    0x00000000000111f2      0xf72 Drivers/STM32F4xx_HAL_Driver/Src/stm32f4xx_hal_dma2d.o
 .debug_info    0x0000000000012164      0x622 Drivers/STM32F4xx_HAL_Driver/Src/stm32f4xx_hal_flash.o
 .debug_info    0x0000000000012786      0x92f Drivers/STM32F4xx_HAL_Driver/Src/stm32f4xx_hal_flash_ex.o
 .debug_info    0x00000000000130b5      0x7cf Drivers/STM32F4xx_HAL_Driver/Src/stm32f4xx_hal_gpio.o
 .debug_info    0x0000000000013884     0x23c2 Drivers/STM32F4xx_HAL_Driver/Src/stm32f4xx_hal_i2c.o
 .debug_info    0x0000000000015c46      0x71d Drivers/STM32F4xx_HAL_Driver/Src/stm32f4xx_hal_i2c_ex.o
 .debug_info    0x0000000000016363     0x1104 Drivers/STM32F4xx_HAL_Driver/Src/stm32f4xx_hal_ltdc.o
 .debug_info    0x0000000000017467      0x747 Drivers/STM32F4xx_HAL_Driver/Src/stm32f4xx_hal_pwr_ex.o
 .debug_info    0x0000000000017bae      0x91e Drivers/STM32F4xx_HAL_Driver/Src/stm32f4xx_hal_rcc.o
 .debug_info    0x00000000000184cc      0x6bc Drivers/STM32F4xx_HAL_Driver/Src/stm32f4xx_hal_rcc_ex.o
 .debug_info    0x0000000000018b88      0xc9a Drivers/STM32F4xx_HAL_Driver/Src/stm32f4xx_hal_sdram.o
 .debug_info    0x0000000000019822     0x163a Drivers/STM32F4xx_HAL_Driver/Src/stm32f4xx_hal_spi.o
 .debug_info    0x000000000001ae5c     0x24a9 Drivers/STM32F4xx_HAL_Driver/Src/stm32f4xx_hal_tim.o
 .debug_info    0x000000000001d305     0x1157 Drivers/STM32F4xx_HAL_Driver/Src/stm32f4xx_hal_tim_ex.o
 .debug_info    0x000000000001e45c     0x124c Drivers/STM32F4xx_HAL_Driver/Src/stm32f4xx_hal_uart.o
 .debug_info    0x000000000001f6a8      0xf0b Drivers/STM32F4xx_HAL_Driver/Src/stm32f4xx_ll_fmc.o

.debug_abbrev   0x0000000000000000     0x4b7f
 .debug_abbrev  0x0000000000000000      0x12d Core/Src/chooseCanvaInterface.o
 .debug_abbrev  0x000000000000012d      0x194 Core/Src/dma2d.o
 .debug_abbrev  0x00000000000002c1      0x1e5 Core/Src/fmc.o
 .debug_abbrev  0x00000000000004a6      0x109 Core/Src/gpio.o
 .debug_abbrev  0x00000000000005af      0x199 Core/Src/i2c.o
 .debug_abbrev  0x0000000000000748      0x173 Core/Src/ltdc.o
 .debug_abbrev  0x00000000000008bb      0x1ff Core/Src/main.o
 .debug_abbrev  0x0000000000000aba      0x12d Core/Src/paint.o
 .debug_abbrev  0x0000000000000be7      0x1bc Core/Src/paintInterface.o
 .debug_abbrev  0x0000000000000da3      0x136 Core/Src/paintIntro.o
 .debug_abbrev  0x0000000000000ed9      0x12e Core/Src/save.o
 .debug_abbrev  0x0000000000001007      0x199 Core/Src/spi.o
 .debug_abbrev  0x00000000000011a0      0x109 Core/Src/stm32f4xx_hal_msp.o
 .debug_abbrev  0x00000000000012a9      0x19d Core/Src/stm32f4xx_hal_timebase_tim.o
 .debug_abbrev  0x0000000000001446      0x15a Core/Src/stm32f4xx_it.o
 .debug_abbrev  0x00000000000015a0      0x12b Core/Src/system_stm32f4xx.o
 .debug_abbrev  0x00000000000016cb      0x199 Core/Src/usart.o
 .debug_abbrev  0x0000000000001864       0x12 Core/Startup/startup_stm32f429zitx.o
 .debug_abbrev  0x0000000000001876      0x151 Drivers/BSP/Components/ili9341/ili9341.o
 .debug_abbrev  0x00000000000019c7      0x1dc Drivers/BSP/Components/stmpe811/stmpe811.o
 .debug_abbrev  0x0000000000001ba3      0x27a Drivers/BSP/STM32F429I-Discovery/stm32f429i_discovery.o
 .debug_abbrev  0x0000000000001e1d      0x2c2 Drivers/BSP/STM32F429I-Discovery/stm32f429i_discovery_lcd.o
 .debug_abbrev  0x00000000000020df      0x21f Drivers/BSP/STM32F429I-Discovery/stm32f429i_discovery_sdram.o
 .debug_abbrev  0x00000000000022fe      0x178 Drivers/BSP/STM32F429I-Discovery/stm32f429i_discovery_ts.o
 .debug_abbrev  0x0000000000002476      0x1c7 Drivers/STM32F4xx_HAL_Driver/Src/stm32f4xx_hal.o
 .debug_abbrev  0x000000000000263d      0x2fa Drivers/STM32F4xx_HAL_Driver/Src/stm32f4xx_hal_cortex.o
 .debug_abbrev  0x0000000000002937      0x229 Drivers/STM32F4xx_HAL_Driver/Src/stm32f4xx_hal_dma.o
 .debug_abbrev  0x0000000000002b60      0x211 Drivers/STM32F4xx_HAL_Driver/Src/stm32f4xx_hal_dma2d.o
 .debug_abbrev  0x0000000000002d71      0x248 Drivers/STM32F4xx_HAL_Driver/Src/stm32f4xx_hal_flash.o
 .debug_abbrev  0x0000000000002fb9      0x270 Drivers/STM32F4xx_HAL_Driver/Src/stm32f4xx_hal_flash_ex.o
 .debug_abbrev  0x0000000000003229      0x1c9 Drivers/STM32F4xx_HAL_Driver/Src/stm32f4xx_hal_gpio.o
 .debug_abbrev  0x00000000000033f2      0x254 Drivers/STM32F4xx_HAL_Driver/Src/stm32f4xx_hal_i2c.o
 .debug_abbrev  0x0000000000003646      0x16d Drivers/STM32F4xx_HAL_Driver/Src/stm32f4xx_hal_i2c_ex.o
 .debug_abbrev  0x00000000000037b3      0x209 Drivers/STM32F4xx_HAL_Driver/Src/stm32f4xx_hal_ltdc.o
 .debug_abbrev  0x00000000000039bc      0x1b8 Drivers/STM32F4xx_HAL_Driver/Src/stm32f4xx_hal_pwr_ex.o
 .debug_abbrev  0x0000000000003b74      0x245 Drivers/STM32F4xx_HAL_Driver/Src/stm32f4xx_hal_rcc.o
 .debug_abbrev  0x0000000000003db9      0x173 Drivers/STM32F4xx_HAL_Driver/Src/stm32f4xx_hal_rcc_ex.o
 .debug_abbrev  0x0000000000003f2c      0x1f7 Drivers/STM32F4xx_HAL_Driver/Src/stm32f4xx_hal_sdram.o
 .debug_abbrev  0x0000000000004123      0x240 Drivers/STM32F4xx_HAL_Driver/Src/stm32f4xx_hal_spi.o
 .debug_abbrev  0x0000000000004363      0x230 Drivers/STM32F4xx_HAL_Driver/Src/stm32f4xx_hal_tim.o
 .debug_abbrev  0x0000000000004593      0x21e Drivers/STM32F4xx_HAL_Driver/Src/stm32f4xx_hal_tim_ex.o
 .debug_abbrev  0x00000000000047b1      0x242 Drivers/STM32F4xx_HAL_Driver/Src/stm32f4xx_hal_uart.o
 .debug_abbrev  0x00000000000049f3      0x18c Drivers/STM32F4xx_HAL_Driver/Src/stm32f4xx_ll_fmc.o

.debug_aranges  0x0000000000000000     0x1de8
 .debug_aranges
                0x0000000000000000       0x38 Core/Src/chooseCanvaInterface.o
 .debug_aranges
                0x0000000000000038       0x30 Core/Src/dma2d.o
 .debug_aranges
                0x0000000000000068       0x40 Core/Src/fmc.o
 .debug_aranges
                0x00000000000000a8       0x20 Core/Src/gpio.o
 .debug_aranges
                0x00000000000000c8       0x30 Core/Src/i2c.o
 .debug_aranges
                0x00000000000000f8       0x30 Core/Src/ltdc.o
 .debug_aranges
                0x0000000000000128       0x38 Core/Src/main.o
 .debug_aranges
                0x0000000000000160       0x20 Core/Src/paint.o
 .debug_aranges
                0x0000000000000180       0x58 Core/Src/paintInterface.o
 .debug_aranges
                0x00000000000001d8       0x28 Core/Src/paintIntro.o
 .debug_aranges
                0x0000000000000200       0x38 Core/Src/save.o
 .debug_aranges
                0x0000000000000238       0x30 Core/Src/spi.o
 .debug_aranges
                0x0000000000000268       0x20 Core/Src/stm32f4xx_hal_msp.o
 .debug_aranges
                0x0000000000000288       0x30 Core/Src/stm32f4xx_hal_timebase_tim.o
 .debug_aranges
                0x00000000000002b8       0x60 Core/Src/stm32f4xx_it.o
 .debug_aranges
                0x0000000000000318       0x28 Core/Src/system_stm32f4xx.o
 .debug_aranges
                0x0000000000000340       0x30 Core/Src/usart.o
 .debug_aranges
                0x0000000000000370       0x28 Core/Startup/startup_stm32f429zitx.o
 .debug_aranges
                0x0000000000000398       0x60 Drivers/BSP/Components/ili9341/ili9341.o
 .debug_aranges
                0x00000000000003f8      0x128 Drivers/BSP/Components/stmpe811/stmpe811.o
 .debug_aranges
                0x0000000000000520      0x138 Drivers/BSP/STM32F429I-Discovery/stm32f429i_discovery.o
 .debug_aranges
                0x0000000000000658      0x1a8 Drivers/BSP/STM32F429I-Discovery/stm32f429i_discovery_lcd.o
 .debug_aranges
                0x0000000000000800       0x68 Drivers/BSP/STM32F429I-Discovery/stm32f429i_discovery_sdram.o
 .debug_aranges
                0x0000000000000868       0x40 Drivers/BSP/STM32F429I-Discovery/stm32f429i_discovery_ts.o
 .debug_aranges
                0x00000000000008a8      0x100 Drivers/STM32F4xx_HAL_Driver/Src/stm32f4xx_hal.o
 .debug_aranges
                0x00000000000009a8      0x118 Drivers/STM32F4xx_HAL_Driver/Src/stm32f4xx_hal_cortex.o
 .debug_aranges
                0x0000000000000ac0       0x90 Drivers/STM32F4xx_HAL_Driver/Src/stm32f4xx_hal_dma.o
 .debug_aranges
                0x0000000000000b50      0x118 Drivers/STM32F4xx_HAL_Driver/Src/stm32f4xx_hal_dma2d.o
 .debug_aranges
                0x0000000000000c68       0xa0 Drivers/STM32F4xx_HAL_Driver/Src/stm32f4xx_hal_flash.o
 .debug_aranges
                0x0000000000000d08       0xd8 Drivers/STM32F4xx_HAL_Driver/Src/stm32f4xx_hal_flash_ex.o
 .debug_aranges
                0x0000000000000de0       0x58 Drivers/STM32F4xx_HAL_Driver/Src/stm32f4xx_hal_gpio.o
 .debug_aranges
                0x0000000000000e38      0x298 Drivers/STM32F4xx_HAL_Driver/Src/stm32f4xx_hal_i2c.o
 .debug_aranges
                0x00000000000010d0       0x28 Drivers/STM32F4xx_HAL_Driver/Src/stm32f4xx_hal_i2c_ex.o
 .debug_aranges
                0x00000000000010f8      0x158 Drivers/STM32F4xx_HAL_Driver/Src/stm32f4xx_hal_ltdc.o
 .debug_aranges
                0x0000000000001250       0x60 Drivers/STM32F4xx_HAL_Driver/Src/stm32f4xx_hal_pwr_ex.o
 .debug_aranges
                0x00000000000012b0       0x88 Drivers/STM32F4xx_HAL_Driver/Src/stm32f4xx_hal_rcc.o
 .debug_aranges
                0x0000000000001338       0x58 Drivers/STM32F4xx_HAL_Driver/Src/stm32f4xx_hal_rcc_ex.o
 .debug_aranges
                0x0000000000001390       0xd0 Drivers/STM32F4xx_HAL_Driver/Src/stm32f4xx_hal_sdram.o
 .debug_aranges
                0x0000000000001460      0x1d0 Drivers/STM32F4xx_HAL_Driver/Src/stm32f4xx_hal_spi.o
 .debug_aranges
                0x0000000000001630      0x3a8 Drivers/STM32F4xx_HAL_Driver/Src/stm32f4xx_hal_tim.o
 .debug_aranges
                0x00000000000019d8      0x150 Drivers/STM32F4xx_HAL_Driver/Src/stm32f4xx_hal_tim_ex.o
 .debug_aranges
                0x0000000000001b28      0x1d0 Drivers/STM32F4xx_HAL_Driver/Src/stm32f4xx_hal_uart.o
 .debug_aranges
                0x0000000000001cf8       0xf0 Drivers/STM32F4xx_HAL_Driver/Src/stm32f4xx_ll_fmc.o

.debug_ranges   0x0000000000000000     0x1b60
 .debug_ranges  0x0000000000000000       0x28 Core/Src/chooseCanvaInterface.o
 .debug_ranges  0x0000000000000028       0x20 Core/Src/dma2d.o
 .debug_ranges  0x0000000000000048       0x30 Core/Src/fmc.o
 .debug_ranges  0x0000000000000078       0x10 Core/Src/gpio.o
 .debug_ranges  0x0000000000000088       0x20 Core/Src/i2c.o
 .debug_ranges  0x00000000000000a8       0x20 Core/Src/ltdc.o
 .debug_ranges  0x00000000000000c8       0x28 Core/Src/main.o
 .debug_ranges  0x00000000000000f0       0x10 Core/Src/paint.o
 .debug_ranges  0x0000000000000100       0x48 Core/Src/paintInterface.o
 .debug_ranges  0x0000000000000148       0x18 Core/Src/paintIntro.o
 .debug_ranges  0x0000000000000160       0x28 Core/Src/save.o
 .debug_ranges  0x0000000000000188       0x20 Core/Src/spi.o
 .debug_ranges  0x00000000000001a8       0x10 Core/Src/stm32f4xx_hal_msp.o
 .debug_ranges  0x00000000000001b8       0x20 Core/Src/stm32f4xx_hal_timebase_tim.o
 .debug_ranges  0x00000000000001d8       0x50 Core/Src/stm32f4xx_it.o
 .debug_ranges  0x0000000000000228       0x18 Core/Src/system_stm32f4xx.o
 .debug_ranges  0x0000000000000240       0x20 Core/Src/usart.o
 .debug_ranges  0x0000000000000260       0x20 Core/Startup/startup_stm32f429zitx.o
 .debug_ranges  0x0000000000000280       0x50 Drivers/BSP/Components/ili9341/ili9341.o
 .debug_ranges  0x00000000000002d0      0x118 Drivers/BSP/Components/stmpe811/stmpe811.o
 .debug_ranges  0x00000000000003e8      0x128 Drivers/BSP/STM32F429I-Discovery/stm32f429i_discovery.o
 .debug_ranges  0x0000000000000510      0x198 Drivers/BSP/STM32F429I-Discovery/stm32f429i_discovery_lcd.o
 .debug_ranges  0x00000000000006a8       0x58 Drivers/BSP/STM32F429I-Discovery/stm32f429i_discovery_sdram.o
 .debug_ranges  0x0000000000000700       0x30 Drivers/BSP/STM32F429I-Discovery/stm32f429i_discovery_ts.o
 .debug_ranges  0x0000000000000730       0xf0 Drivers/STM32F4xx_HAL_Driver/Src/stm32f4xx_hal.o
 .debug_ranges  0x0000000000000820      0x108 Drivers/STM32F4xx_HAL_Driver/Src/stm32f4xx_hal_cortex.o
 .debug_ranges  0x0000000000000928       0x80 Drivers/STM32F4xx_HAL_Driver/Src/stm32f4xx_hal_dma.o
 .debug_ranges  0x00000000000009a8      0x108 Drivers/STM32F4xx_HAL_Driver/Src/stm32f4xx_hal_dma2d.o
 .debug_ranges  0x0000000000000ab0       0x90 Drivers/STM32F4xx_HAL_Driver/Src/stm32f4xx_hal_flash.o
 .debug_ranges  0x0000000000000b40       0xc8 Drivers/STM32F4xx_HAL_Driver/Src/stm32f4xx_hal_flash_ex.o
 .debug_ranges  0x0000000000000c08       0x48 Drivers/STM32F4xx_HAL_Driver/Src/stm32f4xx_hal_gpio.o
 .debug_ranges  0x0000000000000c50      0x2a8 Drivers/STM32F4xx_HAL_Driver/Src/stm32f4xx_hal_i2c.o
 .debug_ranges  0x0000000000000ef8       0x18 Drivers/STM32F4xx_HAL_Driver/Src/stm32f4xx_hal_i2c_ex.o
 .debug_ranges  0x0000000000000f10      0x148 Drivers/STM32F4xx_HAL_Driver/Src/stm32f4xx_hal_ltdc.o
 .debug_ranges  0x0000000000001058       0x50 Drivers/STM32F4xx_HAL_Driver/Src/stm32f4xx_hal_pwr_ex.o
 .debug_ranges  0x00000000000010a8       0x78 Drivers/STM32F4xx_HAL_Driver/Src/stm32f4xx_hal_rcc.o
 .debug_ranges  0x0000000000001120       0x48 Drivers/STM32F4xx_HAL_Driver/Src/stm32f4xx_hal_rcc_ex.o
 .debug_ranges  0x0000000000001168       0xc0 Drivers/STM32F4xx_HAL_Driver/Src/stm32f4xx_hal_sdram.o
 .debug_ranges  0x0000000000001228      0x1c0 Drivers/STM32F4xx_HAL_Driver/Src/stm32f4xx_hal_spi.o
 .debug_ranges  0x00000000000013e8      0x398 Drivers/STM32F4xx_HAL_Driver/Src/stm32f4xx_hal_tim.o
 .debug_ranges  0x0000000000001780      0x140 Drivers/STM32F4xx_HAL_Driver/Src/stm32f4xx_hal_tim_ex.o
 .debug_ranges  0x00000000000018c0      0x1c0 Drivers/STM32F4xx_HAL_Driver/Src/stm32f4xx_hal_uart.o
 .debug_ranges  0x0000000000001a80       0xe0 Drivers/STM32F4xx_HAL_Driver/Src/stm32f4xx_ll_fmc.o

.debug_macro    0x0000000000000000    0x28991
 .debug_macro   0x0000000000000000      0x2c3 Core/Src/chooseCanvaInterface.o
 .debug_macro   0x00000000000002c3      0xa5a Core/Src/chooseCanvaInterface.o
 .debug_macro   0x0000000000000d1d      0x1a8 Core/Src/chooseCanvaInterface.o
 .debug_macro   0x0000000000000ec5       0x2e Core/Src/chooseCanvaInterface.o
 .debug_macro   0x0000000000000ef3       0x28 Core/Src/chooseCanvaInterface.o
 .debug_macro   0x0000000000000f1b       0x22 Core/Src/chooseCanvaInterface.o
 .debug_macro   0x0000000000000f3d       0x8e Core/Src/chooseCanvaInterface.o
 .debug_macro   0x0000000000000fcb       0x51 Core/Src/chooseCanvaInterface.o